Component: ARM Compiler 5.05 update 1 (build 106) Tool: armlink [4d0efa]

==============================================================================

Section Cross References

    main.o(i.advertising_init) refers to rt_memclr.o(.text) for __aeabi_memclr4
    main.o(i.advertising_init) refers to ble_advdata.o(i.ble_advdata_set) for ble_advdata_set
    main.o(i.advertising_init) refers to main.o(i.app_error_handler) for app_error_handler
    main.o(i.advertising_init) refers to main.o(.constdata) for .constdata
    main.o(i.advertising_init) refers to main.o(.bss) for m_adv_params
    main.o(i.advertising_start) refers to main.o(i.app_error_handler) for app_error_handler
    main.o(i.advertising_start) refers to main.o(.bss) for m_adv_params
    main.o(i.assert_nrf_callback) refers to main.o(i.app_error_handler) for app_error_handler
    main.o(i.ble_evt_dispatch) refers to device_manager_peripheral.o(i.dm_ble_evt_handler) for dm_ble_evt_handler
    main.o(i.ble_evt_dispatch) refers to ble_conn_params.o(i.ble_conn_params_on_ble_evt) for ble_conn_params_on_ble_evt
    main.o(i.ble_evt_dispatch) refers to main.o(i.on_ble_evt) for on_ble_evt
    main.o(i.ble_stack_init) refers to softdevice_handler.o(i.softdevice_handler_init) for softdevice_handler_init
    main.o(i.ble_stack_init) refers to main.o(i.app_error_handler) for app_error_handler
    main.o(i.ble_stack_init) refers to softdevice_handler.o(i.softdevice_ble_evt_handler_set) for softdevice_ble_evt_handler_set
    main.o(i.ble_stack_init) refers to softdevice_handler.o(i.softdevice_sys_evt_handler_set) for softdevice_sys_evt_handler_set
    main.o(i.ble_stack_init) refers to main.o(.bss) for EVT_BUFFER
    main.o(i.ble_stack_init) refers to main.o(i.ble_evt_dispatch) for ble_evt_dispatch
    main.o(i.ble_stack_init) refers to main.o(i.sys_evt_dispatch) for sys_evt_dispatch
    main.o(i.conn_params_init) refers to rt_memclr.o(.text) for __aeabi_memclr4
    main.o(i.conn_params_init) refers to ble_conn_params.o(i.ble_conn_params_init) for ble_conn_params_init
    main.o(i.conn_params_init) refers to main.o(i.app_error_handler) for app_error_handler
    main.o(i.conn_params_init) refers to main.o(.bss) for m_ble_nunchuck
    main.o(i.device_manager_evt_handler) refers to main.o(i.app_error_handler) for app_error_handler
    main.o(i.device_manager_init) refers to pstorage.o(i.pstorage_init) for pstorage_init
    main.o(i.device_manager_init) refers to main.o(i.app_error_handler) for app_error_handler
    main.o(i.device_manager_init) refers to device_manager_peripheral.o(i.dm_init) for dm_init
    main.o(i.device_manager_init) refers to rt_memclr.o(.text) for __aeabi_memclr
    main.o(i.device_manager_init) refers to device_manager_peripheral.o(i.dm_register) for dm_register
    main.o(i.device_manager_init) refers to main.o(i.device_manager_evt_handler) for device_manager_evt_handler
    main.o(i.device_manager_init) refers to main.o(.data) for m_app_handle
    main.o(i.gap_params_init) refers to main.o(i.app_error_handler) for app_error_handler
    main.o(i.initLEDS) refers to main.o(i.nrf_gpio_cfg_output) for nrf_gpio_cfg_output
    main.o(i.initLEDS) refers to main.o(i.nrf_gpio_pin_clear) for nrf_gpio_pin_clear
    main.o(i.main) refers to nunchuck.o(i.initNunchuck) for initNunchuck
    main.o(i.main) refers to main.o(i.timers_init) for timers_init
    main.o(i.main) refers to main.o(i.ble_stack_init) for ble_stack_init
    main.o(i.main) refers to main.o(i.device_manager_init) for device_manager_init
    main.o(i.main) refers to main.o(i.gap_params_init) for gap_params_init
    main.o(i.main) refers to main.o(i.services_init) for services_init
    main.o(i.main) refers to main.o(i.advertising_init) for advertising_init
    main.o(i.main) refers to main.o(i.conn_params_init) for conn_params_init
    main.o(i.main) refers to main.o(i.advertising_start) for advertising_start
    main.o(i.main) refers to nunchuck.o(i.readNunchuckData) for readNunchuckData
    main.o(i.main) refers to nunchuck.o(i.ble_nunchuck_send) for ble_nunchuck_send
    main.o(i.main) refers to main.o(.bss) for m_ble_nunchuck
    main.o(i.on_ble_evt) refers to main.o(i.app_error_handler) for app_error_handler
    main.o(i.on_ble_evt) refers to main.o(.bss) for m_ble_nunchuck
    main.o(i.on_sys_evt) refers to main.o(.data) for m_memory_access_in_progress
    main.o(i.services_init) refers to nunchuck.o(i.ble_nunchuck_init) for ble_nunchuck_init
    main.o(i.services_init) refers to main.o(i.app_error_handler) for app_error_handler
    main.o(i.services_init) refers to main.o(.bss) for m_ble_nunchuck
    main.o(i.setLED) refers to main.o(i.nrf_gpio_pin_clear) for nrf_gpio_pin_clear
    main.o(i.sys_evt_dispatch) refers to pstorage.o(i.pstorage_sys_event_handler) for pstorage_sys_event_handler
    main.o(i.sys_evt_dispatch) refers to main.o(i.on_sys_evt) for on_sys_evt
    main.o(i.timers_init) refers to app_timer.o(i.app_timer_init) for app_timer_init
[...]
    ../clib/signal.c                         0x00000000   Number         0  defsig_rtmem_outer.o ABSOLUTE
    ../clib/signal.c                         0x00000000   Number         0  defsig_abrt_inner.o ABSOLUTE
    ../clib/signal.c                         0x00000000   Number         0  defsig_pvfn_inner.o ABSOLUTE
    ../clib/signal.c                         0x00000000   Number         0  defsig_stak_inner.o ABSOLUTE
    ../clib/signal.s                         0x00000000   Number         0  defsig.o ABSOLUTE
    ../clib/stdlib.c                         0x00000000   Number         0  exit.o ABSOLUTE
    ../clib/string.c                         0x00000000   Number         0  strncpy.o ABSOLUTE
    ../clib/string.c                         0x00000000   Number         0  strlen.o ABSOLUTE
    ../clib/string.c                         0x00000000   Number         0  memcmp.o ABSOLUTE
    ../fplib/cfplib/fpinit.c                 0x00000000   Number         0  fpinit.o ABSOLUTE
    C:\Keil_v5\ARM\Device\Nordic\nrf51822\Source\app_common\app_button.c 0x00000000   Number         0  app_button.o ABSOLUTE
    C:\Keil_v5\ARM\Device\Nordic\nrf51822\Source\app_common\app_gpiote.c 0x00000000   Number         0  app_gpiote.o ABSOLUTE
    C:\Keil_v5\ARM\Device\Nordic\nrf51822\Source\app_common\app_timer.c 0x00000000   Number         0  app_timer.o ABSOLUTE
    C:\Keil_v5\ARM\Device\Nordic\nrf51822\Source\app_common\app_trace.c 0x00000000   Number         0  app_trace.o ABSOLUTE
    C:\Keil_v5\ARM\Device\Nordic\nrf51822\Source\app_common\pstorage.c 0x00000000   Number         0  pstorage.o ABSOLUTE
    C:\Keil_v5\ARM\Device\Nordic\nrf51822\Source\ble\ble_advdata.c 0x00000000   Number         0  ble_advdata.o ABSOLUTE
    C:\Keil_v5\ARM\Device\Nordic\nrf51822\Source\ble\ble_advdata_parser.c 0x00000000   Number         0  ble_advdata_parser.o ABSOLUTE
    C:\Keil_v5\ARM\Device\Nordic\nrf51822\Source\ble\ble_conn_params.c 0x00000000   Number         0  ble_conn_params.o ABSOLUTE
    C:\Keil_v5\ARM\Device\Nordic\nrf51822\Source\ble\ble_db_discovery.c 0x00000000   Number         0  ble_db_discovery.o ABSOLUTE
    C:\Keil_v5\ARM\Device\Nordic\nrf51822\Source\ble\ble_error_log.c 0x00000000   Number         0  ble_error_log.o ABSOLUTE
    C:\Keil_v5\ARM\Device\Nordic\nrf51822\Source\ble\ble_services\ble_srv_common.c 0x00000000   Number         0  ble_srv_common.o ABSOLUTE
    C:\Keil_v5\ARM\Device\Nordic\nrf51822\Source\ble\device_manager\device_manager_peripheral.c 0x00000000   Number         0  device_manager_peripheral.o ABSOLUTE
    C:\Keil_v5\ARM\Device\Nordic\nrf51822\Source\sd_common\softdevice_handler.c 0x00000000   Number         0  softdevice_handler.o ABSOLUTE
    C:\Keil_v5\ARM\Device\Nordic\nrf51822\Source\simple_uart\simple_uart.c 0x00000000   Number         0  simple_uart.o ABSOLUTE
    C:\Keil_v5\ARM\Device\Nordic\nrf51822\Source\twi_master\twi_sw_master.c 0x00000000   Number         0  twi_sw_master.o ABSOLUTE
    C:\\Keil_v5\\ARM\\Device\\Nordic\\nrf51822\\Source\\app_common\\app_button.c 0x00000000   Number         0  app_button.o ABSOLUTE
    C:\\Keil_v5\\ARM\\Device\\Nordic\\nrf51822\\Source\\app_common\\app_gpiote.c 0x00000000   Number         0  app_gpiote.o ABSOLUTE
    C:\\Keil_v5\\ARM\\Device\\Nordic\\nrf51822\\Source\\app_common\\app_timer.c 0x00000000   Number         0  app_timer.o ABSOLUTE
    C:\\Keil_v5\\ARM\\Device\\Nordic\\nrf51822\\Source\\app_common\\app_trace.c 0x00000000   Number         0  app_trace.o ABSOLUTE
    C:\\Keil_v5\\ARM\\Device\\Nordic\\nrf51822\\Source\\app_common\\pstorage.c 0x00000000   Number         0  pstorage.o ABSOLUTE
    C:\\Keil_v5\\ARM\\Device\\Nordic\\nrf51822\\Source\\ble\\ble_error_log.c 0x00000000   Number         0  ble_error_log.o ABSOLUTE
    C:\\Keil_v5\\ARM\\Device\\Nordic\\nrf51822\\Source\\sd_common\\softdevice_handler.c 0x00000000   Number         0  softdevice_handler.o ABSOLUTE
    C:\\Keil_v5\\ARM\\Device\\Nordic\\nrf51822\\Source\\simple_uart\\simple_uart.c 0x00000000   Number         0  simple_uart.o ABSOLUTE
    C:\\Keil_v5\\ARM\\Device\\Nordic\\nrf51822\\Source\\twi_master\\twi_sw_master.c 0x00000000   Number         0  twi_sw_master.o ABSOLUTE
    RTE\Device\nRF51822_xxAA\arm_startup_nrf51.s 0x00000000   Number         0  arm_startup_nrf51.o ABSOLUTE
    RTE\Device\nRF51822_xxAA\system_nrf51.c  0x00000000   Number         0  system_nrf51.o ABSOLUTE
    RTE\\Device\\nRF51822_xxAA\\system_nrf51.c 0x00000000   Number         0  system_nrf51.o ABSOLUTE
    dc.s                                     0x00000000   Number         0  dc.o ABSOLUTE
    src\\main.c                              0x00000000   Number         0  main.o ABSOLUTE
    src\\nunchuck.c                          0x00000000   Number         0  nunchuck.o ABSOLUTE
    src\main.c                               0x00000000   Number         0  main.o ABSOLUTE
    src\nunchuck.c                           0x00000000   Number         0  nunchuck.o ABSOLUTE
    RESET                                    0x00016000   Section      192  arm_startup_nrf51.o(RESET)
    !!!main                                  0x000160c0   Section        8  __main.o(!!!main)
    !!!scatter                               0x000160c8   Section       60  __scatter.o(!!!scatter)
    !!handler_copy                           0x00016104   Section       26  __scatter_copy.o(!!handler_copy)
    !!handler_zi                             0x00016120   Section       28  __scatter_zi.o(!!handler_zi)
    .ARM.Collect$$libinit$$00000000          0x0001613c   Section        2  libinit.o(.ARM.Collect$$libinit$$00000000)
    .ARM.Collect$$libinit$$00000002          0x0001613e   Section        0  libinit2.o(.ARM.Collect$$libinit$$00000002)
    .ARM.Collect$$libinit$$00000004          0x0001613e   Section        0  libinit2.o(.ARM.Collect$$libinit$$00000004)
    .ARM.Collect$$libinit$$0000000A          0x0001613e   Section        0  libinit2.o(.ARM.Collect$$libinit$$0000000A)
    .ARM.Collect$$libinit$$0000000C          0x0001613e   Section        0  libinit2.o(.ARM.Collect$$libinit$$0000000C)
    .ARM.Collect$$libinit$$0000000E          0x0001613e   Section        0  libinit2.o(.ARM.Collect$$libinit$$0000000E)
    .ARM.Collect$$libinit$$00000011          0x0001613e   Section        0  libinit2.o(.ARM.Collect$$libinit$$00000011)
    .ARM.Collect$$libinit$$00000013          0x0001613e   Section        0  libinit2.o(.ARM.Collect$$libinit$$00000013)
    .ARM.Collect$$libinit$$00000015          0x0001613e   Section        0  libinit2.o(.ARM.Collect$$libinit$$00000015)
    .ARM.Collect$$libinit$$00000017          0x0001613e   Section        0  libinit2.o(.ARM.Collect$$libinit$$00000017)
    .ARM.Collect$$libinit$$00000019          0x0001613e   Section        0  libinit2.o(.ARM.Collect$$libinit$$00000019)
    .ARM.Collect$$libinit$$0000001B          0x0001613e   Section        0  libinit2.o(.ARM.Collect$$libinit$$0000001B)
    .ARM.Collect$$libinit$$0000001D          0x0001613e   Section        0  libinit2.o(.ARM.Collect$$libinit$$0000001D)
    .ARM.Collect$$libinit$$0000001F          0x0001613e   Section        0  libinit2.o(.ARM.Collect$$libinit$$0000001F)
    .ARM.Collect$$libinit$$00000021          0x0001613e   Section        0  libinit2.o(.ARM.Collect$$libinit$$00000021)
    .ARM.Collect$$libinit$$00000023          0x0001613e   Section        0  libinit2.o(.ARM.Collect$$libinit$$00000023)
    .ARM.Collect$$libinit$$00000025          0x0001613e   Section        0  libinit2.o(.ARM.Collect$$libinit$$00000025)
    .ARM.Collect$$libinit$$0000002C          0x0001613e   Section        0  libinit2.o(.ARM.Collect$$libinit$$0000002C)
    .ARM.Collect$$libinit$$0000002E          0x0001613e   Section        0  libinit2.o(.ARM.Collect$$libinit$$0000002E)
    .ARM.Collect$$libinit$$00000030          0x0001613e   Section        0  libinit2.o(.ARM.Collect$$libinit$$00000030)
    .ARM.Collect$$libinit$$00000032          0x0001613e   Section        0  libinit2.o(.ARM.Collect$$libinit$$00000032)
    .ARM.Collect$$libinit$$00000033          0x0001613e   Section        2  libinit2.o(.ARM.Collect$$libinit$$00000033)
    .ARM.Collect$$libshutdown$$00000000      0x00016140   Section        2  libshutdown.o(.ARM.Collect$$libshutdown$$00000000)
    .ARM.Collect$$libshutdown$$00000003      0x00016142   Section        0  libshutdown2.o(.ARM.Collect$$libshutdown$$00000003)
    .ARM.Collect$$libshutdown$$00000006      0x00016142   Section        0  libshutdown2.o(.ARM.Collect$$libshutdown$$00000006)
    .ARM.Collect$$libshutdown$$00000009      0x00016142   Section        0  libshutdown2.o(.ARM.Collect$$libshutdown$$00000009)
    .ARM.Collect$$libshutdown$$0000000B      0x00016142   Section        0  libshutdown2.o(.ARM.Collect$$libshutdown$$0000000B)
    .ARM.Collect$$libshutdown$$0000000E      0x00016142   Section        0  libshutdown2.o(.ARM.Collect$$libshutdown$$0000000E)
    .ARM.Collect$$libshutdown$$0000000F      0x00016142   Section        2  libshutdown2.o(.ARM.Collect$$libshutdown$$0000000F)
    .ARM.Collect$$rtentry$$00000000          0x00016144   Section        0  __rtentry.o(.ARM.Collect$$rtentry$$00000000)
    .ARM.Collect$$rtentry$$00000002          0x00016144   Section        0  __rtentry2.o(.ARM.Collect$$rtentry$$00000002)
    .ARM.Collect$$rtentry$$00000004          0x00016144   Section        6  __rtentry4.o(.ARM.Collect$$rtentry$$00000004)
    .ARM.Collect$$rtentry$$00000009          0x0001614a   Section        0  __rtentry2.o(.ARM.Collect$$rtentry$$00000009)
    .ARM.Collect$$rtentry$$0000000A          0x0001614a   Section        4  __rtentry2.o(.ARM.Collect$$rtentry$$0000000A)
    .ARM.Collect$$rtentry$$0000000C          0x0001614e   Section        0  __rtentry2.o(.ARM.Collect$$rtentry$$0000000C)
    .ARM.Collect$$rtentry$$0000000D          0x0001614e   Section        8  __rtentry2.o(.ARM.Collect$$rtentry$$0000000D)
    .ARM.Collect$$rtexit$$00000000           0x00016156   Section        2  rtexit.o(.ARM.Collect$$rtexit$$00000000)
    .ARM.Collect$$rtexit$$00000002           0x00016158   Section        0  rtexit2.o(.ARM.Collect$$rtexit$$00000002)
    .ARM.Collect$$rtexit$$00000003           0x00016158   Section        4  rtexit2.o(.ARM.Collect$$rtexit$$00000003)
    .ARM.Collect$$rtexit$$00000004           0x0001615c   Section        6  rtexit2.o(.ARM.Collect$$rtexit$$00000004)
    .emb_text                                0x00016164   Section       30  nunchuck.o(.emb_text)
    .emb_text                                0x00016184   Section       30  twi_sw_master.o(.emb_text)
    .emb_text                                0x000161a4   Section       30  app_timer.o(.emb_text)
    .emb_text                                0x000161c4   Section       56  rt_memcpy.o(.emb_text)
    .text                                    0x000161fc   Section       84  arm_startup_nrf51.o(.text)
    .text                                    0x00016250   Section        0  memcmp.o(.text)
    .text                                    0x000162aa   Section        0  rt_memcpy.o(.text)
    .text                                    0x0001632c   Section        0  rt_memclr.o(.text)
    .text                                    0x0001636c   Section      346  aeabi_sdiv.o(.text)
    .text                                    0x000164c6   Section        0  heapauxi.o(.text)
    .text                                    0x000164cc   Section       62  sys_stackheap_outer.o(.text)
    .text                                    0x0001650a   Section        0  exit.o(.text)
    .text                                    0x00016518   Section        8  libspace.o(.text)
    .text                                    0x00016520   Section        0  sys_exit.o(.text)
    .text                                    0x0001652c   Section        2  use_no_semi.o(.text)
    .text                                    0x0001652e   Section        0  indicate_semi.o(.text)
    i.GPIOTE_IRQHandler                      0x00016530   Section        0  app_gpiote.o(i.GPIOTE_IRQHandler)
    i.NVIC_ClearPendingIRQ                   0x000165e4   Section        0  app_timer.o(i.NVIC_ClearPendingIRQ)
    NVIC_ClearPendingIRQ                     0x000165e5   Thumb Code    14  app_timer.o(i.NVIC_ClearPendingIRQ)
    i.NVIC_EnableIRQ                         0x000165f8   Section        0  app_timer.o(i.NVIC_EnableIRQ)
    NVIC_EnableIRQ                           0x000165f9   Thumb Code    14  app_timer.o(i.NVIC_EnableIRQ)
    i.NVIC_SetPendingIRQ                     0x0001660c   Section        0  app_timer.o(i.NVIC_SetPendingIRQ)
    NVIC_SetPendingIRQ                       0x0001660d   Thumb Code    14  app_timer.o(i.NVIC_SetPendingIRQ)
    i.NVIC_SetPriority                       0x00016620   Section        0  app_timer.o(i.NVIC_SetPriority)
    NVIC_SetPriority                         0x00016621   Thumb Code   110  app_timer.o(i.NVIC_SetPriority)
    i.RTC1_IRQHandler                        0x00016698   Section        0  app_timer.o(i.RTC1_IRQHandler)
    i.SWI0_IRQHandler                        0x000166c0   Section        0  app_timer.o(i.SWI0_IRQHandler)
    i.SWI2_IRQHandler                        0x000166c8   Section        0  softdevice_handler.o(i.SWI2_IRQHandler)
    i.SystemInit                             0x00016704   Section        0  system_nrf51.o(i.SystemInit)
    i.__ARM_common_switch8                   0x0001673c   Section        0  pstorage.o(i.__ARM_common_switch8)
    i.adv_data_encode                        0x00016758   Section        0  ble_advdata.o(i.adv_data_encode)
    adv_data_encode                          0x00016759   Thumb Code   302  ble_advdata.o(i.adv_data_encode)
    i.advdata_check                          0x00016886   Section        0  ble_advdata.o(i.advdata_check)
    advdata_check                            0x00016887   Thumb Code    34  ble_advdata.o(i.advdata_check)
    i.advertising_init                       0x000168a8   Section        0  main.o(i.advertising_init)
    advertising_init                         0x000168a9   Thumb Code   110  main.o(i.advertising_init)
    i.advertising_start                      0x0001692c   Section        0  main.o(i.advertising_start)
    advertising_start                        0x0001692d   Thumb Code    34  main.o(i.advertising_start)
    i.app_error_handler                      0x00016960   Section        0  main.o(i.app_error_handler)
    i.app_evt_notify                         0x00016980   Section        0  device_manager_peripheral.o(i.app_evt_notify)
    app_evt_notify                           0x00016981   Thumb Code    22  device_manager_peripheral.o(i.app_evt_notify)
    i.app_notify                             0x0001699c   Section        0  pstorage.o(i.app_notify)
    app_notify                               0x0001699d   Thumb Code   100  pstorage.o(i.app_notify)
    i.app_timer_create                       0x00016a08   Section        0  app_timer.o(i.app_timer_create)
    i.app_timer_init                         0x00016a7c   Section        0  app_timer.o(i.app_timer_init)
    i.app_timer_start                        0x00016b6c   Section        0  app_timer.o(i.app_timer_start)
    i.app_timer_stop                         0x00016bd8   Section        0  app_timer.o(i.app_timer_stop)
    i.appearance_encode                      0x00016c1c   Section        0  ble_advdata.o(i.appearance_encode)
    appearance_encode                        0x00016c1d   Thumb Code    74  ble_advdata.o(i.appearance_encode)
    i.assert_nrf_callback                    0x00016c68   Section        0  main.o(i.assert_nrf_callback)
    i.ble_advdata_set                        0x00016c7c   Section        0  ble_advdata.o(i.ble_advdata_set)
    i.ble_conn_params_init                   0x00016cf8   Section        0  ble_conn_params.o(i.ble_conn_params_init)
    i.ble_conn_params_on_ble_evt             0x00016d70   Section        0  ble_conn_params.o(i.ble_conn_params_on_ble_evt)
    i.ble_evt_dispatch                       0x00016dae   Section        0  main.o(i.ble_evt_dispatch)
    ble_evt_dispatch                         0x00016daf   Thumb Code    24  main.o(i.ble_evt_dispatch)
    i.ble_nunchuck_init                      0x00016dc8   Section        0  nunchuck.o(i.ble_nunchuck_init)
    i.ble_nunchuck_send                      0x00016e28   Section        0  nunchuck.o(i.ble_nunchuck_send)
    i.ble_stack_init                         0x00016eb4   Section        0  main.o(i.ble_stack_init)
    ble_stack_init                           0x00016eb5   Thumb Code   146  main.o(i.ble_stack_init)
    i.bond_data_load                         0x00016f60   Section        0  device_manager_peripheral.o(i.bond_data_load)
    i.cmd_process                            0x00016fb0   Section        0  pstorage.o(i.cmd_process)
    cmd_process                              0x00016fb1   Thumb Code   360  pstorage.o(i.cmd_process)
    i.cmd_queue_dequeue                      0x00017124   Section        0  pstorage.o(i.cmd_queue_dequeue)
    cmd_queue_dequeue                        0x00017125   Thumb Code    32  pstorage.o(i.cmd_queue_dequeue)
    i.cmd_queue_element_init                 0x00017148   Section        0  pstorage.o(i.cmd_queue_element_init)
    cmd_queue_element_init                   0x00017149   Thumb Code    56  pstorage.o(i.cmd_queue_element_init)
    i.cmd_queue_enqueue                      0x00017184   Section        0  pstorage.o(i.cmd_queue_enqueue)
    cmd_queue_enqueue                        0x00017185   Thumb Code   138  pstorage.o(i.cmd_queue_enqueue)
    i.cmd_queue_init                         0x00017214   Section        0  pstorage.o(i.cmd_queue_init)
    cmd_queue_init                           0x00017215   Thumb Code    38  pstorage.o(i.cmd_queue_init)
    i.compare_reg_update                     0x00017248   Section        0  app_timer.o(i.compare_reg_update)
    compare_reg_update                       0x00017249   Thumb Code   124  app_timer.o(i.compare_reg_update)
    i.conn_int_check                         0x000172d8   Section        0  ble_advdata.o(i.conn_int_check)
    conn_int_check                           0x000172d9   Thumb Code    88  ble_advdata.o(i.conn_int_check)
    i.conn_int_encode                        0x00017334   Section        0  ble_advdata.o(i.conn_int_encode)
    conn_int_encode                          0x00017335   Thumb Code    92  ble_advdata.o(i.conn_int_encode)
    i.conn_params_init                       0x00017390   Section        0  main.o(i.conn_params_init)
    conn_params_init                         0x00017391   Thumb Code    88  main.o(i.conn_params_init)
    i.conn_params_negotiation                0x000173f8   Section        0  ble_conn_params.o(i.conn_params_negotiation)
    conn_params_negotiation                  0x000173f9   Thumb Code   126  ble_conn_params.o(i.conn_params_negotiation)
    i.connection_instance_find               0x0001748c   Section        0  device_manager_peripheral.o(i.connection_instance_find)
    connection_instance_find                 0x0001748d   Thumb Code    64  device_manager_peripheral.o(i.connection_instance_find)
    i.connection_instance_init               0x000174d4   Section        0  device_manager_peripheral.o(i.connection_instance_init)
    connection_instance_init                 0x000174d5   Thumb Code    50  device_manager_peripheral.o(i.connection_instance_init)
    i.current_int_priority_get               0x0001750c   Section        0  app_timer.o(i.current_int_priority_get)
    current_int_priority_get                 0x0001750d   Thumb Code    84  app_timer.o(i.current_int_priority_get)
    i.device_context_store                   0x00017568   Section        0  device_manager_peripheral.o(i.device_context_store)
    device_context_store                     0x00017569   Thumb Code   172  device_manager_peripheral.o(i.device_context_store)
    i.device_instance_allocate               0x00017638   Section        0  device_manager_peripheral.o(i.device_instance_allocate)
    device_instance_allocate                 0x00017639   Thumb Code   116  device_manager_peripheral.o(i.device_instance_allocate)
    i.device_instance_find                   0x000176b4   Section        0  device_manager_peripheral.o(i.device_instance_find)
    device_instance_find                     0x000176b5   Thumb Code    82  device_manager_peripheral.o(i.device_instance_find)
    i.device_manager_evt_handler             0x0001770c   Section        0  main.o(i.device_manager_evt_handler)
    device_manager_evt_handler               0x0001770d   Thumb Code    36  main.o(i.device_manager_evt_handler)
    i.device_manager_init                    0x0001773c   Section        0  main.o(i.device_manager_init)
    device_manager_init                      0x0001773d   Thumb Code   190  main.o(i.device_manager_init)
    i.dm_ble_evt_handler                     0x00017810   Section        0  device_manager_peripheral.o(i.dm_ble_evt_handler)
    i.dm_handle_initialize                   0x00017d40   Section        0  device_manager_peripheral.o(i.dm_handle_initialize)
    i.dm_init                                0x00017d5c   Section        0  device_manager_peripheral.o(i.dm_init)
    i.dm_pstorage_cb_handler                 0x00017e5c   Section        0  device_manager_peripheral.o(i.dm_pstorage_cb_handler)
    dm_pstorage_cb_handler                   0x00017e5d   Thumb Code   454  device_manager_peripheral.o(i.dm_pstorage_cb_handler)
    i.dm_register                            0x00018048   Section        0  device_manager_peripheral.o(i.dm_register)
    i.elapsed_ticks_acquire                  0x000180bc   Section        0  app_timer.o(i.elapsed_ticks_acquire)
    elapsed_ticks_acquire                    0x000180bd   Thumb Code    82  app_timer.o(i.elapsed_ticks_acquire)
    i.expired_timers_handler                 0x00018120   Section        0  app_timer.o(i.expired_timers_handler)
    expired_timers_handler                   0x00018121   Thumb Code   100  app_timer.o(i.expired_timers_handler)
    i.gap_params_init                        0x0001818c   Section        0  main.o(i.gap_params_init)
    gap_params_init                          0x0001818d   Thumb Code   146  main.o(i.gap_params_init)
    i.gattc_context_apply                    0x0001823c   Section        0  device_manager_peripheral.o(i.gattc_context_apply)
    gattc_context_apply                      0x0001823d   Thumb Code     6  device_manager_peripheral.o(i.gattc_context_apply)
    i.gattc_context_load                     0x00018242   Section        0  device_manager_peripheral.o(i.gattc_context_load)
    gattc_context_load                       0x00018243   Thumb Code     6  device_manager_peripheral.o(i.gattc_context_load)
    i.gattc_context_store                    0x00018248   Section        0  device_manager_peripheral.o(i.gattc_context_store)
    gattc_context_store                      0x00018249   Thumb Code     6  device_manager_peripheral.o(i.gattc_context_store)
    i.gatts_context_apply                    0x00018250   Section        0  device_manager_peripheral.o(i.gatts_context_apply)
    gatts_context_apply                      0x00018251   Thumb Code   116  device_manager_peripheral.o(i.gatts_context_apply)
    i.gatts_context_load                     0x000182d0   Section        0  device_manager_peripheral.o(i.gatts_context_load)
    gatts_context_load                       0x000182d1   Thumb Code    64  device_manager_peripheral.o(i.gatts_context_load)
    i.gatts_context_store                    0x00018314   Section        0  device_manager_peripheral.o(i.gatts_context_store)
    gatts_context_store                      0x00018315   Thumb Code   184  device_manager_peripheral.o(i.gatts_context_store)
    i.gattsc_context_apply                   0x000183dc   Section        0  device_manager_peripheral.o(i.gattsc_context_apply)
    gattsc_context_apply                     0x000183dd   Thumb Code    26  device_manager_peripheral.o(i.gattsc_context_apply)
    i.gattsc_context_load                    0x000183f6   Section        0  device_manager_peripheral.o(i.gattsc_context_load)
    gattsc_context_load                      0x000183f7   Thumb Code    30  device_manager_peripheral.o(i.gattsc_context_load)
    i.gattsc_context_store                   0x00018414   Section        0  device_manager_peripheral.o(i.gattsc_context_store)
    gattsc_context_store                     0x00018415   Thumb Code    30  device_manager_peripheral.o(i.gattsc_context_store)
    i.initNunchuck                           0x00018432   Section        0  nunchuck.o(i.initNunchuck)
    i.intern_softdevice_events_execute       0x00018480   Section        0  softdevice_handler.o(i.intern_softdevice_events_execute)
    i.is_conn_params_ok                      0x00018540   Section        0  ble_conn_params.o(i.is_conn_params_ok)
    is_conn_params_ok                        0x00018541   Thumb Code    30  ble_conn_params.o(i.is_conn_params_ok)
    i.is_disabled_in_debug_needed            0x00018564   Section        0  system_nrf51.o(i.is_disabled_in_debug_needed)
    is_disabled_in_debug_needed              0x00018565   Thumb Code    52  system_nrf51.o(i.is_disabled_in_debug_needed)
    i.is_manual_peripheral_setup_needed      0x0001859c   Section        0  system_nrf51.o(i.is_manual_peripheral_setup_needed)
    is_manual_peripheral_setup_needed        0x0001859d   Thumb Code   104  system_nrf51.o(i.is_manual_peripheral_setup_needed)
    i.is_word_aligned                        0x00018608   Section        0  pstorage.o(i.is_word_aligned)
    is_word_aligned                          0x00018609   Thumb Code    18  pstorage.o(i.is_word_aligned)
    i.list_deletions_handler                 0x0001861c   Section        0  app_timer.o(i.list_deletions_handler)
    list_deletions_handler                   0x0001861d   Thumb Code   176  app_timer.o(i.list_deletions_handler)
    i.list_insertions_handler                0x000186dc   Section        0  app_timer.o(i.list_insertions_handler)
    list_insertions_handler                  0x000186dd   Thumb Code   264  app_timer.o(i.list_insertions_handler)
    i.main                                   0x000187fc   Section        0  main.o(i.main)
    i.manuf_specific_data_encode             0x00018838   Section        0  ble_advdata.o(i.manuf_specific_data_encode)
    manuf_specific_data_encode               0x00018839   Thumb Code   106  ble_advdata.o(i.manuf_specific_data_encode)
    i.name_encode                            0x000188a2   Section        0  ble_advdata.o(i.name_encode)
    name_encode                              0x000188a3   Thumb Code   150  ble_advdata.o(i.name_encode)
    i.no_service_context_apply               0x00018938   Section        0  device_manager_peripheral.o(i.no_service_context_apply)
    no_service_context_apply                 0x00018939   Thumb Code     6  device_manager_peripheral.o(i.no_service_context_apply)
    i.no_service_context_load                0x0001893e   Section        0  device_manager_peripheral.o(i.no_service_context_load)
    no_service_context_load                  0x0001893f   Thumb Code     6  device_manager_peripheral.o(i.no_service_context_load)
    i.no_service_context_store               0x00018944   Section        0  device_manager_peripheral.o(i.no_service_context_store)
    no_service_context_store                 0x00018945   Thumb Code     6  device_manager_peripheral.o(i.no_service_context_store)
    i.nrf_delay_ms                           0x0001894a   Section        0  nunchuck.o(i.nrf_delay_ms)
    i.nunchuck_char_add                      0x00018964   Section        0  nunchuck.o(i.nunchuck_char_add)
    i.on_ble_evt                             0x00018a5c   Section        0  main.o(i.on_ble_evt)
    on_ble_evt                               0x00018a5d   Thumb Code   112  main.o(i.on_ble_evt)
    i.on_conn_params_update                  0x00018ae0   Section        0  ble_conn_params.o(i.on_conn_params_update)
    on_conn_params_update                    0x00018ae1   Thumb Code    20  ble_conn_params.o(i.on_conn_params_update)
    i.on_connect                             0x00018af8   Section        0  ble_conn_params.o(i.on_connect)
    on_connect                               0x00018af9   Thumb Code    42  ble_conn_params.o(i.on_connect)
    i.on_disconnect                          0x00018b34   Section        0  ble_conn_params.o(i.on_disconnect)
    on_disconnect                            0x00018b35   Thumb Code    50  ble_conn_params.o(i.on_disconnect)
    i.on_sys_evt                             0x00018b78   Section        0  main.o(i.on_sys_evt)
    on_sys_evt                               0x00018b79   Thumb Code    34  main.o(i.on_sys_evt)
    i.on_write                               0x00018ba0   Section        0  ble_conn_params.o(i.on_write)
    on_write                                 0x00018ba1   Thumb Code    84  ble_conn_params.o(i.on_write)
    i.peer_instance_init                     0x00018bfc   Section        0  device_manager_peripheral.o(i.peer_instance_init)
    peer_instance_init                       0x00018bfd   Thumb Code    76  device_manager_peripheral.o(i.peer_instance_init)
    i.pstorage_block_identifier_get          0x00018c4c   Section        0  pstorage.o(i.pstorage_block_identifier_get)
    i.pstorage_clear                         0x00018cdc   Section        0  pstorage.o(i.pstorage_clear)
    i.pstorage_init                          0x00018d8c   Section        0  pstorage.o(i.pstorage_init)
    i.pstorage_load                          0x00018e70   Section        0  pstorage.o(i.pstorage_load)
    i.pstorage_register                      0x00018f5c   Section        0  pstorage.o(i.pstorage_register)
    i.pstorage_store                         0x000190dc   Section        0  pstorage.o(i.pstorage_store)
    i.pstorage_sys_event_handler             0x000191b0   Section        0  pstorage.o(i.pstorage_sys_event_handler)
    i.pstorage_update                        0x00019308   Section        0  pstorage.o(i.pstorage_update)
    i.readNunchuckData                       0x000193dc   Section        0  nunchuck.o(i.readNunchuckData)
    i.rtc1_counter_get                       0x00019498   Section        0  app_timer.o(i.rtc1_counter_get)
    rtc1_counter_get                         0x00019499   Thumb Code     6  app_timer.o(i.rtc1_counter_get)
    i.rtc1_init                              0x000194a4   Section        0  app_timer.o(i.rtc1_init)
    rtc1_init                                0x000194a5   Thumb Code    18  app_timer.o(i.rtc1_init)
    i.rtc1_start                             0x000194bc   Section        0  app_timer.o(i.rtc1_start)
    rtc1_start                               0x000194bd   Thumb Code    48  app_timer.o(i.rtc1_start)
    i.rtc1_stop                              0x000194f8   Section        0  app_timer.o(i.rtc1_stop)
    rtc1_stop                                0x000194f9   Thumb Code    66  app_timer.o(i.rtc1_stop)
    i.sense_level_toggle                     0x00019550   Section        0  app_gpiote.o(i.sense_level_toggle)
    sense_level_toggle                       0x00019551   Thumb Code   128  app_gpiote.o(i.sense_level_toggle)
    i.service_data_encode                    0x000195d0   Section        0  ble_advdata.o(i.service_data_encode)
    service_data_encode                      0x000195d1   Thumb Code   140  ble_advdata.o(i.service_data_encode)
    i.services_init                          0x0001965c   Section        0  main.o(i.services_init)
    services_init                            0x0001965d   Thumb Code    36  main.o(i.services_init)
    i.softdevice_assertion_handler           0x00019690   Section        0  softdevice_handler.o(i.softdevice_assertion_handler)
    i.softdevice_ble_evt_handler_set         0x000196a4   Section        0  softdevice_handler.o(i.softdevice_ble_evt_handler_set)
    i.softdevice_handler_init                0x000196bc   Section        0  softdevice_handler.o(i.softdevice_handler_init)
    i.softdevice_sys_evt_handler_set         0x00019724   Section        0  softdevice_handler.o(i.softdevice_sys_evt_handler_set)
    i.srdata_check                           0x0001973c   Section        0  ble_advdata.o(i.srdata_check)
    srdata_check                             0x0001973d   Thumb Code    16  ble_advdata.o(i.srdata_check)
    i.storage_operation_dummy_handler        0x0001974c   Section        0  device_manager_peripheral.o(i.storage_operation_dummy_handler)
    storage_operation_dummy_handler          0x0001974d   Thumb Code     8  device_manager_peripheral.o(i.storage_operation_dummy_handler)
    i.swap_state_process                     0x00019754   Section        0  pstorage.o(i.swap_state_process)
    swap_state_process                       0x00019755   Thumb Code   578  pstorage.o(i.swap_state_process)
    i.sys_evt_dispatch                       0x000199a0   Section        0  main.o(i.sys_evt_dispatch)
    sys_evt_dispatch                         0x000199a1   Thumb Code    18  main.o(i.sys_evt_dispatch)
    i.ticks_diff_get                         0x000199b2   Section        0  app_timer.o(i.ticks_diff_get)
    ticks_diff_get                           0x000199b3   Thumb Code    10  app_timer.o(i.ticks_diff_get)
    i.timeout_handler_exec                   0x000199bc   Section        0  app_timer.o(i.timeout_handler_exec)
    timeout_handler_exec                     0x000199bd   Thumb Code    60  app_timer.o(i.timeout_handler_exec)
    i.timer_list_handler                     0x00019a00   Section        0  app_timer.o(i.timer_list_handler)
    timer_list_handler                       0x00019a01   Thumb Code    70  app_timer.o(i.timer_list_handler)
    i.timer_list_handler_sched               0x00019a50   Section        0  app_timer.o(i.timer_list_handler_sched)
    timer_list_handler_sched                 0x00019a51   Thumb Code    10  app_timer.o(i.timer_list_handler_sched)
    i.timer_list_insert                      0x00019a5c   Section        0  app_timer.o(i.timer_list_insert)
    timer_list_insert                        0x00019a5d   Thumb Code   212  app_timer.o(i.timer_list_insert)
    i.timer_list_remove                      0x00019b38   Section        0  app_timer.o(i.timer_list_remove)
    timer_list_remove                        0x00019b39   Thumb Code   170  app_timer.o(i.timer_list_remove)
    i.timer_start_op_schedule                0x00019bec   Section        0  app_timer.o(i.timer_start_op_schedule)
    timer_start_op_schedule                  0x00019bed   Thumb Code    80  app_timer.o(i.timer_start_op_schedule)
    i.timer_stop_op_schedule                 0x00019c40   Section        0  app_timer.o(i.timer_stop_op_schedule)
    timer_stop_op_schedule                   0x00019c41   Thumb Code    58  app_timer.o(i.timer_stop_op_schedule)
    i.timer_timeouts_check                   0x00019c80   Section        0  app_timer.o(i.timer_timeouts_check)
    timer_timeouts_check                     0x00019c81   Thumb Code   132  app_timer.o(i.timer_timeouts_check)
    i.timer_timeouts_check_sched             0x00019d1c   Section        0  app_timer.o(i.timer_timeouts_check_sched)
    timer_timeouts_check_sched               0x00019d1d   Thumb Code    10  app_timer.o(i.timer_timeouts_check_sched)
    i.timers_init                            0x00019d28   Section        0  main.o(i.timers_init)
    timers_init                              0x00019d29   Thumb Code    46  main.o(i.timers_init)
    i.twi_master_clear_bus                   0x00019d68   Section        0  twi_sw_master.o(i.twi_master_clear_bus)
    twi_master_clear_bus                     0x00019d69   Thumb Code   142  twi_sw_master.o(i.twi_master_clear_bus)
    i.twi_master_clock_byte                  0x00019dfc   Section        0  twi_sw_master.o(i.twi_master_clock_byte)
    twi_master_clock_byte                    0x00019dfd   Thumb Code   176  twi_sw_master.o(i.twi_master_clock_byte)
    i.twi_master_clock_byte_in               0x00019eb0   Section        0  twi_sw_master.o(i.twi_master_clock_byte_in)
    twi_master_clock_byte_in                 0x00019eb1   Thumb Code   156  twi_sw_master.o(i.twi_master_clock_byte_in)
    i.twi_master_init                        0x00019f50   Section        0  twi_sw_master.o(i.twi_master_init)
    i.twi_master_issue_startcondition        0x00019fa0   Section        0  twi_sw_master.o(i.twi_master_issue_startcondition)
    twi_master_issue_startcondition          0x00019fa1   Thumb Code    70  twi_sw_master.o(i.twi_master_issue_startcondition)
    i.twi_master_issue_stopcondition         0x00019fec   Section        0  twi_sw_master.o(i.twi_master_issue_stopcondition)
    twi_master_issue_stopcondition           0x00019fed   Thumb Code    52  twi_sw_master.o(i.twi_master_issue_stopcondition)
    i.twi_master_transfer                    0x0001a024   Section        0  twi_sw_master.o(i.twi_master_transfer)
    i.twi_master_wait_while_scl_low          0x0001a0a4   Section        0  twi_sw_master.o(i.twi_master_wait_while_scl_low)
    twi_master_wait_while_scl_low            0x0001a0a5   Thumb Code    38  twi_sw_master.o(i.twi_master_wait_while_scl_low)
    i.tx_power_level_encode                  0x0001a0d0   Section        0  ble_advdata.o(i.tx_power_level_encode)
    tx_power_level_encode                    0x0001a0d1   Thumb Code    48  ble_advdata.o(i.tx_power_level_encode)
    i.uint16_encode                          0x0001a100   Section        0  ble_advdata.o(i.uint16_encode)
    uint16_encode                            0x0001a101   Thumb Code    18  ble_advdata.o(i.uint16_encode)
    i.uint8_array_encode                     0x0001a112   Section        0  ble_advdata.o(i.uint8_array_encode)
    uint8_array_encode                       0x0001a113   Thumb Code    82  ble_advdata.o(i.uint8_array_encode)
    i.update_status_bit_reset                0x0001a164   Section        0  device_manager_peripheral.o(i.update_status_bit_reset)
    update_status_bit_reset                  0x0001a165   Thumb Code    16  device_manager_peripheral.o(i.update_status_bit_reset)
    i.update_timeout_handler                 0x0001a178   Section        0  ble_conn_params.o(i.update_timeout_handler)
    update_timeout_handler                   0x0001a179   Thumb Code   136  ble_conn_params.o(i.update_timeout_handler)
    i.user_id_get                            0x0001a214   Section        0  app_timer.o(i.user_id_get)
    user_id_get                              0x0001a215   Thumb Code    34  app_timer.o(i.user_id_get)
    i.user_op_alloc                          0x0001a236   Section        0  app_timer.o(i.user_op_alloc)
    user_op_alloc                            0x0001a237   Thumb Code    44  app_timer.o(i.user_op_alloc)
    i.user_op_enque                          0x0001a262   Section        0  app_timer.o(i.user_op_enque)
    user_op_enque                            0x0001a263   Thumb Code     4  app_timer.o(i.user_op_enque)
    i.uuid_list_encode                       0x0001a266   Section        0  ble_advdata.o(i.uuid_list_encode)
    uuid_list_encode                         0x0001a267   Thumb Code    64  ble_advdata.o(i.uuid_list_encode)
    i.uuid_list_sized_encode                 0x0001a2a6   Section        0  ble_advdata.o(i.uuid_list_sized_encode)
    uuid_list_sized_encode                   0x0001a2a7   Thumb Code   196  ble_advdata.o(i.uuid_list_sized_encode)
    .constdata                               0x0001a36c   Section        4  main.o(.constdata)
    .constdata                               0x0001a370   Section       16  nunchuck.o(.constdata)
    .constdata                               0x0001a380   Section       52  device_manager_peripheral.o(.constdata)
    .conststring                             0x0001a3b4   Section       92  device_manager_peripheral.o(.conststring)
    .conststring                             0x0001a410   Section       76  softdevice_handler.o(.conststring)
    .conststring                             0x0001a45c   Section       68  app_timer.o(.conststring)
    .data                                    0x20002000   Section        2  main.o(.data)
    m_memory_access_in_progress              0x20002000   Data           1  main.o(.data)
    m_app_handle                             0x20002001   Data           1  main.o(.data)
    .data                                    0x20002004   Section       12  pstorage.o(.data)
    m_next_app_instance                      0x20002004   Data           2  pstorage.o(.data)
    m_next_page_addr                         0x20002008   Data           4  pstorage.o(.data)
    m_round_val                              0x2000200c   Data           2  pstorage.o(.data)
    m_module_initialized                     0x2000200e   Data           1  pstorage.o(.data)
    m_swap_state                             0x2000200f   Data           1  pstorage.o(.data)
    .data                                    0x20002010   Section       25  ble_conn_params.o(.data)
    m_preferred_conn_params                  0x20002010   Data           8  ble_conn_params.o(.data)
    m_update_count                           0x20002018   Data           1  ble_conn_params.o(.data)
    m_conn_handle                            0x2000201a   Data           2  ble_conn_params.o(.data)
    m_current_conn_params                    0x2000201c   Data           8  ble_conn_params.o(.data)
    m_conn_params_timer_id                   0x20002024   Data           4  ble_conn_params.o(.data)
    m_change_param                           0x20002028   Data           1  ble_conn_params.o(.data)
    .data                                    0x2000202c   Section       20  device_manager_peripheral.o(.data)
    m_storage_handle                         0x2000202c   Data           8  device_manager_peripheral.o(.data)
    m_peer_addr_update                       0x20002034   Data           4  device_manager_peripheral.o(.data)
    m_module_initialized                     0x20002038   Data           1  device_manager_peripheral.o(.data)
    m_irk_index_table                        0x20002039   Data           7  device_manager_peripheral.o(.data)
    .data                                    0x20002040   Section       20  softdevice_handler.o(.data)
    m_evt_schedule_func                      0x20002040   Data           4  softdevice_handler.o(.data)
    m_evt_buffer                             0x20002044   Data           4  softdevice_handler.o(.data)
    m_ble_evt_buffer_size                    0x20002048   Data           2  softdevice_handler.o(.data)
    m_softdevice_enabled                     0x2000204a   Data           1  softdevice_handler.o(.data)
    m_ble_evt_handler                        0x2000204c   Data           4  softdevice_handler.o(.data)
    m_sys_evt_handler                        0x20002050   Data           4  softdevice_handler.o(.data)
    .data                                    0x20002054   Section       41  app_timer.o(.data)
    m_node_array_size                        0x20002054   Data           1  app_timer.o(.data)
    mp_nodes                                 0x20002058   Data           4  app_timer.o(.data)
    m_user_array_size                        0x2000205c   Data           1  app_timer.o(.data)
    mp_users                                 0x20002060   Data           4  app_timer.o(.data)
    m_timer_id_head                          0x20002064   Data           4  app_timer.o(.data)
    m_ticks_latest                           0x20002068   Data           4  app_timer.o(.data)
    m_ticks_elapsed                          0x2000206c   Data           8  app_timer.o(.data)
    m_ticks_elapsed_q_read_ind               0x20002074   Data           1  app_timer.o(.data)
    m_ticks_elapsed_q_write_ind              0x20002075   Data           1  app_timer.o(.data)
    m_evt_schedule_func                      0x20002078   Data           4  app_timer.o(.data)
    m_rtc1_running                           0x2000207c   Data           1  app_timer.o(.data)
    .data                                    0x20002080   Section       12  app_gpiote.o(.data)
    m_enabled_users_mask                     0x20002080   Data           4  app_gpiote.o(.data)
    m_user_array_size                        0x20002084   Data           1  app_gpiote.o(.data)
    m_user_count                             0x20002085   Data           1  app_gpiote.o(.data)
    mp_users                                 0x20002088   Data           4  app_gpiote.o(.data)
    .data                                    0x2000208c   Section        4  system_nrf51.o(.data)
    __tagsym$$used                           0x2000208c   Number         0  system_nrf51.o(.data)
    .bss                                     0x20002090   Section      844  main.o(.bss)
    m_ble_nunchuck                           0x20002090   Data          14  main.o(.bss)
    m_adv_params                             0x200020a0   Data          20  main.o(.bss)
    APP_TIMER_BUF                            0x200020b4   Data         728  main.o(.bss)
    EVT_BUFFER                               0x2000238c   Data          80  main.o(.bss)
    .bss                                     0x200023dc   Section      220  pstorage.o(.bss)
    m_cmd_queue                              0x200023dc   Data         204  pstorage.o(.bss)
    m_app_table                              0x200024a8   Data          16  pstorage.o(.bss)
    .bss                                     0x200024b8   Section       28  ble_conn_params.o(.bss)
    m_conn_params_config                     0x200024b8   Data          28  ble_conn_params.o(.bss)
    .bss                                     0x200024d4   Section      268  device_manager_peripheral.o(.bss)
    m_peer_table                             0x200024d4   Data         196  device_manager_peripheral.o(.bss)
    m_bond_table                             0x20002598   Data          24  device_manager_peripheral.o(.bss)
    m_gatts_table                            0x200025b0   Data          24  device_manager_peripheral.o(.bss)
    m_connection_table                       0x200025c8   Data          12  device_manager_peripheral.o(.bss)
    m_application_table                      0x200025d4   Data          12  device_manager_peripheral.o(.bss)
    .bss                                     0x200025e0   Section       96  libspace.o(.bss)
    HEAP                                     0x20002640   Section     2048  arm_startup_nrf51.o(HEAP)
    Heap_Mem                                 0x20002640   Data        2048  arm_startup_nrf51.o(HEAP)
    STACK                                    0x20002e40   Section     2048  arm_startup_nrf51.o(STACK)
    Stack_Mem                                0x20002e40   Data        2048  arm_startup_nrf51.o(STACK)
    __initial_sp                             0x20003640   Data           0  arm_startup_nrf51.o(STACK)

    Global Symbols

    Symbol Name                              Value     Ov Type        Size  Object(Section)

    BuildAttributes$$THM_ISAv3M$S$PE$A:L22$X:L11$S22$IEEE1$IW$USESV6$~STKCKD$USESV7$~SHL$OSPACE$ROPI$EBA8$UX$STANDARDLIB$REQ8$PRES8$EABIv2 0x00000000   Number         0  anon$$obj.o ABSOLUTE
    __ARM_use_no_argv                        0x00000000   Number         0  main.o ABSOLUTE
    __ARM_exceptions_init                     - Undefined Weak Reference
    __alloca_initialize                       - Undefined Weak Reference
    __arm_preinit_                            - Undefined Weak Reference
    __cpp_initialize__aeabi_                  - Undefined Weak Reference
    __cxa_finalize                            - Undefined Weak Reference
    __rt_locale                               - Undefined Weak Reference
    __sigvec_lookup                           - Undefined Weak Reference
    _atexit_init                              - Undefined Weak Reference
    _call_atexit_fns                          - Undefined Weak Reference
    _clock_init                               - Undefined Weak Reference
    _fp_trap_init                             - Undefined Weak Reference
    _fp_trap_shutdown                         - Undefined Weak Reference
    _get_lc_collate                           - Undefined Weak Reference
    _get_lc_ctype                             - Undefined Weak Reference
    _get_lc_monetary                          - Undefined Weak Reference
    _get_lc_numeric                           - Undefined Weak Reference
    _get_lc_time                              - Undefined Weak Reference
    _getenv_init                              - Undefined Weak Reference
    _handle_redirection                       - Undefined Weak Reference
    _init_alloc                               - Undefined Weak Reference
    _init_user_alloc                          - Undefined Weak Reference
    _initio                                   - Undefined Weak Reference
    _rand_init                                - Undefined Weak Reference
    _signal_finish                            - Undefined Weak Reference
    _signal_init                              - Undefined Weak Reference
    _terminate_alloc                          - Undefined Weak Reference
    _terminate_user_alloc                     - Undefined Weak Reference
    _terminateio                              - Undefined Weak Reference
    __Vectors_Size                           0x000000c0   Number         0  arm_startup_nrf51.o ABSOLUTE
    __Vectors                                0x00016000   Data           4  arm_startup_nrf51.o(RESET)
    __Vectors_End                            0x000160c0   Data           0  arm_startup_nrf51.o(RESET)
    __main                                   0x000160c1   Thumb Code     8  __main.o(!!!main)
    __scatterload                            0x000160c9   Thumb Code     0  __scatter.o(!!!scatter)
    __scatterload_rt2                        0x000160c9   Thumb Code    52  __scatter.o(!!!scatter)
    __scatterload_rt2_thumb_only             0x000160c9   Thumb Code     0  __scatter.o(!!!scatter)
    __scatterload_null                       0x000160d9   Thumb Code     0  __scatter.o(!!!scatter)
    __scatterload_copy                       0x00016105   Thumb Code    26  __scatter_copy.o(!!handler_copy)
    __scatterload_zeroinit                   0x00016121   Thumb Code    28  __scatter_zi.o(!!handler_zi)
    __rt_lib_init                            0x0001613d   Thumb Code     0  libinit.o(.ARM.Collect$$libinit$$00000000)
    __rt_lib_init_alloca_1                   0x0001613f   Thumb Code     0  libinit2.o(.ARM.Collect$$libinit$$0000002E)
    __rt_lib_init_argv_1                     0x0001613f   Thumb Code     0  libinit2.o(.ARM.Collect$$libinit$$0000002C)
    __rt_lib_init_atexit_1                   0x0001613f   Thumb Code     0  libinit2.o(.ARM.Collect$$libinit$$0000001B)
    __rt_lib_init_clock_1                    0x0001613f   Thumb Code     0  libinit2.o(.ARM.Collect$$libinit$$00000021)
    __rt_lib_init_cpp_1                      0x0001613f   Thumb Code     0  libinit2.o(.ARM.Collect$$libinit$$00000032)
    __rt_lib_init_exceptions_1               0x0001613f   Thumb Code     0  libinit2.o(.ARM.Collect$$libinit$$00000030)
    __rt_lib_init_fp_1                       0x0001613f   Thumb Code     0  libinit2.o(.ARM.Collect$$libinit$$00000002)
    __rt_lib_init_fp_trap_1                  0x0001613f   Thumb Code     0  libinit2.o(.ARM.Collect$$libinit$$0000001F)
    __rt_lib_init_getenv_1                   0x0001613f   Thumb Code     0  libinit2.o(.ARM.Collect$$libinit$$00000023)
    __rt_lib_init_heap_1                     0x0001613f   Thumb Code     0  libinit2.o(.ARM.Collect$$libinit$$0000000A)
    __rt_lib_init_lc_collate_1               0x0001613f   Thumb Code     0  libinit2.o(.ARM.Collect$$libinit$$00000011)
    __rt_lib_init_lc_ctype_1                 0x0001613f   Thumb Code     0  libinit2.o(.ARM.Collect$$libinit$$00000013)
    __rt_lib_init_lc_monetary_1              0x0001613f   Thumb Code     0  libinit2.o(.ARM.Collect$$libinit$$00000015)
    __rt_lib_init_lc_numeric_1               0x0001613f   Thumb Code     0  libinit2.o(.ARM.Collect$$libinit$$00000017)
    __rt_lib_init_lc_time_1                  0x0001613f   Thumb Code     0  libinit2.o(.ARM.Collect$$libinit$$00000019)
    __rt_lib_init_preinit_1                  0x0001613f   Thumb Code     0  libinit2.o(.ARM.Collect$$libinit$$00000004)
    __rt_lib_init_rand_1                     0x0001613f   Thumb Code     0  libinit2.o(.ARM.Collect$$libinit$$0000000E)
    __rt_lib_init_return                     0x0001613f   Thumb Code     0  libinit2.o(.ARM.Collect$$libinit$$00000033)
    __rt_lib_init_signal_1                   0x0001613f   Thumb Code     0  libinit2.o(.ARM.Collect$$libinit$$0000001D)
    __rt_lib_init_stdio_1                    0x0001613f   Thumb Code     0  libinit2.o(.ARM.Collect$$libinit$$00000025)
    __rt_lib_init_user_alloc_1               0x0001613f   Thumb Code     0  libinit2.o(.ARM.Collect$$libinit$$0000000C)
    __rt_lib_shutdown                        0x00016141   Thumb Code     0  libshutdown.o(.ARM.Collect$$libshutdown$$00000000)
    __rt_lib_shutdown_fp_trap_1              0x00016143   Thumb Code     0  libshutdown2.o(.ARM.Collect$$libshutdown$$00000006)
    __rt_lib_shutdown_heap_1                 0x00016143   Thumb Code     0  libshutdown2.o(.ARM.Collect$$libshutdown$$0000000E)
    __rt_lib_shutdown_return                 0x00016143   Thumb Code     0  libshutdown2.o(.ARM.Collect$$libshutdown$$0000000F)
    __rt_lib_shutdown_signal_1               0x00016143   Thumb Code     0  libshutdown2.o(.ARM.Collect$$libshutdown$$00000009)
    __rt_lib_shutdown_stdio_1                0x00016143   Thumb Code     0  libshutdown2.o(.ARM.Collect$$libshutdown$$00000003)
    __rt_lib_shutdown_user_alloc_1           0x00016143   Thumb Code     0  libshutdown2.o(.ARM.Collect$$libshutdown$$0000000B)
    __rt_entry                               0x00016145   Thumb Code     0  __rtentry.o(.ARM.Collect$$rtentry$$00000000)
    __rt_entry_presh_1                       0x00016145   Thumb Code     0  __rtentry2.o(.ARM.Collect$$rtentry$$00000002)
    __rt_entry_sh                            0x00016145   Thumb Code     0  __rtentry4.o(.ARM.Collect$$rtentry$$00000004)
    __rt_entry_li                            0x0001614b   Thumb Code     0  __rtentry2.o(.ARM.Collect$$rtentry$$0000000A)
    __rt_entry_postsh_1                      0x0001614b   Thumb Code     0  __rtentry2.o(.ARM.Collect$$rtentry$$00000009)
    __rt_entry_main                          0x0001614f   Thumb Code     0  __rtentry2.o(.ARM.Collect$$rtentry$$0000000D)
    __rt_entry_postli_1                      0x0001614f   Thumb Code     0  __rtentry2.o(.ARM.Collect$$rtentry$$0000000C)
    __rt_exit                                0x00016157   Thumb Code     0  rtexit.o(.ARM.Collect$$rtexit$$00000000)
    __rt_exit_ls                             0x00016159   Thumb Code     0  rtexit2.o(.ARM.Collect$$rtexit$$00000003)
    __rt_exit_prels_1                        0x00016159   Thumb Code     0  rtexit2.o(.ARM.Collect$$rtexit$$00000002)
    __rt_exit_exit                           0x0001615d   Thumb Code     0  rtexit2.o(.ARM.Collect$$rtexit$$00000004)
    __asm___10_nunchuck_c_532987f3__nrf_delay_us 0x00016165   Thumb Code    30  nunchuck.o(.emb_text)
    __asm___15_twi_sw_master_c_959ec897__nrf_delay_us 0x00016185   Thumb Code    30  twi_sw_master.o(.emb_text)
    __asm___11_app_timer_c_cd27f9c3__nrf_delay_us 0x000161a5   Thumb Code    30  app_timer.o(.emb_text)
    __aeabi_memcpy4                          0x000161c5   Thumb Code    56  rt_memcpy.o(.emb_text)
    __aeabi_memcpy8                          0x000161c5   Thumb Code     0  rt_memcpy.o(.emb_text)
    Reset_Handler                            0x000161fd   Thumb Code    26  arm_startup_nrf51.o(.text)
    NMI_Handler                              0x00016217   Thumb Code     2  arm_startup_nrf51.o(.text)
    HardFault_Handler                        0x00016219   Thumb Code     2  arm_startup_nrf51.o(.text)
    SVC_Handler                              0x0001621b   Thumb Code     2  arm_startup_nrf51.o(.text)
    PendSV_Handler                           0x0001621d   Thumb Code     2  arm_startup_nrf51.o(.text)
    SysTick_Handler                          0x0001621f   Thumb Code     2  arm_startup_nrf51.o(.text)
    ADC_IRQHandler                           0x00016221   Thumb Code     0  arm_startup_nrf51.o(.text)
    CCM_AAR_IRQHandler                       0x00016221   Thumb Code     0  arm_startup_nrf51.o(.text)
    ECB_IRQHandler                           0x00016221   Thumb Code     0  arm_startup_nrf51.o(.text)
    LPCOMP_IRQHandler                        0x00016221   Thumb Code     0  arm_startup_nrf51.o(.text)
    POWER_CLOCK_IRQHandler                   0x00016221   Thumb Code     0  arm_startup_nrf51.o(.text)
    QDEC_IRQHandler                          0x00016221   Thumb Code     0  arm_startup_nrf51.o(.text)
    RADIO_IRQHandler                         0x00016221   Thumb Code     0  arm_startup_nrf51.o(.text)
    RNG_IRQHandler                           0x00016221   Thumb Code     0  arm_startup_nrf51.o(.text)
    RTC0_IRQHandler                          0x00016221   Thumb Code     0  arm_startup_nrf51.o(.text)
    SPI0_TWI0_IRQHandler                     0x00016221   Thumb Code     0  arm_startup_nrf51.o(.text)
    SPI1_TWI1_IRQHandler                     0x00016221   Thumb Code     0  arm_startup_nrf51.o(.text)
    SWI1_IRQHandler                          0x00016221   Thumb Code     0  arm_startup_nrf51.o(.text)
    SWI3_IRQHandler                          0x00016221   Thumb Code     0  arm_startup_nrf51.o(.text)
    SWI4_IRQHandler                          0x00016221   Thumb Code     0  arm_startup_nrf51.o(.text)
    SWI5_IRQHandler                          0x00016221   Thumb Code     0  arm_startup_nrf51.o(.text)
    TEMP_IRQHandler                          0x00016221   Thumb Code     0  arm_startup_nrf51.o(.text)
    TIMER0_IRQHandler                        0x00016221   Thumb Code     0  arm_startup_nrf51.o(.text)
    TIMER1_IRQHandler                        0x00016221   Thumb Code     0  arm_startup_nrf51.o(.text)
    TIMER2_IRQHandler                        0x00016221   Thumb Code     0  arm_startup_nrf51.o(.text)
    UART0_IRQHandler                         0x00016221   Thumb Code     0  arm_startup_nrf51.o(.text)
    WDT_IRQHandler                           0x00016221   Thumb Code     0  arm_startup_nrf51.o(.text)
    __user_initial_stackheap                 0x00016225   Thumb Code     0  arm_startup_nrf51.o(.text)
    memcmp                                   0x00016251   Thumb Code    90  memcmp.o(.text)
    __aeabi_memcpy                           0x000162ab   Thumb Code   130  rt_memcpy.o(.text)
    __rt_memcpy                              0x000162ab   Thumb Code     0  rt_memcpy.o(.text)
    _memset_w                                0x0001632d   Thumb Code    26  rt_memclr.o(.text)
    _memset                                  0x00016347   Thumb Code    30  rt_memclr.o(.text)
    __aeabi_memclr                           0x00016365   Thumb Code     4  rt_memclr.o(.text)
    __rt_memclr                              0x00016365   Thumb Code     0  rt_memclr.o(.text)
    __aeabi_memclr4                          0x00016369   Thumb Code     0  rt_memclr.o(.text)
    __aeabi_memclr8                          0x00016369   Thumb Code     0  rt_memclr.o(.text)
    __rt_memclr_w                            0x00016369   Thumb Code     4  rt_memclr.o(.text)
    __aeabi_uidiv                            0x0001636d   Thumb Code     0  aeabi_sdiv.o(.text)
    __aeabi_uidivmod                         0x0001636d   Thumb Code    20  aeabi_sdiv.o(.text)
    __aeabi_idiv                             0x00016381   Thumb Code     0  aeabi_sdiv.o(.text)
    __aeabi_idivmod                          0x00016381   Thumb Code   326  aeabi_sdiv.o(.text)
    __use_two_region_memory                  0x000164c7   Thumb Code     2  heapauxi.o(.text)
    __rt_heap_escrow$2region                 0x000164c9   Thumb Code     2  heapauxi.o(.text)
    __rt_heap_expand$2region                 0x000164cb   Thumb Code     2  heapauxi.o(.text)
    __user_setup_stackheap                   0x000164cd   Thumb Code    62  sys_stackheap_outer.o(.text)
    exit                                     0x0001650b   Thumb Code    12  exit.o(.text)
    __user_libspace                          0x00016519   Thumb Code     8  libspace.o(.text)
    __user_perproc_libspace                  0x00016519   Thumb Code     0  libspace.o(.text)
    __user_perthread_libspace                0x00016519   Thumb Code     0  libspace.o(.text)
    _sys_exit                                0x00016521   Thumb Code     8  sys_exit.o(.text)
    __I$use$semihosting                      0x0001652d   Thumb Code     0  use_no_semi.o(.text)
    __use_no_semihosting_swi                 0x0001652d   Thumb Code     2  use_no_semi.o(.text)
    __semihosting_library_function           0x0001652f   Thumb Code     0  indicate_semi.o(.text)
    GPIOTE_IRQHandler                        0x00016531   Thumb Code   158  app_gpiote.o(i.GPIOTE_IRQHandler)
    RTC1_IRQHandler                          0x00016699   Thumb Code    34  app_timer.o(i.RTC1_IRQHandler)
    SWI0_IRQHandler                          0x000166c1   Thumb Code     8  app_timer.o(i.SWI0_IRQHandler)
    SWI2_IRQHandler                          0x000166c9   Thumb Code    52  softdevice_handler.o(i.SWI2_IRQHandler)
    SystemInit                               0x00016705   Thumb Code    38  system_nrf51.o(i.SystemInit)
    __ARM_common_switch8                     0x0001673d   Thumb Code    28  pstorage.o(i.__ARM_common_switch8)
    app_error_handler                        0x00016961   Thumb Code    22  main.o(i.app_error_handler)
    app_timer_create                         0x00016a09   Thumb Code   108  app_timer.o(i.app_timer_create)
    app_timer_init                           0x00016a7d   Thumb Code   204  app_timer.o(i.app_timer_init)
    app_timer_start                          0x00016b6d   Thumb Code    98  app_timer.o(i.app_timer_start)
    app_timer_stop                           0x00016bd9   Thumb Code    60  app_timer.o(i.app_timer_stop)
    assert_nrf_callback                      0x00016c69   Thumb Code    14  main.o(i.assert_nrf_callback)
    ble_advdata_set                          0x00016c7d   Thumb Code   122  ble_advdata.o(i.ble_advdata_set)
    ble_conn_params_init                     0x00016cf9   Thumb Code    90  ble_conn_params.o(i.ble_conn_params_init)
    ble_conn_params_on_ble_evt               0x00016d71   Thumb Code    62  ble_conn_params.o(i.ble_conn_params_on_ble_evt)
    ble_nunchuck_init                        0x00016dc9   Thumb Code    88  nunchuck.o(i.ble_nunchuck_init)
    ble_nunchuck_send                        0x00016e29   Thumb Code   132  nunchuck.o(i.ble_nunchuck_send)
    bond_data_load                           0x00016f61   Thumb Code    62  device_manager_peripheral.o(i.bond_data_load)
    dm_ble_evt_handler                       0x00017811   Thumb Code  1308  device_manager_peripheral.o(i.dm_ble_evt_handler)
    dm_handle_initialize                     0x00017d41   Thumb Code    24  device_manager_peripheral.o(i.dm_handle_initialize)
    dm_init                                  0x00017d5d   Thumb Code   222  device_manager_peripheral.o(i.dm_init)
    dm_register                              0x00018049   Thumb Code   102  device_manager_peripheral.o(i.dm_register)
    initNunchuck                             0x00018433   Thumb Code    78  nunchuck.o(i.initNunchuck)
    intern_softdevice_events_execute         0x00018481   Thumb Code   168  softdevice_handler.o(i.intern_softdevice_events_execute)
    main                                     0x000187fd   Thumb Code    56  main.o(i.main)
    nrf_delay_ms                             0x0001894b   Thumb Code    24  nunchuck.o(i.nrf_delay_ms)
    nunchuck_char_add                        0x00018965   Thumb Code   244  nunchuck.o(i.nunchuck_char_add)
    pstorage_block_identifier_get            0x00018c4d   Thumb Code   136  pstorage.o(i.pstorage_block_identifier_get)
    pstorage_clear                           0x00018cdd   Thumb Code   166  pstorage.o(i.pstorage_clear)
    pstorage_init                            0x00018d8d   Thumb Code   196  pstorage.o(i.pstorage_init)
    pstorage_load                            0x00018e71   Thumb Code   226  pstorage.o(i.pstorage_load)
    pstorage_register                        0x00018f5d   Thumb Code   362  pstorage.o(i.pstorage_register)
    pstorage_store                           0x000190dd   Thumb Code   202  pstorage.o(i.pstorage_store)
    pstorage_sys_event_handler               0x000191b1   Thumb Code   326  pstorage.o(i.pstorage_sys_event_handler)
    pstorage_update                          0x00019309   Thumb Code   202  pstorage.o(i.pstorage_update)
    readNunchuckData                         0x000193dd   Thumb Code   188  nunchuck.o(i.readNunchuckData)
    softdevice_assertion_handler             0x00019691   Thumb Code    18  softdevice_handler.o(i.softdevice_assertion_handler)
    softdevice_ble_evt_handler_set           0x000196a5   Thumb Code    18  softdevice_handler.o(i.softdevice_ble_evt_handler_set)
    softdevice_handler_init                  0x000196bd   Thumb Code    84  softdevice_handler.o(i.softdevice_handler_init)
    softdevice_sys_evt_handler_set           0x00019725   Thumb Code    18  softdevice_handler.o(i.softdevice_sys_evt_handler_set)
    twi_master_init                          0x00019f51   Thumb Code    70  twi_sw_master.o(i.twi_master_init)
    twi_master_transfer                      0x0001a025   Thumb Code   128  twi_sw_master.o(i.twi_master_transfer)
    m_service_context_store                  0x0001a380   Data          16  device_manager_peripheral.o(.constdata)
    m_service_context_load                   0x0001a390   Data          16  device_manager_peripheral.o(.constdata)
    m_service_context_apply                  0x0001a3a0   Data          16  device_manager_peripheral.o(.constdata)
    m_context_init_len                       0x0001a3b0   Data           4  device_manager_peripheral.o(.constdata)
    Region$$Table$$Base                      0x0001a4a0   Number         0  anon$$obj.o(Region$$Table)
    Region$$Table$$Limit                     0x0001a4c0   Number         0  anon$$obj.o(Region$$Table)
    SystemCoreClock                          0x2000208c   Data           4  system_nrf51.o(.data)
    __libspace_start                         0x200025e0   Data          96  libspace.o(.bss)
    __temporary_stack_top$libspace           0x20002640   Data           0  libspace.o(.bss)



==============================================================================

Memory Map of the image

  Image Entry point : 0x000160c1

  Load Region LR_IROM1 (Base: 0x00016000, Size: 0x00004550, Max: 0x00029000, ABSOLUTE)

    Execution Region ER_IROM1 (Base: 0x00016000, Size: 0x000044c0, Max: 0x00029000, ABSOLUTE)

    Base Addr    Size         Type   Attr      Idx    E Section Name        Object

    0x00016000   0x000000c0   Data   RO         1740    RESET               arm_startup_nrf51.o
    0x000160c0   0x00000008   Code   RO         1807  * !!!main             c_p.l(__main.o)
    0x000160c8   0x0000003c   Code   RO         1975    !!!scatter          c_p.l(__scatter.o)
    0x00016104   0x0000001a   Code   RO         1977    !!handler_copy      c_p.l(__scatter_copy.o)
    0x0001611e   0x00000002   PAD
    0x00016120   0x0000001c   Code   RO         1979    !!handler_zi        c_p.l(__scatter_zi.o)
    0x0001613c   0x00000002   Code   RO         1845    .ARM.Collect$$libinit$$00000000  c_p.l(libinit.o)
    0x0001613e   0x00000000   Code   RO         1859    .ARM.Collect$$libinit$$00000002  c_p.l(libinit2.o)
    0x0001613e   0x00000000   Code   RO         1861    .ARM.Collect$$libinit$$00000004  c_p.l(libinit2.o)
    0x0001613e   0x00000000   Code   RO         1864    .ARM.Collect$$libinit$$0000000A  c_p.l(libinit2.o)
    0x0001613e   0x00000000   Code   RO         1866    .ARM.Collect$$libinit$$0000000C  c_p.l(libinit2.o)
    0x0001613e   0x00000000   Code   RO         1868    .ARM.Collect$$libinit$$0000000E  c_p.l(libinit2.o)
    0x0001613e   0x00000000   Code   RO         1871    .ARM.Collect$$libinit$$00000011  c_p.l(libinit2.o)
    0x0001613e   0x00000000   Code   RO         1873    .ARM.Collect$$libinit$$00000013  c_p.l(libinit2.o)
    0x0001613e   0x00000000   Code   RO         1875    .ARM.Collect$$libinit$$00000015  c_p.l(libinit2.o)
    0x0001613e   0x00000000   Code   RO         1877    .ARM.Collect$$libinit$$00000017  c_p.l(libinit2.o)
    0x0001613e   0x00000000   Code   RO         1879    .ARM.Collect$$libinit$$00000019  c_p.l(libinit2.o)
    0x0001613e   0x00000000   Code   RO         1881    .ARM.Collect$$libinit$$0000001B  c_p.l(libinit2.o)
    0x0001613e   0x00000000   Code   RO         1883    .ARM.Collect$$libinit$$0000001D  c_p.l(libinit2.o)
    0x0001613e   0x00000000   Code   RO         1885    .ARM.Collect$$libinit$$0000001F  c_p.l(libinit2.o)
    0x0001613e   0x00000000   Code   RO         1887    .ARM.Collect$$libinit$$00000021  c_p.l(libinit2.o)
    0x0001613e   0x00000000   Code   RO         1889    .ARM.Collect$$libinit$$00000023  c_p.l(libinit2.o)
    0x0001613e   0x00000000   Code   RO         1891    .ARM.Collect$$libinit$$00000025  c_p.l(libinit2.o)
    0x0001613e   0x00000000   Code   RO         1895    .ARM.Collect$$libinit$$0000002C  c_p.l(libinit2.o)
    0x0001613e   0x00000000   Code   RO         1897    .ARM.Collect$$libinit$$0000002E  c_p.l(libinit2.o)
    0x0001613e   0x00000000   Code   RO         1899    .ARM.Collect$$libinit$$00000030  c_p.l(libinit2.o)
    0x0001613e   0x00000000   Code   RO         1901    .ARM.Collect$$libinit$$00000032  c_p.l(libinit2.o)
    0x0001613e   0x00000002   Code   RO         1902    .ARM.Collect$$libinit$$00000033  c_p.l(libinit2.o)
    0x00016140   0x00000002   Code   RO         1933    .ARM.Collect$$libshutdown$$00000000  c_p.l(libshutdown.o)
    0x00016142   0x00000000   Code   RO         1960    .ARM.Collect$$libshutdown$$00000003  c_p.l(libshutdown2.o)
    0x00016142   0x00000000   Code   RO         1963    .ARM.Collect$$libshutdown$$00000006  c_p.l(libshutdown2.o)
    0x00016142   0x00000000   Code   RO         1966    .ARM.Collect$$libshutdown$$00000009  c_p.l(libshutdown2.o)
    0x00016142   0x00000000   Code   RO         1968    .ARM.Collect$$libshutdown$$0000000B  c_p.l(libshutdown2.o)
    0x00016142   0x00000000   Code   RO         1971    .ARM.Collect$$libshutdown$$0000000E  c_p.l(libshutdown2.o)
    0x00016142   0x00000002   Code   RO         1972    .ARM.Collect$$libshutdown$$0000000F  c_p.l(libshutdown2.o)
    0x00016144   0x00000000   Code   RO         1809    .ARM.Collect$$rtentry$$00000000  c_p.l(__rtentry.o)
    0x00016144   0x00000000   Code   RO         1815    .ARM.Collect$$rtentry$$00000002  c_p.l(__rtentry2.o)
    0x00016144   0x00000006   Code   RO         1827    .ARM.Collect$$rtentry$$00000004  c_p.l(__rtentry4.o)
    0x0001614a   0x00000000   Code   RO         1817    .ARM.Collect$$rtentry$$00000009  c_p.l(__rtentry2.o)
    0x0001614a   0x00000004   Code   RO         1818    .ARM.Collect$$rtentry$$0000000A  c_p.l(__rtentry2.o)
    0x0001614e   0x00000000   Code   RO         1820    .ARM.Collect$$rtentry$$0000000C  c_p.l(__rtentry2.o)
    0x0001614e   0x00000008   Code   RO         1821    .ARM.Collect$$rtentry$$0000000D  c_p.l(__rtentry2.o)
    0x00016156   0x00000002   Code   RO         1850    .ARM.Collect$$rtexit$$00000000  c_p.l(rtexit.o)
    0x00016158   0x00000000   Code   RO         1906    .ARM.Collect$$rtexit$$00000002  c_p.l(rtexit2.o)
    0x00016158   0x00000004   Code   RO         1907    .ARM.Collect$$rtexit$$00000003  c_p.l(rtexit2.o)
    0x0001615c   0x00000006   Code   RO         1908    .ARM.Collect$$rtexit$$00000004  c_p.l(rtexit2.o)
    0x00016162   0x00000002   PAD
    0x00016164   0x0000001e   Code   RO          309    .emb_text           nunchuck.o
    0x00016182   0x00000002   PAD
    0x00016184   0x0000001e   Code   RO          376    .emb_text           twi_sw_master.o
    0x000161a2   0x00000002   PAD
    0x000161a4   0x0000001e   Code   RO         1341    .emb_text           app_timer.o
    0x000161c2   0x00000002   PAD
    0x000161c4   0x00000038   Code   RO         1793    .emb_text           c_p.l(rt_memcpy.o)
    0x000161fc   0x00000054   Code   RO         1741    .text               arm_startup_nrf51.o
    0x00016250   0x0000005a   Code   RO         1789    .text               c_p.l(memcmp.o)
    0x000162aa   0x00000082   Code   RO         1794    .text               c_p.l(rt_memcpy.o)
    0x0001632c   0x00000040   Code   RO         1797    .text               c_p.l(rt_memclr.o)
    0x0001636c   0x0000015a   Code   RO         1801    .text               c_p.l(aeabi_sdiv.o)
    0x000164c6   0x00000006   Code   RO         1805    .text               c_p.l(heapauxi.o)
    0x000164cc   0x0000003e   Code   RO         1831    .text               c_p.l(sys_stackheap_outer.o)
    0x0001650a   0x0000000c   Code   RO         1834    .text               c_p.l(exit.o)
    0x00016516   0x00000002   PAD
    0x00016518   0x00000008   Code   RO         1846    .text               c_p.l(libspace.o)
    0x00016520   0x0000000c   Code   RO         1903    .text               c_p.l(sys_exit.o)
    0x0001652c   0x00000002   Code   RO         1922    .text               c_p.l(use_no_semi.o)
    0x0001652e   0x00000000   Code   RO         1924    .text               c_p.l(indicate_semi.o)
    0x0001652e   0x00000002   PAD
    0x00016530   0x000000b4   Code   RO         1568    i.GPIOTE_IRQHandler  app_gpiote.o
    0x000165e4   0x00000014   Code   RO         1342    i.NVIC_ClearPendingIRQ  app_timer.o
    0x000165f8   0x00000014   Code   RO         1343    i.NVIC_EnableIRQ    app_timer.o
    0x0001660c   0x00000014   Code   RO         1344    i.NVIC_SetPendingIRQ  app_timer.o
    0x00016620   0x00000078   Code   RO         1345    i.NVIC_SetPriority  app_timer.o
    0x00016698   0x00000028   Code   RO         1346    i.RTC1_IRQHandler   app_timer.o
    0x000166c0   0x00000008   Code   RO         1347    i.SWI0_IRQHandler   app_timer.o
    0x000166c8   0x0000003c   Code   RO         1270    i.SWI2_IRQHandler   softdevice_handler.o
    0x00016704   0x00000038   Code   RO         1748    i.SystemInit        system_nrf51.o
    0x0001673c   0x0000001c   Code   RO          654    i.__ARM_common_switch8  pstorage.o
    0x00016758   0x0000012e   Code   RO          674    i.adv_data_encode   ble_advdata.o
    0x00016886   0x00000022   Code   RO          675    i.advdata_check     ble_advdata.o
    0x000168a8   0x00000084   Code   RO            3    i.advertising_init  main.o
    0x0001692c   0x00000034   Code   RO            4    i.advertising_start  main.o
    0x00016960   0x00000020   Code   RO            5    i.app_error_handler  main.o
    0x00016980   0x0000001c   Code   RO          989    i.app_evt_notify    device_manager_peripheral.o
    0x0001699c   0x0000006c   Code   RO          548    i.app_notify        pstorage.o
    0x00016a08   0x00000074   Code   RO         1350    i.app_timer_create  app_timer.o
    0x00016a7c   0x000000f0   Code   RO         1351    i.app_timer_init    app_timer.o
    0x00016b6c   0x0000006c   Code   RO         1352    i.app_timer_start   app_timer.o
    0x00016bd8   0x00000044   Code   RO         1353    i.app_timer_stop    app_timer.o
    0x00016c1c   0x0000004a   Code   RO          676    i.appearance_encode  ble_advdata.o
    0x00016c66   0x00000002   PAD
    0x00016c68   0x00000014   Code   RO            6    i.assert_nrf_callback  main.o
    0x00016c7c   0x0000007a   Code   RO          677    i.ble_advdata_set   ble_advdata.o
    0x00016cf6   0x00000002   PAD
    0x00016cf8   0x00000078   Code   RO          790    i.ble_conn_params_init  ble_conn_params.o
    0x00016d70   0x0000003e   Code   RO          791    i.ble_conn_params_on_ble_evt  ble_conn_params.o
    0x00016dae   0x00000018   Code   RO            7    i.ble_evt_dispatch  main.o
    0x00016dc6   0x00000002   PAD
    0x00016dc8   0x00000060   Code   RO          310    i.ble_nunchuck_init  nunchuck.o
    0x00016e28   0x0000008c   Code   RO          311    i.ble_nunchuck_send  nunchuck.o
    0x00016eb4   0x000000ac   Code   RO            8    i.ble_stack_init    main.o
    0x00016f60   0x00000050   Code   RO          990    i.bond_data_load    device_manager_peripheral.o
    0x00016fb0   0x00000174   Code   RO          549    i.cmd_process       pstorage.o
    0x00017124   0x00000024   Code   RO          550    i.cmd_queue_dequeue  pstorage.o
    0x00017148   0x0000003c   Code   RO          551    i.cmd_queue_element_init  pstorage.o
    0x00017184   0x00000090   Code   RO          552    i.cmd_queue_enqueue  pstorage.o
    0x00017214   0x00000034   Code   RO          553    i.cmd_queue_init    pstorage.o
    0x00017248   0x00000090   Code   RO         1355    i.compare_reg_update  app_timer.o
    0x000172d8   0x0000005c   Code   RO          678    i.conn_int_check    ble_advdata.o
    0x00017334   0x0000005c   Code   RO          679    i.conn_int_encode   ble_advdata.o
    0x00017390   0x00000068   Code   RO            9    i.conn_params_init  main.o
    0x000173f8   0x00000094   Code   RO          793    i.conn_params_negotiation  ble_conn_params.o
    0x0001748c   0x00000048   Code   RO          991    i.connection_instance_find  device_manager_peripheral.o
    0x000174d4   0x00000038   Code   RO          992    i.connection_instance_init  device_manager_peripheral.o
    0x0001750c   0x0000005c   Code   RO         1356    i.current_int_priority_get  app_timer.o
    0x00017568   0x000000d0   Code   RO          993    i.device_context_store  device_manager_peripheral.o
    0x00017638   0x0000007c   Code   RO          994    i.device_instance_allocate  device_manager_peripheral.o
    0x000176b4   0x00000058   Code   RO          995    i.device_instance_find  device_manager_peripheral.o
    0x0001770c   0x00000030   Code   RO           10    i.device_manager_evt_handler  main.o
    0x0001773c   0x000000d4   Code   RO           11    i.device_manager_init  main.o
    0x00017810   0x00000530   Code   RO         1001    i.dm_ble_evt_handler  device_manager_peripheral.o
    0x00017d40   0x0000001c   Code   RO         1005    i.dm_handle_initialize  device_manager_peripheral.o
    0x00017d5c   0x00000100   Code   RO         1006    i.dm_init           device_manager_peripheral.o
    0x00017e5c   0x000001ec   Code   RO         1009    i.dm_pstorage_cb_handler  device_manager_peripheral.o
    0x00018048   0x00000074   Code   RO         1010    i.dm_register       device_manager_peripheral.o
    0x000180bc   0x00000064   Code   RO         1357    i.elapsed_ticks_acquire  app_timer.o
    0x00018120   0x0000006c   Code   RO         1358    i.expired_timers_handler  app_timer.o
    0x0001818c   0x000000b0   Code   RO           12    i.gap_params_init   main.o
    0x0001823c   0x00000006   Code   RO         1017    i.gattc_context_apply  device_manager_peripheral.o
    0x00018242   0x00000006   Code   RO         1018    i.gattc_context_load  device_manager_peripheral.o
    0x00018248   0x00000006   Code   RO         1019    i.gattc_context_store  device_manager_peripheral.o
    0x0001824e   0x00000002   PAD
    0x00018250   0x00000080   Code   RO         1020    i.gatts_context_apply  device_manager_peripheral.o
    0x000182d0   0x00000044   Code   RO         1021    i.gatts_context_load  device_manager_peripheral.o
    0x00018314   0x000000c8   Code   RO         1022    i.gatts_context_store  device_manager_peripheral.o
    0x000183dc   0x0000001a   Code   RO         1023    i.gattsc_context_apply  device_manager_peripheral.o
    0x000183f6   0x0000001e   Code   RO         1024    i.gattsc_context_load  device_manager_peripheral.o
    0x00018414   0x0000001e   Code   RO         1025    i.gattsc_context_store  device_manager_peripheral.o
    0x00018432   0x0000004e   Code   RO          312    i.initNunchuck      nunchuck.o
    0x00018480   0x000000c0   Code   RO         1271    i.intern_softdevice_events_execute  softdevice_handler.o
    0x00018540   0x00000024   Code   RO          794    i.is_conn_params_ok  ble_conn_params.o
    0x00018564   0x00000038   Code   RO         1749    i.is_disabled_in_debug_needed  system_nrf51.o
    0x0001859c   0x0000006c   Code   RO         1750    i.is_manual_peripheral_setup_needed  system_nrf51.o
    0x00018608   0x00000012   Code   RO          554    i.is_word_aligned   pstorage.o
    0x0001861a   0x00000002   PAD
    0x0001861c   0x000000c0   Code   RO         1359    i.list_deletions_handler  app_timer.o
    0x000186dc   0x00000120   Code   RO         1360    i.list_insertions_handler  app_timer.o
    0x000187fc   0x0000003c   Code   RO           14    i.main              main.o
    0x00018838   0x0000006a   Code   RO          680    i.manuf_specific_data_encode  ble_advdata.o
    0x000188a2   0x00000096   Code   RO          681    i.name_encode       ble_advdata.o
    0x00018938   0x00000006   Code   RO         1026    i.no_service_context_apply  device_manager_peripheral.o
    0x0001893e   0x00000006   Code   RO         1027    i.no_service_context_load  device_manager_peripheral.o
    0x00018944   0x00000006   Code   RO         1028    i.no_service_context_store  device_manager_peripheral.o
    0x0001894a   0x00000018   Code   RO          313    i.nrf_delay_ms      nunchuck.o
    0x00018962   0x00000002   PAD
    0x00018964   0x000000f8   Code   RO          314    i.nunchuck_char_add  nunchuck.o
    0x00018a5c   0x00000084   Code   RO           17    i.on_ble_evt        main.o
    0x00018ae0   0x00000018   Code   RO          795    i.on_conn_params_update  ble_conn_params.o
    0x00018af8   0x0000003c   Code   RO          796    i.on_connect        ble_conn_params.o
    0x00018b34   0x00000044   Code   RO          797    i.on_disconnect     ble_conn_params.o
    0x00018b78   0x00000028   Code   RO           18    i.on_sys_evt        main.o
    0x00018ba0   0x0000005c   Code   RO          798    i.on_write          ble_conn_params.o
    0x00018bfc   0x00000050   Code   RO         1029    i.peer_instance_init  device_manager_peripheral.o
    0x00018c4c   0x00000090   Code   RO          556    i.pstorage_block_identifier_get  pstorage.o
    0x00018cdc   0x000000b0   Code   RO          557    i.pstorage_clear    pstorage.o
    0x00018d8c   0x000000e4   Code   RO          558    i.pstorage_init     pstorage.o
    0x00018e70   0x000000ec   Code   RO          559    i.pstorage_load     pstorage.o
    0x00018f5c   0x00000180   Code   RO          560    i.pstorage_register  pstorage.o
    0x000190dc   0x000000d4   Code   RO          561    i.pstorage_store    pstorage.o
    0x000191b0   0x00000158   Code   RO          562    i.pstorage_sys_event_handler  pstorage.o
    0x00019308   0x000000d4   Code   RO          563    i.pstorage_update   pstorage.o
    0x000193dc   0x000000bc   Code   RO          315    i.readNunchuckData  nunchuck.o
    0x00019498   0x0000000c   Code   RO         1361    i.rtc1_counter_get  app_timer.o
    0x000194a4   0x00000018   Code   RO         1362    i.rtc1_init         app_timer.o
    0x000194bc   0x0000003c   Code   RO         1363    i.rtc1_start        app_timer.o
    0x000194f8   0x00000058   Code   RO         1364    i.rtc1_stop         app_timer.o
    0x00019550   0x00000080   Code   RO         1576    i.sense_level_toggle  app_gpiote.o
    0x000195d0   0x0000008c   Code   RO          682    i.service_data_encode  ble_advdata.o
    0x0001965c   0x00000034   Code   RO           19    i.services_init     main.o
    0x00019690   0x00000012   Code   RO         1272    i.softdevice_assertion_handler  softdevice_handler.o
    0x000196a2   0x00000002   PAD
    0x000196a4   0x00000018   Code   RO         1273    i.softdevice_ble_evt_handler_set  softdevice_handler.o
    0x000196bc   0x00000068   Code   RO         1274    i.softdevice_handler_init  softdevice_handler.o
    0x00019724   0x00000018   Code   RO         1276    i.softdevice_sys_evt_handler_set  softdevice_handler.o
    0x0001973c   0x00000010   Code   RO          683    i.srdata_check      ble_advdata.o
    0x0001974c   0x00000008   Code   RO         1030    i.storage_operation_dummy_handler  device_manager_peripheral.o
    0x00019754   0x0000024c   Code   RO          564    i.swap_state_process  pstorage.o
    0x000199a0   0x00000012   Code   RO           21    i.sys_evt_dispatch  main.o
    0x000199b2   0x0000000a   Code   RO         1365    i.ticks_diff_get    app_timer.o
    0x000199bc   0x00000044   Code   RO         1366    i.timeout_handler_exec  app_timer.o
    0x00019a00   0x00000050   Code   RO         1367    i.timer_list_handler  app_timer.o
    0x00019a50   0x0000000a   Code   RO         1368    i.timer_list_handler_sched  app_timer.o
    0x00019a5a   0x00000002   PAD
    0x00019a5c   0x000000dc   Code   RO         1369    i.timer_list_insert  app_timer.o
    0x00019b38   0x000000b4   Code   RO         1370    i.timer_list_remove  app_timer.o
    0x00019bec   0x00000054   Code   RO         1371    i.timer_start_op_schedule  app_timer.o
    0x00019c40   0x00000040   Code   RO         1373    i.timer_stop_op_schedule  app_timer.o
    0x00019c80   0x0000009c   Code   RO         1374    i.timer_timeouts_check  app_timer.o
    0x00019d1c   0x0000000a   Code   RO         1375    i.timer_timeouts_check_sched  app_timer.o
    0x00019d26   0x00000002   PAD
    0x00019d28   0x00000040   Code   RO           22    i.timers_init       main.o
    0x00019d68   0x00000094   Code   RO          377    i.twi_master_clear_bus  twi_sw_master.o
    0x00019dfc   0x000000b4   Code   RO          378    i.twi_master_clock_byte  twi_sw_master.o
    0x00019eb0   0x000000a0   Code   RO          379    i.twi_master_clock_byte_in  twi_sw_master.o
    0x00019f50   0x00000050   Code   RO          380    i.twi_master_init   twi_sw_master.o
    0x00019fa0   0x0000004c   Code   RO          381    i.twi_master_issue_startcondition  twi_sw_master.o
    0x00019fec   0x00000038   Code   RO          382    i.twi_master_issue_stopcondition  twi_sw_master.o
    0x0001a024   0x00000080   Code   RO          383    i.twi_master_transfer  twi_sw_master.o
    0x0001a0a4   0x0000002c   Code   RO          384    i.twi_master_wait_while_scl_low  twi_sw_master.o
    0x0001a0d0   0x00000030   Code   RO          684    i.tx_power_level_encode  ble_advdata.o
    0x0001a100   0x00000012   Code   RO          685    i.uint16_encode     ble_advdata.o
    0x0001a112   0x00000052   Code   RO          686    i.uint8_array_encode  ble_advdata.o
    0x0001a164   0x00000014   Code   RO         1031    i.update_status_bit_reset  device_manager_peripheral.o
    0x0001a178   0x0000009c   Code   RO          799    i.update_timeout_handler  ble_conn_params.o
    0x0001a214   0x00000022   Code   RO         1376    i.user_id_get       app_timer.o
    0x0001a236   0x0000002c   Code   RO         1377    i.user_op_alloc     app_timer.o
    0x0001a262   0x00000004   Code   RO         1378    i.user_op_enque     app_timer.o
    0x0001a266   0x00000040   Code   RO          687    i.uuid_list_encode  ble_advdata.o
    0x0001a2a6   0x000000c4   Code   RO          688    i.uuid_list_sized_encode  ble_advdata.o
    0x0001a36a   0x00000002   PAD
    0x0001a36c   0x00000004   Data   RO           24    .constdata          main.o
    0x0001a370   0x00000010   Data   RO          316    .constdata          nunchuck.o
    0x0001a380   0x00000034   Data   RO         1033    .constdata          device_manager_peripheral.o
    0x0001a3b4   0x0000005c   Data   RO         1034    .conststring        device_manager_peripheral.o
    0x0001a410   0x0000004c   Data   RO         1277    .conststring        softdevice_handler.o
    0x0001a45c   0x00000044   Data   RO         1379    .conststring        app_timer.o
    0x0001a4a0   0x00000020   Data   RO         1973    Region$$Table       anon$$obj.o


    Execution Region RW_IRAM1 (Base: 0x20002000, Size: 0x00001640, Max: 0x00002000, ABSOLUTE)

    Base Addr    Size         Type   Attr      Idx    E Section Name        Object

    0x20002000   0x00000002   Data   RW           25    .data               main.o
    0x20002002   0x00000002   PAD
    0x20002004   0x0000000c   Data   RW          566    .data               pstorage.o
    0x20002010   0x00000019   Data   RW          801    .data               ble_conn_params.o
    0x20002029   0x00000003   PAD
    0x2000202c   0x00000014   Data   RW         1035    .data               device_manager_peripheral.o
    0x20002040   0x00000014   Data   RW         1278    .data               softdevice_handler.o
    0x20002054   0x00000029   Data   RW         1380    .data               app_timer.o
    0x2000207d   0x00000003   PAD
    0x20002080   0x0000000c   Data   RW         1577    .data               app_gpiote.o
    0x2000208c   0x00000004   Data   RW         1751    .data               system_nrf51.o
    0x20002090   0x0000034c   Zero   RW           23    .bss                main.o
    0x200023dc   0x000000dc   Zero   RW          565    .bss                pstorage.o
    0x200024b8   0x0000001c   Zero   RW          800    .bss                ble_conn_params.o
    0x200024d4   0x0000010c   Zero   RW         1032    .bss                device_manager_peripheral.o
    0x200025e0   0x00000060   Zero   RW         1847    .bss                c_p.l(libspace.o)
    0x20002640   0x00000800   Zero   RW         1739    HEAP                arm_startup_nrf51.o
    0x20002e40   0x00000800   Zero   RW         1738    STACK               arm_startup_nrf51.o


==============================================================================

Image component sizes


      Code (inc. data)   RO Data    RW Data    ZI Data      Debug   Object Name

       308         22          0         12          0       3768   app_gpiote.o
      2862        306         68         41          0      34599   app_timer.o
        84         36        192          0       4096        680   arm_startup_nrf51.o
      1536          4          0          0          0      14370   ble_advdata.o
       766        126          0         25         28      16108   ble_conn_params.o
      3502        278        144         20        268      28945   device_manager_peripheral.o
      1338        226          4          2        844      81857   main.o
       804         20         16          0          0       5573   nunchuck.o
      3342        188          0         12        220      16801   pstorage.o
       422         64         76         20          0       8896   softdevice_handler.o
       220         26          0          4          0       1835   system_nrf51.o
       902         40          0          0          0       6852   twi_sw_master.o

    ----------------------------------------------------------------------
     16112       1336        532        144       5456     220284   Object Totals
         0          0         32          0          0          0   (incl. Generated)
        26          0          0          8          0          0   (incl. Padding)

    ----------------------------------------------------------------------

      Code (inc. data)   RO Data    RW Data    ZI Data      Debug   Library Member Name

         8          0          0          0          0         68   __main.o
         0          0          0          0          0          0   __rtentry.o
        12          0          0          0          0          0   __rtentry2.o
         6          0          0          0          0          0   __rtentry4.o
        60          8          0          0          0          0   __scatter.o
        26          0          0          0          0          0   __scatter_copy.o
        28          0          0          0          0          0   __scatter_zi.o
       346          0          0          0          0         92   aeabi_sdiv.o
        12          0          0          0          0         64   exit.o
         6          0          0          0          0        136   heapauxi.o
         0          0          0          0          0          0   indicate_semi.o
         2          0          0          0          0          0   libinit.o
         2          0          0          0          0          0   libinit2.o
         2          0          0          0          0          0   libshutdown.o
         2          0          0          0          0          0   libshutdown2.o
         8          4          0          0         96         68   libspace.o
        90          0          0          0          0         68   memcmp.o
        64          0          0          0          0        108   rt_memclr.o
       186          0          0          0          0        144   rt_memcpy.o
         2          0          0          0          0          0   rtexit.o
        10          0          0          0          0          0   rtexit2.o
        12          4          0          0          0         60   sys_exit.o
        62          0          0          0          0         80   sys_stackheap_outer.o
         2          0          0          0          0         68   use_no_semi.o

    ----------------------------------------------------------------------
       956         16          0          0         96        956   Library Totals
         8          0          0          0          0          0   (incl. Padding)

    ----------------------------------------------------------------------

      Code (inc. data)   RO Data    RW Data    ZI Data      Debug   Library Name

       948         16          0          0         96        956   c_p.l

    ----------------------------------------------------------------------
       956         16          0          0         96        956   Library Totals

    ----------------------------------------------------------------------

==============================================================================


      Code (inc. data)   RO Data    RW Data    ZI Data      Debug   

     17068       1352        532        144       5552     214596   Grand Totals
     17068       1352        532        144       5552     214596   ELF Image Totals
     17068       1352        532        144          0          0   ROM Totals

==============================================================================

    Total RO  Size (Code + RO Data)                17600 (  17.19kB)
    Total RW  Size (RW Data + ZI Data)              5696 (   5.56kB)
    Total ROM Size (Code + RO Data + RW Data)      17744 (  17.33kB)

==============================================================================

