Archive member included because of file (symbol)

/Users/tnesheim/GitHub/GradOS_FinalProject/with_riot/nodes/riot_nodes/master_node/bin/pca10001/core.a(kernel_init.o)
                              /Users/tnesheim/GitHub/GradOS_FinalProject/with_riot/nodes/riot_nodes/master_node/bin/pca10001/cpu/startup.o (kernel_init)
/Users/tnesheim/GitHub/GradOS_FinalProject/with_riot/nodes/riot_nodes/master_node/bin/pca10001/core.a(mutex.o)
                              /Users/tnesheim/GitHub/GradOS_FinalProject/with_riot/nodes/riot_nodes/master_node/bin/pca10001/cpu/syscalls.o (mutex_lock)
/Users/tnesheim/GitHub/GradOS_FinalProject/with_riot/nodes/riot_nodes/master_node/bin/pca10001/core.a(panic.o)
                              /Users/tnesheim/GitHub/GradOS_FinalProject/with_riot/nodes/riot_nodes/master_node/bin/pca10001/cpu/startup.o (core_panic)
/Users/tnesheim/GitHub/GradOS_FinalProject/with_riot/nodes/riot_nodes/master_node/bin/pca10001/core.a(priority_queue.o)
                              /Users/tnesheim/GitHub/GradOS_FinalProject/with_riot/nodes/riot_nodes/master_node/bin/pca10001/core.a(mutex.o) (priority_queue_remove_head)
/Users/tnesheim/GitHub/GradOS_FinalProject/with_riot/nodes/riot_nodes/master_node/bin/pca10001/core.a(ringbuffer.o)
                              /Users/tnesheim/GitHub/GradOS_FinalProject/with_riot/nodes/riot_nodes/master_node/bin/pca10001/cpu/syscalls.o (ringbuffer_add_one)
/Users/tnesheim/GitHub/GradOS_FinalProject/with_riot/nodes/riot_nodes/master_node/bin/pca10001/core.a(sched.o)
                              /Users/tnesheim/GitHub/GradOS_FinalProject/with_riot/nodes/riot_nodes/master_node/bin/pca10001/core.a(mutex.o) (sched_set_status)
/Users/tnesheim/GitHub/GradOS_FinalProject/with_riot/nodes/riot_nodes/master_node/bin/pca10001/core.a(thread.o)
                              /Users/tnesheim/GitHub/GradOS_FinalProject/with_riot/nodes/riot_nodes/master_node/bin/pca10001/core.a(kernel_init.o) (thread_create)
/Users/tnesheim/GitHub/GradOS_FinalProject/with_riot/nodes/riot_nodes/master_node/bin/pca10001/core.a(atomic.o)
                              /Users/tnesheim/GitHub/GradOS_FinalProject/with_riot/nodes/riot_nodes/master_node/bin/pca10001/core.a(mutex.o) (atomic_arch_set_return)
/Users/tnesheim/GitHub/GradOS_FinalProject/with_riot/nodes/riot_nodes/master_node/bin/pca10001/core.a(bitarithm.o)
                              /Users/tnesheim/GitHub/GradOS_FinalProject/with_riot/nodes/riot_nodes/master_node/bin/pca10001/core.a(sched.o) (bitarithm_lsb)
/Users/tnesheim/GitHub/GradOS_FinalProject/with_riot/nodes/riot_nodes/master_node/bin/pca10001/core.a(clist.o)
                              /Users/tnesheim/GitHub/GradOS_FinalProject/with_riot/nodes/riot_nodes/master_node/bin/pca10001/core.a(sched.o) (clist_add)
/Users/tnesheim/GitHub/GradOS_FinalProject/with_riot/nodes/riot_nodes/master_node/bin/pca10001/core.a(hwtimer.o)
                              /Users/tnesheim/GitHub/GradOS_FinalProject/with_riot/nodes/riot_nodes/master_node/bin/pca10001/core.a(kernel_init.o) (hwtimer_init)
/Users/tnesheim/GitHub/GradOS_FinalProject/with_riot/nodes/riot_nodes/master_node/bin/pca10001/core.a(lifo.o)
                              /Users/tnesheim/GitHub/GradOS_FinalProject/with_riot/nodes/riot_nodes/master_node/bin/pca10001/core.a(hwtimer.o) (lifo_empty)
/Users/tnesheim/GitHub/GradOS_FinalProject/with_riot/nodes/riot_nodes/master_node/bin/pca10001/cortex-m0_common.a(irq_arch.o)
                              /Users/tnesheim/GitHub/GradOS_FinalProject/with_riot/nodes/riot_nodes/master_node/bin/pca10001/cpu/syscalls.o (irq_arch_disable)
/Users/tnesheim/GitHub/GradOS_FinalProject/with_riot/nodes/riot_nodes/master_node/bin/pca10001/cortex-m0_common.a(panic.o)
                              /Users/tnesheim/GitHub/GradOS_FinalProject/with_riot/nodes/riot_nodes/master_node/bin/pca10001/core.a(panic.o) (panic_arch)
/Users/tnesheim/GitHub/GradOS_FinalProject/with_riot/nodes/riot_nodes/master_node/bin/pca10001/cortex-m0_common.a(thread_arch.o)
                              /Users/tnesheim/GitHub/GradOS_FinalProject/with_riot/nodes/riot_nodes/master_node/bin/pca10001/core.a(thread.o) (thread_arch_stack_init)
/Users/tnesheim/GitHub/GradOS_FinalProject/with_riot/nodes/riot_nodes/master_node/bin/pca10001/cpu.a(hwtimer_arch.o)
                              /Users/tnesheim/GitHub/GradOS_FinalProject/with_riot/nodes/riot_nodes/master_node/bin/pca10001/core.a(hwtimer.o) (hwtimer_arch_init)
/Users/tnesheim/GitHub/GradOS_FinalProject/with_riot/nodes/riot_nodes/master_node/bin/pca10001/cpu.a(lpm_arch.o)
                              /Users/tnesheim/GitHub/GradOS_FinalProject/with_riot/nodes/riot_nodes/master_node/bin/pca10001/core.a(kernel_init.o) (lpm_arch_set)
/Users/tnesheim/GitHub/GradOS_FinalProject/with_riot/nodes/riot_nodes/master_node/bin/pca10001/periph.a(timer.o)
[...]
Memory Configuration

Name             Origin             Length             Attributes
rom              0x0000000000000000 0x0000000000040000 xr
ram              0x0000000020000000 0x0000000000004000 xrw
*default*        0x0000000000000000 0xffffffffffffffff

Linker script and memory map

LOAD /Users/tnesheim/GitHub/GradOS_FinalProject/with_riot/nodes/riot_nodes/master_node/bin/pca10001/cpu/syscalls.o
LOAD /Users/tnesheim/GitHub/GradOS_FinalProject/with_riot/nodes/riot_nodes/master_node/bin/pca10001/cpu/startup.o
START GROUP
LOAD /Users/tnesheim/GitHub/GradOS_FinalProject/with_riot/nodes/riot_nodes/master_node/bin/pca10001/auto_init.a
LOAD /Users/tnesheim/GitHub/GradOS_FinalProject/with_riot/nodes/riot_nodes/master_node/bin/pca10001/core.a
LOAD /Users/tnesheim/GitHub/GradOS_FinalProject/with_riot/nodes/riot_nodes/master_node/bin/pca10001/cortex-m0_common.a
LOAD /Users/tnesheim/GitHub/GradOS_FinalProject/with_riot/nodes/riot_nodes/master_node/bin/pca10001/cpu.a
LOAD /Users/tnesheim/GitHub/GradOS_FinalProject/with_riot/nodes/riot_nodes/master_node/bin/pca10001/nrf51822BLE.a
LOAD /Users/tnesheim/GitHub/GradOS_FinalProject/with_riot/nodes/riot_nodes/master_node/bin/pca10001/periph.a
LOAD /Users/tnesheim/GitHub/GradOS_FinalProject/with_riot/nodes/riot_nodes/master_node/bin/pca10001/sys.a
LOAD /Users/tnesheim/GitHub/GradOS_FinalProject/with_riot/nodes/riot_nodes/master_node/bin/pca10001/timex.a
LOAD /Users/tnesheim/GitHub/GradOS_FinalProject/with_riot/nodes/riot_nodes/master_node/bin/pca10001/transceiver.a
LOAD /Users/tnesheim/GitHub/GradOS_FinalProject/with_riot/nodes/riot_nodes/master_node/bin/pca10001/vtimer.a
LOAD /Users/tnesheim/GitHub/GradOS_FinalProject/with_riot/nodes/riot_nodes/master_node/bin/pca10001/pca10001_base.a
LOAD /Users/tnesheim/GitHub/GradOS_FinalProject/with_riot/nodes/riot_nodes/master_node/bin/pca10001/master_node.a
LOAD /Users/tnesheim/GitHub/RIOT/gcc-arm-none-eabi-4_9-2015q1/bin/../lib/gcc/arm-none-eabi/4.9.3/../../../../arm-none-eabi/lib/armv6-m/libm.a
END GROUP
LOAD /Users/tnesheim/GitHub/RIOT/gcc-arm-none-eabi-4_9-2015q1/bin/../lib/gcc/arm-none-eabi/4.9.3/armv6-m/libgcc.a
LOAD /Users/tnesheim/GitHub/RIOT/gcc-arm-none-eabi-4_9-2015q1/bin/../lib/gcc/arm-none-eabi/4.9.3/../../../../arm-none-eabi/lib/armv6-m/libc_nano.a
LOAD /Users/tnesheim/GitHub/RIOT/gcc-arm-none-eabi-4_9-2015q1/bin/../lib/gcc/arm-none-eabi/4.9.3/../../../../arm-none-eabi/lib/armv6-m/libnosys.a
START GROUP
LOAD /Users/tnesheim/GitHub/RIOT/gcc-arm-none-eabi-4_9-2015q1/bin/../lib/gcc/arm-none-eabi/4.9.3/armv6-m/libgcc.a
LOAD /Users/tnesheim/GitHub/RIOT/gcc-arm-none-eabi-4_9-2015q1/bin/../lib/gcc/arm-none-eabi/4.9.3/../../../../arm-none-eabi/lib/armv6-m/libg_nano.a
LOAD /Users/tnesheim/GitHub/RIOT/gcc-arm-none-eabi-4_9-2015q1/bin/../lib/gcc/arm-none-eabi/4.9.3/../../../../arm-none-eabi/lib/armv6-m/libc_nano.a
END GROUP
START GROUP
LOAD /Users/tnesheim/GitHub/RIOT/gcc-arm-none-eabi-4_9-2015q1/bin/../lib/gcc/arm-none-eabi/4.9.3/armv6-m/libgcc.a
LOAD /Users/tnesheim/GitHub/RIOT/gcc-arm-none-eabi-4_9-2015q1/bin/../lib/gcc/arm-none-eabi/4.9.3/../../../../arm-none-eabi/lib/armv6-m/libc_nano.a
END GROUP
                0x0000000000000200                STACK_SIZE = DEFINED (STACK_SIZE)?STACK_SIZE:0x200

.text           0x0000000000000000     0x3ff0
                0x0000000000000000                . = ALIGN (0x4)
                0x0000000000000000                _sfixed = .
 *(.vectors .vectors.*)
 .vectors       0x0000000000000000       0xc0 /Users/tnesheim/GitHub/GradOS_FinalProject/with_riot/nodes/riot_nodes/master_node/bin/pca10001/cpu/startup.o
                0x0000000000000000                interrupt_vector
 *(.text .text.* .gnu.linkonce.t.*)
 .text          0x00000000000000c0        0x0 /Users/tnesheim/GitHub/GradOS_FinalProject/with_riot/nodes/riot_nodes/master_node/bin/pca10001/cpu/syscalls.o
 .text.rx_cb    0x00000000000000c0       0x18 /Users/tnesheim/GitHub/GradOS_FinalProject/with_riot/nodes/riot_nodes/master_node/bin/pca10001/cpu/syscalls.o
                0x00000000000000c0                rx_cb
 .text._init    0x00000000000000d8       0x38 /Users/tnesheim/GitHub/GradOS_FinalProject/with_riot/nodes/riot_nodes/master_node/bin/pca10001/cpu/syscalls.o
                0x00000000000000d8                _init
 .text._fini    0x0000000000000110        0x2 /Users/tnesheim/GitHub/GradOS_FinalProject/with_riot/nodes/riot_nodes/master_node/bin/pca10001/cpu/syscalls.o
                0x0000000000000110                _fini
 *fill*         0x0000000000000112        0x2 
 .text._exit    0x0000000000000114       0x28 /Users/tnesheim/GitHub/GradOS_FinalProject/with_riot/nodes/riot_nodes/master_node/bin/pca10001/cpu/syscalls.o
                0x0000000000000114                _exit
 .text._sbrk_r  0x000000000000013c       0x50 /Users/tnesheim/GitHub/GradOS_FinalProject/with_riot/nodes/riot_nodes/master_node/bin/pca10001/cpu/syscalls.o
                0x000000000000013c                _sbrk_r
 .text._getpid  0x000000000000018c        0xc /Users/tnesheim/GitHub/GradOS_FinalProject/with_riot/nodes/riot_nodes/master_node/bin/pca10001/cpu/syscalls.o
                0x000000000000018c                _getpid
 .text._kill_r  0x0000000000000198        0xa /Users/tnesheim/GitHub/GradOS_FinalProject/with_riot/nodes/riot_nodes/master_node/bin/pca10001/cpu/syscalls.o
                0x0000000000000198                _kill_r
 .text._kill    0x00000000000001a2       0x10 /Users/tnesheim/GitHub/GradOS_FinalProject/with_riot/nodes/riot_nodes/master_node/bin/pca10001/cpu/syscalls.o
                0x00000000000001a2                _kill
 .text._open_r  0x00000000000001b2        0xa /Users/tnesheim/GitHub/GradOS_FinalProject/with_riot/nodes/riot_nodes/master_node/bin/pca10001/cpu/syscalls.o
                0x00000000000001b2                _open_r
 .text._read_r  0x00000000000001bc       0x3c /Users/tnesheim/GitHub/GradOS_FinalProject/with_riot/nodes/riot_nodes/master_node/bin/pca10001/cpu/syscalls.o
                0x00000000000001bc                _read_r
 .text._write_r
                0x00000000000001f8       0x30 /Users/tnesheim/GitHub/GradOS_FinalProject/with_riot/nodes/riot_nodes/master_node/bin/pca10001/cpu/syscalls.o
                0x00000000000001f8                _write_r
 .text._close_r
                0x0000000000000228        0xa /Users/tnesheim/GitHub/GradOS_FinalProject/with_riot/nodes/riot_nodes/master_node/bin/pca10001/cpu/syscalls.o
                0x0000000000000228                _close_r
 .text._lseek_r
                0x0000000000000232        0xa /Users/tnesheim/GitHub/GradOS_FinalProject/with_riot/nodes/riot_nodes/master_node/bin/pca10001/cpu/syscalls.o
                0x0000000000000232                _lseek_r
 .text._fstat_r
                0x000000000000023c        0xa /Users/tnesheim/GitHub/GradOS_FinalProject/with_riot/nodes/riot_nodes/master_node/bin/pca10001/cpu/syscalls.o
                0x000000000000023c                _fstat_r
 .text._stat_r  0x0000000000000246        0xa /Users/tnesheim/GitHub/GradOS_FinalProject/with_riot/nodes/riot_nodes/master_node/bin/pca10001/cpu/syscalls.o
                0x0000000000000246                _stat_r
 .text._isatty_r
                0x0000000000000250       0x10 /Users/tnesheim/GitHub/GradOS_FinalProject/with_riot/nodes/riot_nodes/master_node/bin/pca10001/cpu/syscalls.o
                0x0000000000000250                _isatty_r
 .text._unlink_r
                0x0000000000000260        0xa /Users/tnesheim/GitHub/GradOS_FinalProject/with_riot/nodes/riot_nodes/master_node/bin/pca10001/cpu/syscalls.o
                0x0000000000000260                _unlink_r
 .text          0x000000000000026a        0x0 /Users/tnesheim/GitHub/GradOS_FinalProject/with_riot/nodes/riot_nodes/master_node/bin/pca10001/cpu/startup.o
 *fill*         0x000000000000026a        0x2 
 .text.reset_handler
                0x000000000000026c       0x58 /Users/tnesheim/GitHub/GradOS_FinalProject/with_riot/nodes/riot_nodes/master_node/bin/pca10001/cpu/startup.o
                0x000000000000026c                reset_handler
 .text.dummy_handler
                0x00000000000002c4       0x10 /Users/tnesheim/GitHub/GradOS_FinalProject/with_riot/nodes/riot_nodes/master_node/bin/pca10001/cpu/startup.o
                0x00000000000002c4                isr_temp
                0x00000000000002c4                isr_radio
                0x00000000000002c4                isr_swi1
                0x00000000000002c4                isr_spi0_twi0
                0x00000000000002c4                isr_ccm_aar
                0x00000000000002c4                isr_swi5
                0x00000000000002c4                isr_timer1
                0x00000000000002c4                dummy_handler
                0x00000000000002c4                isr_adc
                0x00000000000002c4                isr_wdt
                0x00000000000002c4                isr_qdec
                0x00000000000002c4                isr_rtc0
                0x00000000000002c4                isr_swi2
                0x00000000000002c4                isr_swi4
                0x00000000000002c4                isr_timer2
                0x00000000000002c4                isr_ecb
                0x00000000000002c4                isr_spi1_twi1
                0x00000000000002c4                isr_swi0
                0x00000000000002c4                isr_rtc1
                0x00000000000002c4                isr_rng
                0x00000000000002c4                isr_swi3
                0x00000000000002c4                isr_power_clock
                0x00000000000002c4                isr_systick
                0x00000000000002c4                isr_lpcomp
 .text.isr_nmi  0x00000000000002d4       0x10 /Users/tnesheim/GitHub/GradOS_FinalProject/with_riot/nodes/riot_nodes/master_node/bin/pca10001/cpu/startup.o
                0x00000000000002d4                isr_nmi
 .text.isr_hard_fault
                0x00000000000002e4       0x10 /Users/tnesheim/GitHub/GradOS_FinalProject/with_riot/nodes/riot_nodes/master_node/bin/pca10001/cpu/startup.o
                0x00000000000002e4                isr_hard_fault
 .text          0x00000000000002f4        0x0 /Users/tnesheim/GitHub/GradOS_FinalProject/with_riot/nodes/riot_nodes/master_node/bin/pca10001/core.a(kernel_init.o)
 .text.main_trampoline
                0x00000000000002f4        0xe /Users/tnesheim/GitHub/GradOS_FinalProject/with_riot/nodes/riot_nodes/master_node/bin/pca10001/core.a(kernel_init.o)
 *fill*         0x0000000000000302        0x2 
 .text.idle_thread
                0x0000000000000304       0x14 /Users/tnesheim/GitHub/GradOS_FinalProject/with_riot/nodes/riot_nodes/master_node/bin/pca10001/core.a(kernel_init.o)
 .text.kernel_init
                0x0000000000000318       0x5c /Users/tnesheim/GitHub/GradOS_FinalProject/with_riot/nodes/riot_nodes/master_node/bin/pca10001/core.a(kernel_init.o)
                0x0000000000000318                kernel_init
 .text          0x0000000000000374        0x0 /Users/tnesheim/GitHub/GradOS_FinalProject/with_riot/nodes/riot_nodes/master_node/bin/pca10001/core.a(mutex.o)
 .text.mutex_trylock
                0x0000000000000374        0xe /Users/tnesheim/GitHub/GradOS_FinalProject/with_riot/nodes/riot_nodes/master_node/bin/pca10001/core.a(mutex.o)
                0x0000000000000374                mutex_trylock
 *fill*         0x0000000000000382        0x2 
 .text.mutex_lock
                0x0000000000000384       0x54 /Users/tnesheim/GitHub/GradOS_FinalProject/with_riot/nodes/riot_nodes/master_node/bin/pca10001/core.a(mutex.o)
                0x0000000000000384                mutex_lock
 .text.mutex_unlock
                0x00000000000003d8       0x36 /Users/tnesheim/GitHub/GradOS_FinalProject/with_riot/nodes/riot_nodes/master_node/bin/pca10001/core.a(mutex.o)
                0x00000000000003d8                mutex_unlock
 *fill*         0x000000000000040e        0x2 
 .text.mutex_unlock_and_sleep
                0x0000000000000410       0x40 /Users/tnesheim/GitHub/GradOS_FinalProject/with_riot/nodes/riot_nodes/master_node/bin/pca10001/core.a(mutex.o)
                0x0000000000000410                mutex_unlock_and_sleep
 .text          0x0000000000000450        0x0 /Users/tnesheim/GitHub/GradOS_FinalProject/with_riot/nodes/riot_nodes/master_node/bin/pca10001/core.a(panic.o)
 .text.core_panic
                0x0000000000000450       0x5c /Users/tnesheim/GitHub/GradOS_FinalProject/with_riot/nodes/riot_nodes/master_node/bin/pca10001/core.a(panic.o)
                0x0000000000000450                core_panic
 .text          0x00000000000004ac        0x0 /Users/tnesheim/GitHub/GradOS_FinalProject/with_riot/nodes/riot_nodes/master_node/bin/pca10001/core.a(priority_queue.o)
 .text.priority_queue_remove
                0x00000000000004ac       0x1a /Users/tnesheim/GitHub/GradOS_FinalProject/with_riot/nodes/riot_nodes/master_node/bin/pca10001/core.a(priority_queue.o)
                0x00000000000004ac                priority_queue_remove
 .text.priority_queue_remove_head
                0x00000000000004c6        0xe /Users/tnesheim/GitHub/GradOS_FinalProject/with_riot/nodes/riot_nodes/master_node/bin/pca10001/core.a(priority_queue.o)
                0x00000000000004c6                priority_queue_remove_head
 .text.priority_queue_add
                0x00000000000004d4       0x20 /Users/tnesheim/GitHub/GradOS_FinalProject/with_riot/nodes/riot_nodes/master_node/bin/pca10001/core.a(priority_queue.o)
                0x00000000000004d4                priority_queue_add
 .text          0x00000000000004f4        0x0 /Users/tnesheim/GitHub/GradOS_FinalProject/with_riot/nodes/riot_nodes/master_node/bin/pca10001/core.a(ringbuffer.o)
 .text.ringbuffer_add
                0x00000000000004f4       0x2c /Users/tnesheim/GitHub/GradOS_FinalProject/with_riot/nodes/riot_nodes/master_node/bin/pca10001/core.a(ringbuffer.o)
                0x00000000000004f4                ringbuffer_add
 .text.ringbuffer_add_one
                0x0000000000000520       0x42 /Users/tnesheim/GitHub/GradOS_FinalProject/with_riot/nodes/riot_nodes/master_node/bin/pca10001/core.a(ringbuffer.o)
                0x0000000000000520                ringbuffer_add_one
 .text.ringbuffer_get_one
                0x0000000000000562       0x2e /Users/tnesheim/GitHub/GradOS_FinalProject/with_riot/nodes/riot_nodes/master_node/bin/pca10001/core.a(ringbuffer.o)
                0x0000000000000562                ringbuffer_get_one
 .text.ringbuffer_get
                0x0000000000000590       0x54 /Users/tnesheim/GitHub/GradOS_FinalProject/with_riot/nodes/riot_nodes/master_node/bin/pca10001/core.a(ringbuffer.o)
                0x0000000000000590                ringbuffer_get
 .text.ringbuffer_remove
                0x00000000000005e4       0x2a /Users/tnesheim/GitHub/GradOS_FinalProject/with_riot/nodes/riot_nodes/master_node/bin/pca10001/core.a(ringbuffer.o)
                0x00000000000005e4                ringbuffer_remove
 .text.ringbuffer_peek_one
                0x000000000000060e       0x1a /Users/tnesheim/GitHub/GradOS_FinalProject/with_riot/nodes/riot_nodes/master_node/bin/pca10001/core.a(ringbuffer.o)
                0x000000000000060e                ringbuffer_peek_one
 .text.ringbuffer_peek
                0x0000000000000628       0x1a /Users/tnesheim/GitHub/GradOS_FinalProject/with_riot/nodes/riot_nodes/master_node/bin/pca10001/core.a(ringbuffer.o)
                0x0000000000000628                ringbuffer_peek
 .text          0x0000000000000642        0x0 /Users/tnesheim/GitHub/GradOS_FinalProject/with_riot/nodes/riot_nodes/master_node/bin/pca10001/core.a(sched.o)
 *fill*         0x0000000000000642        0x2 
 .text.sched_run
                0x0000000000000644       0x54 /Users/tnesheim/GitHub/GradOS_FinalProject/with_riot/nodes/riot_nodes/master_node/bin/pca10001/core.a(sched.o)
                0x0000000000000644                sched_run
 .text.sched_set_status
                0x0000000000000698       0x68 /Users/tnesheim/GitHub/GradOS_FinalProject/with_riot/nodes/riot_nodes/master_node/bin/pca10001/core.a(sched.o)
                0x0000000000000698                sched_set_status
 .text.sched_switch
                0x0000000000000700       0x30 /Users/tnesheim/GitHub/GradOS_FinalProject/with_riot/nodes/riot_nodes/master_node/bin/pca10001/core.a(sched.o)
                0x0000000000000700                sched_switch
 .text.sched_task_exit
                0x0000000000000730       0x3c /Users/tnesheim/GitHub/GradOS_FinalProject/with_riot/nodes/riot_nodes/master_node/bin/pca10001/core.a(sched.o)
                0x0000000000000730                sched_task_exit
 .text          0x000000000000076c        0x0 /Users/tnesheim/GitHub/GradOS_FinalProject/with_riot/nodes/riot_nodes/master_node/bin/pca10001/core.a(thread.o)
 .text.thread_get
                0x000000000000076c       0x18 /Users/tnesheim/GitHub/GradOS_FinalProject/with_riot/nodes/riot_nodes/master_node/bin/pca10001/core.a(thread.o)
                0x000000000000076c                thread_get
 .text.thread_getstatus
                0x0000000000000784       0x16 /Users/tnesheim/GitHub/GradOS_FinalProject/with_riot/nodes/riot_nodes/master_node/bin/pca10001/core.a(thread.o)
                0x0000000000000784                thread_getstatus
 .text.thread_getname
                0x000000000000079a        0xe /Users/tnesheim/GitHub/GradOS_FinalProject/with_riot/nodes/riot_nodes/master_node/bin/pca10001/core.a(thread.o)
                0x000000000000079a                thread_getname
 .text.thread_sleep
                0x00000000000007a8       0x2c /Users/tnesheim/GitHub/GradOS_FinalProject/with_riot/nodes/riot_nodes/master_node/bin/pca10001/core.a(thread.o)
                0x00000000000007a8                thread_sleep
 .text.thread_wakeup
                0x00000000000007d4       0x44 /Users/tnesheim/GitHub/GradOS_FinalProject/with_riot/nodes/riot_nodes/master_node/bin/pca10001/core.a(thread.o)
                0x00000000000007d4                thread_wakeup
 .text.thread_yield
                0x0000000000000818       0x30 /Users/tnesheim/GitHub/GradOS_FinalProject/with_riot/nodes/riot_nodes/master_node/bin/pca10001/core.a(thread.o)
                0x0000000000000818                thread_yield
 .text.thread_measure_stack_free
                0x0000000000000848       0x10 /Users/tnesheim/GitHub/GradOS_FinalProject/with_riot/nodes/riot_nodes/master_node/bin/pca10001/core.a(thread.o)
                0x0000000000000848                thread_measure_stack_free
 .text.thread_create
                0x0000000000000858       0xfc /Users/tnesheim/GitHub/GradOS_FinalProject/with_riot/nodes/riot_nodes/master_node/bin/pca10001/core.a(thread.o)
                0x0000000000000858                thread_create
 .text          0x0000000000000954        0x0 /Users/tnesheim/GitHub/GradOS_FinalProject/with_riot/nodes/riot_nodes/master_node/bin/pca10001/core.a(atomic.o)
 .text.atomic_arch_set_return
                0x0000000000000954       0x16 /Users/tnesheim/GitHub/GradOS_FinalProject/with_riot/nodes/riot_nodes/master_node/bin/pca10001/core.a(atomic.o)
                0x0000000000000954                atomic_arch_set_return
 .text.atomic_cas
                0x000000000000096a       0x24 /Users/tnesheim/GitHub/GradOS_FinalProject/with_riot/nodes/riot_nodes/master_node/bin/pca10001/core.a(atomic.o)
                0x000000000000096a                atomic_cas
 .text          0x000000000000098e        0x0 /Users/tnesheim/GitHub/GradOS_FinalProject/with_riot/nodes/riot_nodes/master_node/bin/pca10001/core.a(bitarithm.o)
 .text.bitarithm_msb
                0x000000000000098e        0xe /Users/tnesheim/GitHub/GradOS_FinalProject/with_riot/nodes/riot_nodes/master_node/bin/pca10001/core.a(bitarithm.o)
                0x000000000000098e                bitarithm_msb
 .text.bitarithm_lsb
                0x000000000000099c       0x10 /Users/tnesheim/GitHub/GradOS_FinalProject/with_riot/nodes/riot_nodes/master_node/bin/pca10001/core.a(bitarithm.o)
                0x000000000000099c                bitarithm_lsb
 .text.bitarithm_bits_set
                0x00000000000009ac       0x12 /Users/tnesheim/GitHub/GradOS_FinalProject/with_riot/nodes/riot_nodes/master_node/bin/pca10001/core.a(bitarithm.o)
                0x00000000000009ac                bitarithm_bits_set
 .text          0x00000000000009be        0x0 /Users/tnesheim/GitHub/GradOS_FinalProject/with_riot/nodes/riot_nodes/master_node/bin/pca10001/core.a(clist.o)
 .text.clist_add
                0x00000000000009be       0x2c /Users/tnesheim/GitHub/GradOS_FinalProject/with_riot/nodes/riot_nodes/master_node/bin/pca10001/core.a(clist.o)
                0x00000000000009be                clist_add
 .text.clist_remove
                0x00000000000009ea       0x1c /Users/tnesheim/GitHub/GradOS_FinalProject/with_riot/nodes/riot_nodes/master_node/bin/pca10001/core.a(clist.o)
                0x00000000000009ea                clist_remove
 .text          0x0000000000000a06        0x0 /Users/tnesheim/GitHub/GradOS_FinalProject/with_riot/nodes/riot_nodes/master_node/bin/pca10001/core.a(hwtimer.o)
 *fill*         0x0000000000000a06        0x2 
 .text.multiplexer
                0x0000000000000a08       0x30 /Users/tnesheim/GitHub/GradOS_FinalProject/with_riot/nodes/riot_nodes/master_node/bin/pca10001/core.a(hwtimer.o)
 .text.hwtimer_releasemutex
                0x0000000000000a38        0x8 /Users/tnesheim/GitHub/GradOS_FinalProject/with_riot/nodes/riot_nodes/master_node/bin/pca10001/core.a(hwtimer.o)
 .text._hwtimer_set
                0x0000000000000a40       0x6c /Users/tnesheim/GitHub/GradOS_FinalProject/with_riot/nodes/riot_nodes/master_node/bin/pca10001/core.a(hwtimer.o)
 .text.hwtimer_spin
                0x0000000000000aac       0x26 /Users/tnesheim/GitHub/GradOS_FinalProject/with_riot/nodes/riot_nodes/master_node/bin/pca10001/core.a(hwtimer.o)
                0x0000000000000aac                hwtimer_spin
 *fill*         0x0000000000000ad2        0x2 
 .text.hwtimer_init_comp
                0x0000000000000ad4       0x38 /Users/tnesheim/GitHub/GradOS_FinalProject/with_riot/nodes/riot_nodes/master_node/bin/pca10001/core.a(hwtimer.o)
                0x0000000000000ad4                hwtimer_init_comp
 .text.hwtimer_init
                0x0000000000000b0c       0x10 /Users/tnesheim/GitHub/GradOS_FinalProject/with_riot/nodes/riot_nodes/master_node/bin/pca10001/core.a(hwtimer.o)
                0x0000000000000b0c                hwtimer_init
 .text.hwtimer_active
                0x0000000000000b1c       0x14 /Users/tnesheim/GitHub/GradOS_FinalProject/with_riot/nodes/riot_nodes/master_node/bin/pca10001/core.a(hwtimer.o)
                0x0000000000000b1c                hwtimer_active
 .text.hwtimer_now
                0x0000000000000b30        0x8 /Users/tnesheim/GitHub/GradOS_FinalProject/with_riot/nodes/riot_nodes/master_node/bin/pca10001/core.a(hwtimer.o)
                0x0000000000000b30                hwtimer_now
 .text.hwtimer_set
                0x0000000000000b38        0xa /Users/tnesheim/GitHub/GradOS_FinalProject/with_riot/nodes/riot_nodes/master_node/bin/pca10001/core.a(hwtimer.o)
                0x0000000000000b38                hwtimer_set
 *fill*         0x0000000000000b42        0x2 
 .text.hwtimer_wait
                0x0000000000000b44       0x44 /Users/tnesheim/GitHub/GradOS_FinalProject/with_riot/nodes/riot_nodes/master_node/bin/pca10001/core.a(hwtimer.o)
                0x0000000000000b44                hwtimer_wait
 .text.hwtimer_set_absolute
                0x0000000000000b88        0xa /Users/tnesheim/GitHub/GradOS_FinalProject/with_riot/nodes/riot_nodes/master_node/bin/pca10001/core.a(hwtimer.o)
                0x0000000000000b88                hwtimer_set_absolute
 *fill*         0x0000000000000b92        0x2 
 .text.hwtimer_remove
                0x0000000000000b94       0x40 /Users/tnesheim/GitHub/GradOS_FinalProject/with_riot/nodes/riot_nodes/master_node/bin/pca10001/core.a(hwtimer.o)
                0x0000000000000b94                hwtimer_remove
 .text          0x0000000000000bd4        0x0 /Users/tnesheim/GitHub/GradOS_FinalProject/with_riot/nodes/riot_nodes/master_node/bin/pca10001/core.a(lifo.o)
 .text.lifo_empty
                0x0000000000000bd4        0xa /Users/tnesheim/GitHub/GradOS_FinalProject/with_riot/nodes/riot_nodes/master_node/bin/pca10001/core.a(lifo.o)
                0x0000000000000bd4                lifo_empty
 .text.lifo_init
                0x0000000000000bde       0x16 /Users/tnesheim/GitHub/GradOS_FinalProject/with_riot/nodes/riot_nodes/master_node/bin/pca10001/core.a(lifo.o)
                0x0000000000000bde                lifo_init
 .text.lifo_insert
                0x0000000000000bf4       0x2c /Users/tnesheim/GitHub/GradOS_FinalProject/with_riot/nodes/riot_nodes/master_node/bin/pca10001/core.a(lifo.o)
                0x0000000000000bf4                lifo_insert
 .text.lifo_get
                0x0000000000000c20       0x1a /Users/tnesheim/GitHub/GradOS_FinalProject/with_riot/nodes/riot_nodes/master_node/bin/pca10001/core.a(lifo.o)
                0x0000000000000c20                lifo_get
 .text          0x0000000000000c3a        0x0 /Users/tnesheim/GitHub/GradOS_FinalProject/with_riot/nodes/riot_nodes/master_node/bin/pca10001/cortex-m0_common.a(irq_arch.o)
 .text.irq_arch_disable
                0x0000000000000c3a        0x8 /Users/tnesheim/GitHub/GradOS_FinalProject/with_riot/nodes/riot_nodes/master_node/bin/pca10001/cortex-m0_common.a(irq_arch.o)
                0x0000000000000c3a                irq_arch_disable
 .text.irq_arch_enable
                0x0000000000000c42        0x8 /Users/tnesheim/GitHub/GradOS_FinalProject/with_riot/nodes/riot_nodes/master_node/bin/pca10001/cortex-m0_common.a(irq_arch.o)
                0x0000000000000c42                irq_arch_enable
 .text.irq_arch_restore
                0x0000000000000c4a        0x6 /Users/tnesheim/GitHub/GradOS_FinalProject/with_riot/nodes/riot_nodes/master_node/bin/pca10001/cortex-m0_common.a(irq_arch.o)
                0x0000000000000c4a                irq_arch_restore
 .text.irq_arch_in
                0x0000000000000c50        0x8 /Users/tnesheim/GitHub/GradOS_FinalProject/with_riot/nodes/riot_nodes/master_node/bin/pca10001/cortex-m0_common.a(irq_arch.o)
                0x0000000000000c50                irq_arch_in
 .text          0x0000000000000c58        0x0 /Users/tnesheim/GitHub/GradOS_FinalProject/with_riot/nodes/riot_nodes/master_node/bin/pca10001/cortex-m0_common.a(panic.o)
 .text.panic_arch
                0x0000000000000c58        0xc /Users/tnesheim/GitHub/GradOS_FinalProject/with_riot/nodes/riot_nodes/master_node/bin/pca10001/cortex-m0_common.a(panic.o)
                0x0000000000000c58                panic_arch
 .text          0x0000000000000c64        0x0 /Users/tnesheim/GitHub/GradOS_FinalProject/with_riot/nodes/riot_nodes/master_node/bin/pca10001/cortex-m0_common.a(thread_arch.o)
 .text.thread_arch_stack_init
                0x0000000000000c64       0x7c /Users/tnesheim/GitHub/GradOS_FinalProject/with_riot/nodes/riot_nodes/master_node/bin/pca10001/cortex-m0_common.a(thread_arch.o)
                0x0000000000000c64                thread_arch_stack_init
 .text.thread_arch_stack_print
                0x0000000000000ce0       0x58 /Users/tnesheim/GitHub/GradOS_FinalProject/with_riot/nodes/riot_nodes/master_node/bin/pca10001/cortex-m0_common.a(thread_arch.o)
                0x0000000000000ce0                thread_arch_stack_print
 .text.thread_arch_start_threading
                0x0000000000000d38        0x6 /Users/tnesheim/GitHub/GradOS_FinalProject/with_riot/nodes/riot_nodes/master_node/bin/pca10001/cortex-m0_common.a(thread_arch.o)
                0x0000000000000d38                thread_arch_start_threading
 *fill*         0x0000000000000d3e        0x2 
 .text.thread_arch_yield
                0x0000000000000d40       0x14 /Users/tnesheim/GitHub/GradOS_FinalProject/with_riot/nodes/riot_nodes/master_node/bin/pca10001/cortex-m0_common.a(thread_arch.o)
                0x0000000000000d40                thread_arch_yield
 .text.isr_svc  0x0000000000000d54       0x2c /Users/tnesheim/GitHub/GradOS_FinalProject/with_riot/nodes/riot_nodes/master_node/bin/pca10001/cortex-m0_common.a(thread_arch.o)
                0x0000000000000d54                isr_svc
 .text.isr_pendsv
                0x0000000000000d80       0x4c /Users/tnesheim/GitHub/GradOS_FinalProject/with_riot/nodes/riot_nodes/master_node/bin/pca10001/cortex-m0_common.a(thread_arch.o)
                0x0000000000000d80                isr_pendsv
 .text          0x0000000000000dcc        0x0 /Users/tnesheim/GitHub/GradOS_FinalProject/with_riot/nodes/riot_nodes/master_node/bin/pca10001/cpu.a(hwtimer_arch.o)
 .text.irq_handler
                0x0000000000000dcc       0x10 /Users/tnesheim/GitHub/GradOS_FinalProject/with_riot/nodes/riot_nodes/master_node/bin/pca10001/cpu.a(hwtimer_arch.o)
                0x0000000000000dcc                irq_handler
 .text.hwtimer_arch_init
                0x0000000000000ddc       0x1c /Users/tnesheim/GitHub/GradOS_FinalProject/with_riot/nodes/riot_nodes/master_node/bin/pca10001/cpu.a(hwtimer_arch.o)
                0x0000000000000ddc                hwtimer_arch_init
 .text.hwtimer_arch_enable_interrupt
                0x0000000000000df8        0xa /Users/tnesheim/GitHub/GradOS_FinalProject/with_riot/nodes/riot_nodes/master_node/bin/pca10001/cpu.a(hwtimer_arch.o)
                0x0000000000000df8                hwtimer_arch_enable_interrupt
 .text.hwtimer_arch_disable_interrupt
                0x0000000000000e02        0xa /Users/tnesheim/GitHub/GradOS_FinalProject/with_riot/nodes/riot_nodes/master_node/bin/pca10001/cpu.a(hwtimer_arch.o)
                0x0000000000000e02                hwtimer_arch_disable_interrupt
 .text.hwtimer_arch_set
                0x0000000000000e0c        0xc /Users/tnesheim/GitHub/GradOS_FinalProject/with_riot/nodes/riot_nodes/master_node/bin/pca10001/cpu.a(hwtimer_arch.o)
                0x0000000000000e0c                hwtimer_arch_set
 .text.hwtimer_arch_set_absolute
                0x0000000000000e18        0xc /Users/tnesheim/GitHub/GradOS_FinalProject/with_riot/nodes/riot_nodes/master_node/bin/pca10001/cpu.a(hwtimer_arch.o)
                0x0000000000000e18                hwtimer_arch_set_absolute
 .text.hwtimer_arch_unset
                0x0000000000000e24        0xc /Users/tnesheim/GitHub/GradOS_FinalProject/with_riot/nodes/riot_nodes/master_node/bin/pca10001/cpu.a(hwtimer_arch.o)
                0x0000000000000e24                hwtimer_arch_unset
 .text.hwtimer_arch_now
                0x0000000000000e30        0xa /Users/tnesheim/GitHub/GradOS_FinalProject/with_riot/nodes/riot_nodes/master_node/bin/pca10001/cpu.a(hwtimer_arch.o)
                0x0000000000000e30                hwtimer_arch_now
 .text          0x0000000000000e3a        0x0 /Users/tnesheim/GitHub/GradOS_FinalProject/with_riot/nodes/riot_nodes/master_node/bin/pca10001/cpu.a(lpm_arch.o)
 .text.lpm_arch_init
                0x0000000000000e3a        0x2 /Users/tnesheim/GitHub/GradOS_FinalProject/with_riot/nodes/riot_nodes/master_node/bin/pca10001/cpu.a(lpm_arch.o)
                0x0000000000000e3a                lpm_arch_init
 .text.lpm_arch_set
                0x0000000000000e3c        0x4 /Users/tnesheim/GitHub/GradOS_FinalProject/with_riot/nodes/riot_nodes/master_node/bin/pca10001/cpu.a(lpm_arch.o)
                0x0000000000000e3c                lpm_arch_set
 .text.lpm_arch_get
                0x0000000000000e40        0x4 /Users/tnesheim/GitHub/GradOS_FinalProject/with_riot/nodes/riot_nodes/master_node/bin/pca10001/cpu.a(lpm_arch.o)
                0x0000000000000e40                lpm_arch_get
 .text.lpm_arch_awake
                0x0000000000000e44        0x2 /Users/tnesheim/GitHub/GradOS_FinalProject/with_riot/nodes/riot_nodes/master_node/bin/pca10001/cpu.a(lpm_arch.o)
                0x0000000000000e44                lpm_arch_awake
 .text.lpm_arch_begin_awake
                0x0000000000000e46        0x2 /Users/tnesheim/GitHub/GradOS_FinalProject/with_riot/nodes/riot_nodes/master_node/bin/pca10001/cpu.a(lpm_arch.o)
                0x0000000000000e46                lpm_arch_begin_awake
 .text.lpm_arch_end_awake
                0x0000000000000e48        0x2 /Users/tnesheim/GitHub/GradOS_FinalProject/with_riot/nodes/riot_nodes/master_node/bin/pca10001/cpu.a(lpm_arch.o)
                0x0000000000000e48                lpm_arch_end_awake
 .text          0x0000000000000e4a        0x0 /Users/tnesheim/GitHub/GradOS_FinalProject/with_riot/nodes/riot_nodes/master_node/bin/pca10001/periph.a(timer.o)
 *fill*         0x0000000000000e4a        0x2 
 .text.timer_init
                0x0000000000000e4c       0x9c /Users/tnesheim/GitHub/GradOS_FinalProject/with_riot/nodes/riot_nodes/master_node/bin/pca10001/periph.a(timer.o)
                0x0000000000000e4c                timer_init
 .text.timer_set_absolute
                0x0000000000000ee8       0x90 /Users/tnesheim/GitHub/GradOS_FinalProject/with_riot/nodes/riot_nodes/master_node/bin/pca10001/periph.a(timer.o)
                0x0000000000000ee8                timer_set_absolute
 .text.timer_clear
                0x0000000000000f78       0x6c /Users/tnesheim/GitHub/GradOS_FinalProject/with_riot/nodes/riot_nodes/master_node/bin/pca10001/periph.a(timer.o)
                0x0000000000000f78                timer_clear
 .text.timer_read
                0x0000000000000fe4       0x1c /Users/tnesheim/GitHub/GradOS_FinalProject/with_riot/nodes/riot_nodes/master_node/bin/pca10001/periph.a(timer.o)
                0x0000000000000fe4                timer_read
 .text.timer_set
                0x0000000000001000       0x1a /Users/tnesheim/GitHub/GradOS_FinalProject/with_riot/nodes/riot_nodes/master_node/bin/pca10001/periph.a(timer.o)
                0x0000000000001000                timer_set
 *fill*         0x000000000000101a        0x2 
 .text.timer_start
                0x000000000000101c       0x10 /Users/tnesheim/GitHub/GradOS_FinalProject/with_riot/nodes/riot_nodes/master_node/bin/pca10001/periph.a(timer.o)
                0x000000000000101c                timer_start
 .text.timer_stop
                0x000000000000102c       0x10 /Users/tnesheim/GitHub/GradOS_FinalProject/with_riot/nodes/riot_nodes/master_node/bin/pca10001/periph.a(timer.o)
                0x000000000000102c                timer_stop
 .text.timer_irq_enable
                0x000000000000103c       0x14 /Users/tnesheim/GitHub/GradOS_FinalProject/with_riot/nodes/riot_nodes/master_node/bin/pca10001/periph.a(timer.o)
                0x000000000000103c                timer_irq_enable
 .text.timer_irq_disable
                0x0000000000001050       0x14 /Users/tnesheim/GitHub/GradOS_FinalProject/with_riot/nodes/riot_nodes/master_node/bin/pca10001/periph.a(timer.o)
                0x0000000000001050                timer_irq_disable
 .text.timer_reset
                0x0000000000001064       0x10 /Users/tnesheim/GitHub/GradOS_FinalProject/with_riot/nodes/riot_nodes/master_node/bin/pca10001/periph.a(timer.o)
                0x0000000000001064                timer_reset
 .text.isr_timer0
                0x0000000000001074       0x60 /Users/tnesheim/GitHub/GradOS_FinalProject/with_riot/nodes/riot_nodes/master_node/bin/pca10001/periph.a(timer.o)
                0x0000000000001074                isr_timer0
 .text          0x00000000000010d4        0x0 /Users/tnesheim/GitHub/GradOS_FinalProject/with_riot/nodes/riot_nodes/master_node/bin/pca10001/periph.a(uart.o)
 .text.uart_init_blocking
                0x00000000000010d4      0x16c /Users/tnesheim/GitHub/GradOS_FinalProject/with_riot/nodes/riot_nodes/master_node/bin/pca10001/periph.a(uart.o)
                0x00000000000010d4                uart_init_blocking
 .text.uart_init
                0x0000000000001240       0x4c /Users/tnesheim/GitHub/GradOS_FinalProject/with_riot/nodes/riot_nodes/master_node/bin/pca10001/periph.a(uart.o)
                0x0000000000001240                uart_init
 .text.uart_tx_begin
                0x000000000000128c       0x28 /Users/tnesheim/GitHub/GradOS_FinalProject/with_riot/nodes/riot_nodes/master_node/bin/pca10001/periph.a(uart.o)
                0x000000000000128c                uart_tx_begin
 .text.uart_write
                0x00000000000012b4       0x24 /Users/tnesheim/GitHub/GradOS_FinalProject/with_riot/nodes/riot_nodes/master_node/bin/pca10001/periph.a(uart.o)
                0x00000000000012b4                uart_write
 .text.uart_read_blocking
                0x00000000000012d8       0x28 /Users/tnesheim/GitHub/GradOS_FinalProject/with_riot/nodes/riot_nodes/master_node/bin/pca10001/periph.a(uart.o)
                0x00000000000012d8                uart_read_blocking
 .text.uart_write_blocking
                0x0000000000001300       0x2c /Users/tnesheim/GitHub/GradOS_FinalProject/with_riot/nodes/riot_nodes/master_node/bin/pca10001/periph.a(uart.o)
                0x0000000000001300                uart_write_blocking
 .text.uart_poweron
                0x000000000000132c       0x18 /Users/tnesheim/GitHub/GradOS_FinalProject/with_riot/nodes/riot_nodes/master_node/bin/pca10001/periph.a(uart.o)
                0x000000000000132c                uart_poweron
 .text.uart_poweroff
                0x0000000000001344       0x14 /Users/tnesheim/GitHub/GradOS_FinalProject/with_riot/nodes/riot_nodes/master_node/bin/pca10001/periph.a(uart.o)
                0x0000000000001344                uart_poweroff
 .text.isr_uart0
                0x0000000000001358       0x60 /Users/tnesheim/GitHub/GradOS_FinalProject/with_riot/nodes/riot_nodes/master_node/bin/pca10001/periph.a(uart.o)
                0x0000000000001358                isr_uart0
 .text          0x00000000000013b8        0x0 /Users/tnesheim/GitHub/GradOS_FinalProject/with_riot/nodes/riot_nodes/master_node/bin/pca10001/pca10001_base.a(board.o)
 .text.board_init
                0x00000000000013b8       0x1c /Users/tnesheim/GitHub/GradOS_FinalProject/with_riot/nodes/riot_nodes/master_node/bin/pca10001/pca10001_base.a(board.o)
                0x00000000000013b8                board_init
 .text          0x00000000000013d4        0x0 /Users/tnesheim/GitHub/GradOS_FinalProject/with_riot/nodes/riot_nodes/master_node/bin/pca10001/master_node.a(main.o)
 .text.createTransceiverRcvMsg
                0x00000000000013d4        0xa /Users/tnesheim/GitHub/GradOS_FinalProject/with_riot/nodes/riot_nodes/master_node/bin/pca10001/master_node.a(main.o)
                0x00000000000013d4                createTransceiverRcvMsg
 .text.setLED   0x00000000000013de       0x2e /Users/tnesheim/GitHub/GradOS_FinalProject/with_riot/nodes/riot_nodes/master_node/bin/pca10001/master_node.a(main.o)
                0x00000000000013de                setLED
 .text.translateToMsPacman
                0x000000000000140c      0x134 /Users/tnesheim/GitHub/GradOS_FinalProject/with_riot/nodes/riot_nodes/master_node/bin/pca10001/master_node.a(main.o)
                0x000000000000140c                translateToMsPacman
 .text.sendNodePkt
                0x0000000000001540       0x3c /Users/tnesheim/GitHub/GradOS_FinalProject/with_riot/nodes/riot_nodes/master_node/bin/pca10001/master_node.a(main.o)
                0x0000000000001540                sendNodePkt
 .text.sendMsPacmanPkt
                0x000000000000157c       0x4c /Users/tnesheim/GitHub/GradOS_FinalProject/with_riot/nodes/riot_nodes/master_node/bin/pca10001/master_node.a(main.o)
                0x000000000000157c                sendMsPacmanPkt
 .text.startup.main
                0x00000000000015c8       0x74 /Users/tnesheim/GitHub/GradOS_FinalProject/with_riot/nodes/riot_nodes/master_node/bin/pca10001/master_node.a(main.o)
                0x00000000000015c8                main
 .text          0x000000000000163c        0x0 /Users/tnesheim/GitHub/GradOS_FinalProject/with_riot/nodes/riot_nodes/master_node/bin/pca10001/auto_init.a(auto_init.o)
 .text.auto_init
                0x000000000000163c        0x8 /Users/tnesheim/GitHub/GradOS_FinalProject/with_riot/nodes/riot_nodes/master_node/bin/pca10001/auto_init.a(auto_init.o)
                0x000000000000163c                auto_init
 .text          0x0000000000001644        0x0 /Users/tnesheim/GitHub/GradOS_FinalProject/with_riot/nodes/riot_nodes/master_node/bin/pca10001/core.a(msg.o)
 .text.queue_msg
                0x0000000000001644       0x28 /Users/tnesheim/GitHub/GradOS_FinalProject/with_riot/nodes/riot_nodes/master_node/bin/pca10001/core.a(msg.o)
 .text._msg_send
                0x000000000000166c       0xb4 /Users/tnesheim/GitHub/GradOS_FinalProject/with_riot/nodes/riot_nodes/master_node/bin/pca10001/core.a(msg.o)
 .text._msg_receive
                0x0000000000001720       0xf0 /Users/tnesheim/GitHub/GradOS_FinalProject/with_riot/nodes/riot_nodes/master_node/bin/pca10001/core.a(msg.o)
 .text.msg_send_to_self
                0x0000000000001810       0x30 /Users/tnesheim/GitHub/GradOS_FinalProject/with_riot/nodes/riot_nodes/master_node/bin/pca10001/core.a(msg.o)
                0x0000000000001810                msg_send_to_self
 .text.msg_send_int
                0x0000000000001840       0x44 /Users/tnesheim/GitHub/GradOS_FinalProject/with_riot/nodes/riot_nodes/master_node/bin/pca10001/core.a(msg.o)
                0x0000000000001840                msg_send_int
 .text.msg_send
                0x0000000000001884       0x40 /Users/tnesheim/GitHub/GradOS_FinalProject/with_riot/nodes/riot_nodes/master_node/bin/pca10001/core.a(msg.o)
                0x0000000000001884                msg_send
 .text.msg_try_send
                0x00000000000018c4       0x40 /Users/tnesheim/GitHub/GradOS_FinalProject/with_riot/nodes/riot_nodes/master_node/bin/pca10001/core.a(msg.o)
                0x00000000000018c4                msg_try_send
 .text.msg_send_receive
                0x0000000000001904       0x3c /Users/tnesheim/GitHub/GradOS_FinalProject/with_riot/nodes/riot_nodes/master_node/bin/pca10001/core.a(msg.o)
                0x0000000000001904                msg_send_receive
 .text.msg_reply
                0x0000000000001940       0x50 /Users/tnesheim/GitHub/GradOS_FinalProject/with_riot/nodes/riot_nodes/master_node/bin/pca10001/core.a(msg.o)
                0x0000000000001940                msg_reply
 .text.msg_reply_int
                0x0000000000001990       0x34 /Users/tnesheim/GitHub/GradOS_FinalProject/with_riot/nodes/riot_nodes/master_node/bin/pca10001/core.a(msg.o)
                0x0000000000001990                msg_reply_int
 .text.msg_try_receive
                0x00000000000019c4        0xa /Users/tnesheim/GitHub/GradOS_FinalProject/with_riot/nodes/riot_nodes/master_node/bin/pca10001/core.a(msg.o)
                0x00000000000019c4                msg_try_receive
 .text.msg_receive
                0x00000000000019ce        0xa /Users/tnesheim/GitHub/GradOS_FinalProject/with_riot/nodes/riot_nodes/master_node/bin/pca10001/core.a(msg.o)
                0x00000000000019ce                msg_receive
 .text.msg_init_queue
                0x00000000000019d8       0x24 /Users/tnesheim/GitHub/GradOS_FinalProject/with_riot/nodes/riot_nodes/master_node/bin/pca10001/core.a(msg.o)
                0x00000000000019d8                msg_init_queue
 .text          0x00000000000019fc        0x0 /Users/tnesheim/GitHub/GradOS_FinalProject/with_riot/nodes/riot_nodes/master_node/bin/pca10001/cpu.a(cpu.o)
 .text.cpu_init
                0x00000000000019fc       0x3c /Users/tnesheim/GitHub/GradOS_FinalProject/with_riot/nodes/riot_nodes/master_node/bin/pca10001/cpu.a(cpu.o)
                0x00000000000019fc                cpu_init
 .text          0x0000000000001a38        0x0 /Users/tnesheim/GitHub/GradOS_FinalProject/with_riot/nodes/riot_nodes/master_node/bin/pca10001/transceiver.a(transceiver.o)
 .text.run      0x0000000000001a38      0x1ac /Users/tnesheim/GitHub/GradOS_FinalProject/with_riot/nodes/riot_nodes/master_node/bin/pca10001/transceiver.a(transceiver.o)
 .text.transceiver_init
                0x0000000000001be4       0x68 /Users/tnesheim/GitHub/GradOS_FinalProject/with_riot/nodes/riot_nodes/master_node/bin/pca10001/transceiver.a(transceiver.o)
                0x0000000000001be4                transceiver_init
 .text.transceiver_start
                0x0000000000001c4c       0x5c /Users/tnesheim/GitHub/GradOS_FinalProject/with_riot/nodes/riot_nodes/master_node/bin/pca10001/transceiver.a(transceiver.o)
                0x0000000000001c4c                transceiver_start
 .text.transceiver_register
                0x0000000000001ca8       0x50 /Users/tnesheim/GitHub/GradOS_FinalProject/with_riot/nodes/riot_nodes/master_node/bin/pca10001/transceiver.a(transceiver.o)
                0x0000000000001ca8                transceiver_register
 .text.transceiver_unregister
                0x0000000000001cf8       0x44 /Users/tnesheim/GitHub/GradOS_FinalProject/with_riot/nodes/riot_nodes/master_node/bin/pca10001/transceiver.a(transceiver.o)
                0x0000000000001cf8                transceiver_unregister
 .text          0x0000000000001d3c        0x0 /Users/tnesheim/GitHub/GradOS_FinalProject/with_riot/nodes/riot_nodes/master_node/bin/pca10001/vtimer.a(vtimer.o)
 .text.set_shortterm
                0x0000000000001d3c       0x18 /Users/tnesheim/GitHub/GradOS_FinalProject/with_riot/nodes/riot_nodes/master_node/bin/pca10001/vtimer.a(vtimer.o)
 .text.vtimer_callback_tick
                0x0000000000001d54       0x50 /Users/tnesheim/GitHub/GradOS_FinalProject/with_riot/nodes/riot_nodes/master_node/bin/pca10001/vtimer.a(vtimer.o)
 .text.vtimer_callback_wakeup
                0x0000000000001da4        0xc /Users/tnesheim/GitHub/GradOS_FinalProject/with_riot/nodes/riot_nodes/master_node/bin/pca10001/vtimer.a(vtimer.o)
 .text.vtimer_callback_unlock
                0x0000000000001db0        0xa /Users/tnesheim/GitHub/GradOS_FinalProject/with_riot/nodes/riot_nodes/master_node/bin/pca10001/vtimer.a(vtimer.o)
 .text.vtimer_callback_msg
                0x0000000000001dba       0x18 /Users/tnesheim/GitHub/GradOS_FinalProject/with_riot/nodes/riot_nodes/master_node/bin/pca10001/vtimer.a(vtimer.o)
 *fill*         0x0000000000001dd2        0x2 
 .text.update_shortterm
                0x0000000000001dd4       0x74 /Users/tnesheim/GitHub/GradOS_FinalProject/with_riot/nodes/riot_nodes/master_node/bin/pca10001/vtimer.a(vtimer.o)
 .text.vtimer_callback
                0x0000000000001e48       0x38 /Users/tnesheim/GitHub/GradOS_FinalProject/with_riot/nodes/riot_nodes/master_node/bin/pca10001/vtimer.a(vtimer.o)
 .text.normalize_to_tick
                0x0000000000001e80       0x48 /Users/tnesheim/GitHub/GradOS_FinalProject/with_riot/nodes/riot_nodes/master_node/bin/pca10001/vtimer.a(vtimer.o)
                0x0000000000001e80                normalize_to_tick
 .text.vtimer_now
                0x0000000000001ec8       0x38 /Users/tnesheim/GitHub/GradOS_FinalProject/with_riot/nodes/riot_nodes/master_node/bin/pca10001/vtimer.a(vtimer.o)
                0x0000000000001ec8                vtimer_now
 .text.vtimer_set
                0x0000000000001f00       0x90 /Users/tnesheim/GitHub/GradOS_FinalProject/with_riot/nodes/riot_nodes/master_node/bin/pca10001/vtimer.a(vtimer.o)
 .text.vtimer_gettimeofday
                0x0000000000001f90       0x14 /Users/tnesheim/GitHub/GradOS_FinalProject/with_riot/nodes/riot_nodes/master_node/bin/pca10001/vtimer.a(vtimer.o)
                0x0000000000001f90                vtimer_gettimeofday
                0x0000000000001f90                _gettimeofday
 .text.vtimer_get_localtime
                0x0000000000001fa4       0x3a /Users/tnesheim/GitHub/GradOS_FinalProject/with_riot/nodes/riot_nodes/master_node/bin/pca10001/vtimer.a(vtimer.o)
                0x0000000000001fa4                vtimer_get_localtime
 *fill*         0x0000000000001fde        0x2 
 .text.vtimer_init
                0x0000000000001fe0       0x44 /Users/tnesheim/GitHub/GradOS_FinalProject/with_riot/nodes/riot_nodes/master_node/bin/pca10001/vtimer.a(vtimer.o)
                0x0000000000001fe0                vtimer_init
 .text.vtimer_set_wakeup
                0x0000000000002024       0x24 /Users/tnesheim/GitHub/GradOS_FinalProject/with_riot/nodes/riot_nodes/master_node/bin/pca10001/vtimer.a(vtimer.o)
                0x0000000000002024                vtimer_set_wakeup
 .text.vtimer_sleep
                0x0000000000002048       0x4c /Users/tnesheim/GitHub/GradOS_FinalProject/with_riot/nodes/riot_nodes/master_node/bin/pca10001/vtimer.a(vtimer.o)
                0x0000000000002048                vtimer_sleep
 .text.vtimer_usleep
                0x0000000000002094       0x16 /Users/tnesheim/GitHub/GradOS_FinalProject/with_riot/nodes/riot_nodes/master_node/bin/pca10001/vtimer.a(vtimer.o)
                0x0000000000002094                vtimer_usleep
 *fill*         0x00000000000020aa        0x2 
 .text.vtimer_remove
                0x00000000000020ac       0x30 /Users/tnesheim/GitHub/GradOS_FinalProject/with_riot/nodes/riot_nodes/master_node/bin/pca10001/vtimer.a(vtimer.o)
                0x00000000000020ac                vtimer_remove
 .text.vtimer_set_msg
                0x00000000000020dc       0x2c /Users/tnesheim/GitHub/GradOS_FinalProject/with_riot/nodes/riot_nodes/master_node/bin/pca10001/vtimer.a(vtimer.o)
                0x00000000000020dc                vtimer_set_msg
 .text.vtimer_msg_receive_timeout
                0x0000000000002108       0x60 /Users/tnesheim/GitHub/GradOS_FinalProject/with_riot/nodes/riot_nodes/master_node/bin/pca10001/vtimer.a(vtimer.o)
                0x0000000000002108                vtimer_msg_receive_timeout
 .text          0x0000000000002168        0x0 /Users/tnesheim/GitHub/GradOS_FinalProject/with_riot/nodes/riot_nodes/master_node/bin/pca10001/nrf51822BLE.a(nrf51822BLE.o)
 .text.nrfInitSPI
                0x0000000000002168       0x1c /Users/tnesheim/GitHub/GradOS_FinalProject/with_riot/nodes/riot_nodes/master_node/bin/pca10001/nrf51822BLE.a(nrf51822BLE.o)
                0x0000000000002168                nrfInitSPI
 .text.nrf51822ble_init
                0x0000000000002184       0x20 /Users/tnesheim/GitHub/GradOS_FinalProject/with_riot/nodes/riot_nodes/master_node/bin/pca10001/nrf51822BLE.a(nrf51822BLE.o)
                0x0000000000002184                nrf51822ble_init
 .text.nrfInitUART
                0x00000000000021a4        0xe /Users/tnesheim/GitHub/GradOS_FinalProject/with_riot/nodes/riot_nodes/master_node/bin/pca10001/nrf51822BLE.a(nrf51822BLE.o)
                0x00000000000021a4                nrfInitUART
 .text.nrfRxUART
                0x00000000000021b2       0x26 /Users/tnesheim/GitHub/GradOS_FinalProject/with_riot/nodes/riot_nodes/master_node/bin/pca10001/nrf51822BLE.a(nrf51822BLE.o)
                0x00000000000021b2                nrfRxUART
 .text.nrfTxUART
                0x00000000000021d8       0x18 /Users/tnesheim/GitHub/GradOS_FinalProject/with_riot/nodes/riot_nodes/master_node/bin/pca10001/nrf51822BLE.a(nrf51822BLE.o)
                0x00000000000021d8                nrfTxUART
 .text.nrfRcvPkt
                0x00000000000021f0       0x5e /Users/tnesheim/GitHub/GradOS_FinalProject/with_riot/nodes/riot_nodes/master_node/bin/pca10001/nrf51822BLE.a(nrf51822BLE.o)
                0x00000000000021f0                nrfRcvPkt
 .text.nrfSendPkt
                0x000000000000224e       0x42 /Users/tnesheim/GitHub/GradOS_FinalProject/with_riot/nodes/riot_nodes/master_node/bin/pca10001/nrf51822BLE.a(nrf51822BLE.o)
                0x000000000000224e                nrfSendPkt
 .text          0x0000000000002290        0x0 /Users/tnesheim/GitHub/GradOS_FinalProject/with_riot/nodes/riot_nodes/master_node/bin/pca10001/periph.a(gpio.o)
 .text.gpio_init_out
                0x0000000000002290       0x3c /Users/tnesheim/GitHub/GradOS_FinalProject/with_riot/nodes/riot_nodes/master_node/bin/pca10001/periph.a(gpio.o)
                0x0000000000002290                gpio_init_out
 .text.gpio_init_in
                0x00000000000022cc       0x3c /Users/tnesheim/GitHub/GradOS_FinalProject/with_riot/nodes/riot_nodes/master_node/bin/pca10001/periph.a(gpio.o)
                0x00000000000022cc                gpio_init_in
 .text.gpio_init_int
                0x0000000000002308       0x98 /Users/tnesheim/GitHub/GradOS_FinalProject/with_riot/nodes/riot_nodes/master_node/bin/pca10001/periph.a(gpio.o)
                0x0000000000002308                gpio_init_int
 .text.gpio_irq_enable
                0x00000000000023a0       0x20 /Users/tnesheim/GitHub/GradOS_FinalProject/with_riot/nodes/riot_nodes/master_node/bin/pca10001/periph.a(gpio.o)
                0x00000000000023a0                gpio_irq_enable
 .text.gpio_irq_disable
                0x00000000000023c0       0x20 /Users/tnesheim/GitHub/GradOS_FinalProject/with_riot/nodes/riot_nodes/master_node/bin/pca10001/periph.a(gpio.o)
                0x00000000000023c0                gpio_irq_disable
 .text.gpio_read
                0x00000000000023e0       0x44 /Users/tnesheim/GitHub/GradOS_FinalProject/with_riot/nodes/riot_nodes/master_node/bin/pca10001/periph.a(gpio.o)
                0x00000000000023e0                gpio_read
 .text.gpio_set
                0x0000000000002424       0x20 /Users/tnesheim/GitHub/GradOS_FinalProject/with_riot/nodes/riot_nodes/master_node/bin/pca10001/periph.a(gpio.o)
                0x0000000000002424                gpio_set
 .text.gpio_clear
                0x0000000000002444       0x24 /Users/tnesheim/GitHub/GradOS_FinalProject/with_riot/nodes/riot_nodes/master_node/bin/pca10001/periph.a(gpio.o)
                0x0000000000002444                gpio_clear
 .text.gpio_toggle
                0x0000000000002468       0x1c /Users/tnesheim/GitHub/GradOS_FinalProject/with_riot/nodes/riot_nodes/master_node/bin/pca10001/periph.a(gpio.o)
                0x0000000000002468                gpio_toggle
 .text.gpio_write
                0x0000000000002484       0x12 /Users/tnesheim/GitHub/GradOS_FinalProject/with_riot/nodes/riot_nodes/master_node/bin/pca10001/periph.a(gpio.o)
                0x0000000000002484                gpio_write
 *fill*         0x0000000000002496        0x2 
 .text.isr_gpiote
                0x0000000000002498       0x30 /Users/tnesheim/GitHub/GradOS_FinalProject/with_riot/nodes/riot_nodes/master_node/bin/pca10001/periph.a(gpio.o)
                0x0000000000002498                isr_gpiote
 .text          0x00000000000024c8        0x0 /Users/tnesheim/GitHub/GradOS_FinalProject/with_riot/nodes/riot_nodes/master_node/bin/pca10001/periph.a(spi.o)
 .text.spi_init_slave
                0x00000000000024c8        0x6 /Users/tnesheim/GitHub/GradOS_FinalProject/with_riot/nodes/riot_nodes/master_node/bin/pca10001/periph.a(spi.o)
                0x00000000000024c8                spi_init_slave
 *fill*         0x00000000000024ce        0x2 
 .text.spi_conf_pins
                0x00000000000024d0       0x68 /Users/tnesheim/GitHub/GradOS_FinalProject/with_riot/nodes/riot_nodes/master_node/bin/pca10001/periph.a(spi.o)
                0x00000000000024d0                spi_conf_pins
 .text.spi_acquire
                0x0000000000002538       0x20 /Users/tnesheim/GitHub/GradOS_FinalProject/with_riot/nodes/riot_nodes/master_node/bin/pca10001/periph.a(spi.o)
                0x0000000000002538                spi_acquire
 .text.spi_release
                0x0000000000002558       0x20 /Users/tnesheim/GitHub/GradOS_FinalProject/with_riot/nodes/riot_nodes/master_node/bin/pca10001/periph.a(spi.o)
                0x0000000000002558                spi_release
 .text.spi_transfer_bytes
                0x0000000000002578       0x58 /Users/tnesheim/GitHub/GradOS_FinalProject/with_riot/nodes/riot_nodes/master_node/bin/pca10001/periph.a(spi.o)
                0x0000000000002578                spi_transfer_bytes
 .text.spi_transfer_byte
                0x00000000000025d0       0x12 /Users/tnesheim/GitHub/GradOS_FinalProject/with_riot/nodes/riot_nodes/master_node/bin/pca10001/periph.a(spi.o)
                0x00000000000025d0                spi_transfer_byte
 .text.spi_transfer_reg
                0x00000000000025e2       0x1a /Users/tnesheim/GitHub/GradOS_FinalProject/with_riot/nodes/riot_nodes/master_node/bin/pca10001/periph.a(spi.o)
                0x00000000000025e2                spi_transfer_reg
 .text.spi_transfer_regs
                0x00000000000025fc       0x1c /Users/tnesheim/GitHub/GradOS_FinalProject/with_riot/nodes/riot_nodes/master_node/bin/pca10001/periph.a(spi.o)
                0x00000000000025fc                spi_transfer_regs
 .text.spi_transmission_begin
                0x0000000000002618        0x2 /Users/tnesheim/GitHub/GradOS_FinalProject/with_riot/nodes/riot_nodes/master_node/bin/pca10001/periph.a(spi.o)
                0x0000000000002618                spi_transmission_begin
 *fill*         0x000000000000261a        0x2 
 .text.spi_poweron
                0x000000000000261c       0x1c /Users/tnesheim/GitHub/GradOS_FinalProject/with_riot/nodes/riot_nodes/master_node/bin/pca10001/periph.a(spi.o)
                0x000000000000261c                spi_poweron
 .text.spi_init_master
                0x0000000000002638       0xa0 /Users/tnesheim/GitHub/GradOS_FinalProject/with_riot/nodes/riot_nodes/master_node/bin/pca10001/periph.a(spi.o)
                0x0000000000002638                spi_init_master
 .text.spi_poweroff
                0x00000000000026d8       0x1c /Users/tnesheim/GitHub/GradOS_FinalProject/with_riot/nodes/riot_nodes/master_node/bin/pca10001/periph.a(spi.o)
                0x00000000000026d8                spi_poweroff
 .text          0x00000000000026f4        0x0 /Users/tnesheim/GitHub/GradOS_FinalProject/with_riot/nodes/riot_nodes/master_node/bin/pca10001/timex.a(timex.o)
 .text.timex_add
                0x00000000000026f4       0x2c /Users/tnesheim/GitHub/GradOS_FinalProject/with_riot/nodes/riot_nodes/master_node/bin/pca10001/timex.a(timex.o)
                0x00000000000026f4                timex_add
 .text.timex_set
                0x0000000000002720        0x6 /Users/tnesheim/GitHub/GradOS_FinalProject/with_riot/nodes/riot_nodes/master_node/bin/pca10001/timex.a(timex.o)
                0x0000000000002720                timex_set
 *fill*         0x0000000000002726        0x2 
 .text.timex_sub
                0x0000000000002728       0x2c /Users/tnesheim/GitHub/GradOS_FinalProject/with_riot/nodes/riot_nodes/master_node/bin/pca10001/timex.a(timex.o)
                0x0000000000002728                timex_sub
 .text.timex_cmp
                0x0000000000002754       0x20 /Users/tnesheim/GitHub/GradOS_FinalProject/with_riot/nodes/riot_nodes/master_node/bin/pca10001/timex.a(timex.o)
                0x0000000000002754                timex_cmp
 .text          0x0000000000002774       0x14 /Users/tnesheim/GitHub/RIOT/gcc-arm-none-eabi-4_9-2015q1/bin/../lib/gcc/arm-none-eabi/4.9.3/armv6-m/libgcc.a(_thumb1_case_uqi.o)
                0x0000000000002774                __gnu_thumb1_case_uqi
 .text          0x0000000000002788       0x14 /Users/tnesheim/GitHub/RIOT/gcc-arm-none-eabi-4_9-2015q1/bin/../lib/gcc/arm-none-eabi/4.9.3/armv6-m/libgcc.a(_thumb1_case_shi.o)
                0x0000000000002788                __gnu_thumb1_case_shi
 .text          0x000000000000279c      0x120 /Users/tnesheim/GitHub/RIOT/gcc-arm-none-eabi-4_9-2015q1/bin/../lib/gcc/arm-none-eabi/4.9.3/armv6-m/libgcc.a(_udivsi3.o)
                0x000000000000279c                __udivsi3
                0x000000000000279c                __aeabi_uidiv
                0x00000000000028a8                __aeabi_uidivmod
 .text          0x00000000000028bc        0x4 /Users/tnesheim/GitHub/RIOT/gcc-arm-none-eabi-4_9-2015q1/bin/../lib/gcc/arm-none-eabi/4.9.3/armv6-m/libgcc.a(_dvmd_tls.o)
                0x00000000000028bc                __aeabi_ldiv0
                0x00000000000028bc                __aeabi_idiv0
 .text          0x00000000000028c0        0x0 /Users/tnesheim/GitHub/RIOT/gcc-arm-none-eabi-4_9-2015q1/bin/../lib/gcc/arm-none-eabi/4.9.3/../../../../arm-none-eabi/lib/armv6-m/libc_nano.a(lib_a-errno.o)
 .text.__errno  0x00000000000028c0        0xc /Users/tnesheim/GitHub/RIOT/gcc-arm-none-eabi-4_9-2015q1/bin/../lib/gcc/arm-none-eabi/4.9.3/../../../../arm-none-eabi/lib/armv6-m/libc_nano.a(lib_a-errno.o)
                0x00000000000028c0                __errno
 .text          0x00000000000028cc        0x0 /Users/tnesheim/GitHub/RIOT/gcc-arm-none-eabi-4_9-2015q1/bin/../lib/gcc/arm-none-eabi/4.9.3/../../../../arm-none-eabi/lib/armv6-m/libc_nano.a(lib_a-impure.o)
 .text          0x00000000000028cc        0x0 /Users/tnesheim/GitHub/RIOT/gcc-arm-none-eabi-4_9-2015q1/bin/../lib/gcc/arm-none-eabi/4.9.3/../../../../arm-none-eabi/lib/armv6-m/libc_nano.a(lib_a-init.o)
 .text.__libc_init_array
                0x00000000000028cc       0x4c /Users/tnesheim/GitHub/RIOT/gcc-arm-none-eabi-4_9-2015q1/bin/../lib/gcc/arm-none-eabi/4.9.3/../../../../arm-none-eabi/lib/armv6-m/libc_nano.a(lib_a-init.o)
                0x00000000000028cc                __libc_init_array
 .text          0x0000000000002918        0x0 /Users/tnesheim/GitHub/RIOT/gcc-arm-none-eabi-4_9-2015q1/bin/../lib/gcc/arm-none-eabi/4.9.3/../../../../arm-none-eabi/lib/armv6-m/libc_nano.a(lib_a-memcpy.o)
 .text.memcpy   0x0000000000002918       0x12 /Users/tnesheim/GitHub/RIOT/gcc-arm-none-eabi-4_9-2015q1/bin/../lib/gcc/arm-none-eabi/4.9.3/../../../../arm-none-eabi/lib/armv6-m/libc_nano.a(lib_a-memcpy.o)
                0x0000000000002918                memcpy
 .text          0x000000000000292a        0x0 /Users/tnesheim/GitHub/RIOT/gcc-arm-none-eabi-4_9-2015q1/bin/../lib/gcc/arm-none-eabi/4.9.3/../../../../arm-none-eabi/lib/armv6-m/libc_nano.a(lib_a-memset.o)
 .text.memset   0x000000000000292a       0x10 /Users/tnesheim/GitHub/RIOT/gcc-arm-none-eabi-4_9-2015q1/bin/../lib/gcc/arm-none-eabi/4.9.3/../../../../arm-none-eabi/lib/armv6-m/libc_nano.a(lib_a-memset.o)
                0x000000000000292a                memset
 .text          0x000000000000293a        0x0 /Users/tnesheim/GitHub/RIOT/gcc-arm-none-eabi-4_9-2015q1/bin/../lib/gcc/arm-none-eabi/4.9.3/../../../../arm-none-eabi/lib/armv6-m/libc_nano.a(lib_a-printf.o)
 .text._printf_r
                0x000000000000293a       0x28 /Users/tnesheim/GitHub/RIOT/gcc-arm-none-eabi-4_9-2015q1/bin/../lib/gcc/arm-none-eabi/4.9.3/../../../../arm-none-eabi/lib/armv6-m/libc_nano.a(lib_a-printf.o)
                0x000000000000293a                _printf_r
                0x000000000000293a                _iprintf_r
 *fill*         0x0000000000002962        0x2 
 .text.printf   0x0000000000002964       0x34 /Users/tnesheim/GitHub/RIOT/gcc-arm-none-eabi-4_9-2015q1/bin/../lib/gcc/arm-none-eabi/4.9.3/../../../../arm-none-eabi/lib/armv6-m/libc_nano.a(lib_a-printf.o)
                0x0000000000002964                printf
                0x0000000000002964                iprintf
 .text          0x0000000000002998        0x0 /Users/tnesheim/GitHub/RIOT/gcc-arm-none-eabi-4_9-2015q1/bin/../lib/gcc/arm-none-eabi/4.9.3/../../../../arm-none-eabi/lib/armv6-m/libc_nano.a(lib_a-puts.o)
 .text._puts_r  0x0000000000002998       0xc2 /Users/tnesheim/GitHub/RIOT/gcc-arm-none-eabi-4_9-2015q1/bin/../lib/gcc/arm-none-eabi/4.9.3/../../../../arm-none-eabi/lib/armv6-m/libc_nano.a(lib_a-puts.o)
                0x0000000000002998                _puts_r
 *fill*         0x0000000000002a5a        0x2 
 .text.puts     0x0000000000002a5c       0x14 /Users/tnesheim/GitHub/RIOT/gcc-arm-none-eabi-4_9-2015q1/bin/../lib/gcc/arm-none-eabi/4.9.3/../../../../arm-none-eabi/lib/armv6-m/libc_nano.a(lib_a-puts.o)
                0x0000000000002a5c                puts
 .text          0x0000000000002a70        0x0 /Users/tnesheim/GitHub/RIOT/gcc-arm-none-eabi-4_9-2015q1/bin/../lib/gcc/arm-none-eabi/4.9.3/../../../../arm-none-eabi/lib/armv6-m/libc_nano.a(lib_a-strncpy.o)
 .text.strncpy  0x0000000000002a70       0x28 /Users/tnesheim/GitHub/RIOT/gcc-arm-none-eabi-4_9-2015q1/bin/../lib/gcc/arm-none-eabi/4.9.3/../../../../arm-none-eabi/lib/armv6-m/libc_nano.a(lib_a-strncpy.o)
                0x0000000000002a70                strncpy
 .text          0x0000000000002a98        0x0 /Users/tnesheim/GitHub/RIOT/gcc-arm-none-eabi-4_9-2015q1/bin/../lib/gcc/arm-none-eabi/4.9.3/../../../../arm-none-eabi/lib/armv6-m/libc_nano.a(lib_a-wbuf.o)
 .text.__swbuf_r
                0x0000000000002a98       0xb0 /Users/tnesheim/GitHub/RIOT/gcc-arm-none-eabi-4_9-2015q1/bin/../lib/gcc/arm-none-eabi/4.9.3/../../../../arm-none-eabi/lib/armv6-m/libc_nano.a(lib_a-wbuf.o)
                0x0000000000002a98                __swbuf_r
 .text.__swbuf  0x0000000000002b48       0x18 /Users/tnesheim/GitHub/RIOT/gcc-arm-none-eabi-4_9-2015q1/bin/../lib/gcc/arm-none-eabi/4.9.3/../../../../arm-none-eabi/lib/armv6-m/libc_nano.a(lib_a-wbuf.o)
                0x0000000000002b48                __swbuf
 .text          0x0000000000002b60        0x0 /Users/tnesheim/GitHub/RIOT/gcc-arm-none-eabi-4_9-2015q1/bin/../lib/gcc/arm-none-eabi/4.9.3/../../../../arm-none-eabi/lib/armv6-m/libc_nano.a(lib_a-wsetup.o)
 .text.__swsetup_r
                0x0000000000002b60       0xe8 /Users/tnesheim/GitHub/RIOT/gcc-arm-none-eabi-4_9-2015q1/bin/../lib/gcc/arm-none-eabi/4.9.3/../../../../arm-none-eabi/lib/armv6-m/libc_nano.a(lib_a-wsetup.o)
                0x0000000000002b60                __swsetup_r
 .text          0x0000000000002c48        0x0 /Users/tnesheim/GitHub/RIOT/gcc-arm-none-eabi-4_9-2015q1/bin/../lib/gcc/arm-none-eabi/4.9.3/../../../../arm-none-eabi/lib/armv6-m/libc_nano.a(lib_a-fflush.o)
 .text.__sflush_r
                0x0000000000002c48      0x112 /Users/tnesheim/GitHub/RIOT/gcc-arm-none-eabi-4_9-2015q1/bin/../lib/gcc/arm-none-eabi/4.9.3/../../../../arm-none-eabi/lib/armv6-m/libc_nano.a(lib_a-fflush.o)
                0x0000000000002c48                __sflush_r
 *fill*         0x0000000000002d5a        0x2 
 .text._fflush_r
                0x0000000000002d5c       0x58 /Users/tnesheim/GitHub/RIOT/gcc-arm-none-eabi-4_9-2015q1/bin/../lib/gcc/arm-none-eabi/4.9.3/../../../../arm-none-eabi/lib/armv6-m/libc_nano.a(lib_a-fflush.o)
                0x0000000000002d5c                _fflush_r
 .text.fflush   0x0000000000002db4       0x28 /Users/tnesheim/GitHub/RIOT/gcc-arm-none-eabi-4_9-2015q1/bin/../lib/gcc/arm-none-eabi/4.9.3/../../../../arm-none-eabi/lib/armv6-m/libc_nano.a(lib_a-fflush.o)
                0x0000000000002db4                fflush
 .text          0x0000000000002ddc        0x0 /Users/tnesheim/GitHub/RIOT/gcc-arm-none-eabi-4_9-2015q1/bin/../lib/gcc/arm-none-eabi/4.9.3/../../../../arm-none-eabi/lib/armv6-m/libc_nano.a(lib_a-findfp.o)
 .text.__fp_lock
                0x0000000000002ddc        0x4 /Users/tnesheim/GitHub/RIOT/gcc-arm-none-eabi-4_9-2015q1/bin/../lib/gcc/arm-none-eabi/4.9.3/../../../../arm-none-eabi/lib/armv6-m/libc_nano.a(lib_a-findfp.o)
 .text.__fp_unlock
                0x0000000000002de0        0x4 /Users/tnesheim/GitHub/RIOT/gcc-arm-none-eabi-4_9-2015q1/bin/../lib/gcc/arm-none-eabi/4.9.3/../../../../arm-none-eabi/lib/armv6-m/libc_nano.a(lib_a-findfp.o)
 .text._cleanup_r
                0x0000000000002de4       0x10 /Users/tnesheim/GitHub/RIOT/gcc-arm-none-eabi-4_9-2015q1/bin/../lib/gcc/arm-none-eabi/4.9.3/../../../../arm-none-eabi/lib/armv6-m/libc_nano.a(lib_a-findfp.o)
                0x0000000000002de4                _cleanup_r
 .text.std.isra.0
                0x0000000000002df4       0x48 /Users/tnesheim/GitHub/RIOT/gcc-arm-none-eabi-4_9-2015q1/bin/../lib/gcc/arm-none-eabi/4.9.3/../../../../arm-none-eabi/lib/armv6-m/libc_nano.a(lib_a-findfp.o)
 .text.__sfmoreglue
                0x0000000000002e3c       0x2c /Users/tnesheim/GitHub/RIOT/gcc-arm-none-eabi-4_9-2015q1/bin/../lib/gcc/arm-none-eabi/4.9.3/../../../../arm-none-eabi/lib/armv6-m/libc_nano.a(lib_a-findfp.o)
                0x0000000000002e3c                __sfmoreglue
 .text._cleanup
                0x0000000000002e68       0x10 /Users/tnesheim/GitHub/RIOT/gcc-arm-none-eabi-4_9-2015q1/bin/../lib/gcc/arm-none-eabi/4.9.3/../../../../arm-none-eabi/lib/armv6-m/libc_nano.a(lib_a-findfp.o)
                0x0000000000002e68                _cleanup
 .text.__sinit  0x0000000000002e78       0x64 /Users/tnesheim/GitHub/RIOT/gcc-arm-none-eabi-4_9-2015q1/bin/../lib/gcc/arm-none-eabi/4.9.3/../../../../arm-none-eabi/lib/armv6-m/libc_nano.a(lib_a-findfp.o)
                0x0000000000002e78                __sinit
 .text.__sfp    0x0000000000002edc       0x7c /Users/tnesheim/GitHub/RIOT/gcc-arm-none-eabi-4_9-2015q1/bin/../lib/gcc/arm-none-eabi/4.9.3/../../../../arm-none-eabi/lib/armv6-m/libc_nano.a(lib_a-findfp.o)
                0x0000000000002edc                __sfp
 .text.__sfp_lock_acquire
                0x0000000000002f58        0x2 /Users/tnesheim/GitHub/RIOT/gcc-arm-none-eabi-4_9-2015q1/bin/../lib/gcc/arm-none-eabi/4.9.3/../../../../arm-none-eabi/lib/armv6-m/libc_nano.a(lib_a-findfp.o)
                0x0000000000002f58                __sfp_lock_acquire
 .text.__sfp_lock_release
                0x0000000000002f5a        0x2 /Users/tnesheim/GitHub/RIOT/gcc-arm-none-eabi-4_9-2015q1/bin/../lib/gcc/arm-none-eabi/4.9.3/../../../../arm-none-eabi/lib/armv6-m/libc_nano.a(lib_a-findfp.o)
                0x0000000000002f5a                __sfp_lock_release
 .text.__sinit_lock_acquire
                0x0000000000002f5c        0x2 /Users/tnesheim/GitHub/RIOT/gcc-arm-none-eabi-4_9-2015q1/bin/../lib/gcc/arm-none-eabi/4.9.3/../../../../arm-none-eabi/lib/armv6-m/libc_nano.a(lib_a-findfp.o)
                0x0000000000002f5c                __sinit_lock_acquire
 .text.__sinit_lock_release
                0x0000000000002f5e        0x2 /Users/tnesheim/GitHub/RIOT/gcc-arm-none-eabi-4_9-2015q1/bin/../lib/gcc/arm-none-eabi/4.9.3/../../../../arm-none-eabi/lib/armv6-m/libc_nano.a(lib_a-findfp.o)
                0x0000000000002f5e                __sinit_lock_release
 .text.__fp_lock_all
                0x0000000000002f60       0x18 /Users/tnesheim/GitHub/RIOT/gcc-arm-none-eabi-4_9-2015q1/bin/../lib/gcc/arm-none-eabi/4.9.3/../../../../arm-none-eabi/lib/armv6-m/libc_nano.a(lib_a-findfp.o)
                0x0000000000002f60                __fp_lock_all
 .text.__fp_unlock_all
                0x0000000000002f78       0x18 /Users/tnesheim/GitHub/RIOT/gcc-arm-none-eabi-4_9-2015q1/bin/../lib/gcc/arm-none-eabi/4.9.3/../../../../arm-none-eabi/lib/armv6-m/libc_nano.a(lib_a-findfp.o)
                0x0000000000002f78                __fp_unlock_all
 .text          0x0000000000002f90        0x0 /Users/tnesheim/GitHub/RIOT/gcc-arm-none-eabi-4_9-2015q1/bin/../lib/gcc/arm-none-eabi/4.9.3/../../../../arm-none-eabi/lib/armv6-m/libc_nano.a(lib_a-fwalk.o)
 .text._fwalk   0x0000000000002f90       0x38 /Users/tnesheim/GitHub/RIOT/gcc-arm-none-eabi-4_9-2015q1/bin/../lib/gcc/arm-none-eabi/4.9.3/../../../../arm-none-eabi/lib/armv6-m/libc_nano.a(lib_a-fwalk.o)
                0x0000000000002f90                _fwalk
 .text._fwalk_reent
                0x0000000000002fc8       0x42 /Users/tnesheim/GitHub/RIOT/gcc-arm-none-eabi-4_9-2015q1/bin/../lib/gcc/arm-none-eabi/4.9.3/../../../../arm-none-eabi/lib/armv6-m/libc_nano.a(lib_a-fwalk.o)
                0x0000000000002fc8                _fwalk_reent
 .text          0x000000000000300a        0x0 /Users/tnesheim/GitHub/RIOT/gcc-arm-none-eabi-4_9-2015q1/bin/../lib/gcc/arm-none-eabi/4.9.3/../../../../arm-none-eabi/lib/armv6-m/libc_nano.a(lib_a-makebuf.o)
 *fill*         0x000000000000300a        0x2 
 .text.__smakebuf_r
                0x000000000000300c       0xb0 /Users/tnesheim/GitHub/RIOT/gcc-arm-none-eabi-4_9-2015q1/bin/../lib/gcc/arm-none-eabi/4.9.3/../../../../arm-none-eabi/lib/armv6-m/libc_nano.a(lib_a-makebuf.o)
                0x000000000000300c                __smakebuf_r
 .text          0x00000000000030bc        0x0 /Users/tnesheim/GitHub/RIOT/gcc-arm-none-eabi-4_9-2015q1/bin/../lib/gcc/arm-none-eabi/4.9.3/../../../../arm-none-eabi/lib/armv6-m/libc_nano.a(lib_a-nano-freer.o)
 .text._free_r  0x00000000000030bc       0x8c /Users/tnesheim/GitHub/RIOT/gcc-arm-none-eabi-4_9-2015q1/bin/../lib/gcc/arm-none-eabi/4.9.3/../../../../arm-none-eabi/lib/armv6-m/libc_nano.a(lib_a-nano-freer.o)
                0x00000000000030bc                _free_r
 .text          0x0000000000003148        0x0 /Users/tnesheim/GitHub/RIOT/gcc-arm-none-eabi-4_9-2015q1/bin/../lib/gcc/arm-none-eabi/4.9.3/../../../../arm-none-eabi/lib/armv6-m/libc_nano.a(lib_a-nano-mallocr.o)
 .text._malloc_r
                0x0000000000003148       0xb0 /Users/tnesheim/GitHub/RIOT/gcc-arm-none-eabi-4_9-2015q1/bin/../lib/gcc/arm-none-eabi/4.9.3/../../../../arm-none-eabi/lib/armv6-m/libc_nano.a(lib_a-nano-mallocr.o)
                0x0000000000003148                _malloc_r
 .text          0x00000000000031f8        0x0 /Users/tnesheim/GitHub/RIOT/gcc-arm-none-eabi-4_9-2015q1/bin/../lib/gcc/arm-none-eabi/4.9.3/../../../../arm-none-eabi/lib/armv6-m/libc_nano.a(lib_a-nano-vfprintf.o)
 .text.__sfputc_r
                0x00000000000031f8       0x2a /Users/tnesheim/GitHub/RIOT/gcc-arm-none-eabi-4_9-2015q1/bin/../lib/gcc/arm-none-eabi/4.9.3/../../../../arm-none-eabi/lib/armv6-m/libc_nano.a(lib_a-nano-vfprintf.o)
 .text.__sfputs_r
                0x0000000000003222       0x24 /Users/tnesheim/GitHub/RIOT/gcc-arm-none-eabi-4_9-2015q1/bin/../lib/gcc/arm-none-eabi/4.9.3/../../../../arm-none-eabi/lib/armv6-m/libc_nano.a(lib_a-nano-vfprintf.o)
                0x0000000000003222                __sfputs_r
 .text.__sprint_r
                0x0000000000003246       0x1c /Users/tnesheim/GitHub/RIOT/gcc-arm-none-eabi-4_9-2015q1/bin/../lib/gcc/arm-none-eabi/4.9.3/../../../../arm-none-eabi/lib/armv6-m/libc_nano.a(lib_a-nano-vfprintf.o)
                0x0000000000003246                __sprint_r
 *fill*         0x0000000000003262        0x2 
 .text._vfprintf_r
                0x0000000000003264      0x220 /Users/tnesheim/GitHub/RIOT/gcc-arm-none-eabi-4_9-2015q1/bin/../lib/gcc/arm-none-eabi/4.9.3/../../../../arm-none-eabi/lib/armv6-m/libc_nano.a(lib_a-nano-vfprintf.o)
                0x0000000000003264                _vfiprintf_r
                0x0000000000003264                _vfprintf_r
 .text.vfprintf
                0x0000000000003484       0x1c /Users/tnesheim/GitHub/RIOT/gcc-arm-none-eabi-4_9-2015q1/bin/../lib/gcc/arm-none-eabi/4.9.3/../../../../arm-none-eabi/lib/armv6-m/libc_nano.a(lib_a-nano-vfprintf.o)
                0x0000000000003484                vfiprintf
                0x0000000000003484                vfprintf
 .text          0x00000000000034a0        0x0 /Users/tnesheim/GitHub/RIOT/gcc-arm-none-eabi-4_9-2015q1/bin/../lib/gcc/arm-none-eabi/4.9.3/../../../../arm-none-eabi/lib/armv6-m/libc_nano.a(lib_a-nano-vfprintf_i.o)
 .text._printf_common
                0x00000000000034a0       0xdc /Users/tnesheim/GitHub/RIOT/gcc-arm-none-eabi-4_9-2015q1/bin/../lib/gcc/arm-none-eabi/4.9.3/../../../../arm-none-eabi/lib/armv6-m/libc_nano.a(lib_a-nano-vfprintf_i.o)
                0x00000000000034a0                _printf_common
 .text._printf_i
                0x000000000000357c      0x230 /Users/tnesheim/GitHub/RIOT/gcc-arm-none-eabi-4_9-2015q1/bin/../lib/gcc/arm-none-eabi/4.9.3/../../../../arm-none-eabi/lib/armv6-m/libc_nano.a(lib_a-nano-vfprintf_i.o)
                0x000000000000357c                _printf_i
 .text          0x00000000000037ac        0x0 /Users/tnesheim/GitHub/RIOT/gcc-arm-none-eabi-4_9-2015q1/bin/../lib/gcc/arm-none-eabi/4.9.3/../../../../arm-none-eabi/lib/armv6-m/libc_nano.a(lib_a-stdio.o)
 .text.__sread  0x00000000000037ac       0x28 /Users/tnesheim/GitHub/RIOT/gcc-arm-none-eabi-4_9-2015q1/bin/../lib/gcc/arm-none-eabi/4.9.3/../../../../arm-none-eabi/lib/armv6-m/libc_nano.a(lib_a-stdio.o)
                0x00000000000037ac                __sread
 .text.__seofread
                0x00000000000037d4        0x4 /Users/tnesheim/GitHub/RIOT/gcc-arm-none-eabi-4_9-2015q1/bin/../lib/gcc/arm-none-eabi/4.9.3/../../../../arm-none-eabi/lib/armv6-m/libc_nano.a(lib_a-stdio.o)
                0x00000000000037d4                __seofread
 .text.__swrite
                0x00000000000037d8       0x38 /Users/tnesheim/GitHub/RIOT/gcc-arm-none-eabi-4_9-2015q1/bin/../lib/gcc/arm-none-eabi/4.9.3/../../../../arm-none-eabi/lib/armv6-m/libc_nano.a(lib_a-stdio.o)
                0x00000000000037d8                __swrite
 .text.__sseek  0x0000000000003810       0x2c /Users/tnesheim/GitHub/RIOT/gcc-arm-none-eabi-4_9-2015q1/bin/../lib/gcc/arm-none-eabi/4.9.3/../../../../arm-none-eabi/lib/armv6-m/libc_nano.a(lib_a-stdio.o)
                0x0000000000003810                __sseek
 .text.__sclose
                0x000000000000383c        0xc /Users/tnesheim/GitHub/RIOT/gcc-arm-none-eabi-4_9-2015q1/bin/../lib/gcc/arm-none-eabi/4.9.3/../../../../arm-none-eabi/lib/armv6-m/libc_nano.a(lib_a-stdio.o)
                0x000000000000383c                __sclose
 .text          0x0000000000003848        0x0 /Users/tnesheim/GitHub/RIOT/gcc-arm-none-eabi-4_9-2015q1/bin/../lib/gcc/arm-none-eabi/4.9.3/../../../../arm-none-eabi/lib/armv6-m/libc_nano.a(lib_a-fvwrite.o)
 .text.__sfvwrite_r
                0x0000000000003848      0x2b0 /Users/tnesheim/GitHub/RIOT/gcc-arm-none-eabi-4_9-2015q1/bin/../lib/gcc/arm-none-eabi/4.9.3/../../../../arm-none-eabi/lib/armv6-m/libc_nano.a(lib_a-fvwrite.o)
                0x0000000000003848                __sfvwrite_r
 .text          0x0000000000003af8        0x0 /Users/tnesheim/GitHub/RIOT/gcc-arm-none-eabi-4_9-2015q1/bin/../lib/gcc/arm-none-eabi/4.9.3/../../../../arm-none-eabi/lib/armv6-m/libc_nano.a(lib_a-memchr.o)
 .text.memchr   0x0000000000003af8       0x16 /Users/tnesheim/GitHub/RIOT/gcc-arm-none-eabi-4_9-2015q1/bin/../lib/gcc/arm-none-eabi/4.9.3/../../../../arm-none-eabi/lib/armv6-m/libc_nano.a(lib_a-memchr.o)
                0x0000000000003af8                memchr
 .text          0x0000000000003b0e        0x0 /Users/tnesheim/GitHub/RIOT/gcc-arm-none-eabi-4_9-2015q1/bin/../lib/gcc/arm-none-eabi/4.9.3/../../../../arm-none-eabi/lib/armv6-m/libc_nano.a(lib_a-memmove.o)
 .text.memmove  0x0000000000003b0e       0x28 /Users/tnesheim/GitHub/RIOT/gcc-arm-none-eabi-4_9-2015q1/bin/../lib/gcc/arm-none-eabi/4.9.3/../../../../arm-none-eabi/lib/armv6-m/libc_nano.a(lib_a-memmove.o)
                0x0000000000003b0e                memmove
 .text          0x0000000000003b36        0x0 /Users/tnesheim/GitHub/RIOT/gcc-arm-none-eabi-4_9-2015q1/bin/../lib/gcc/arm-none-eabi/4.9.3/../../../../arm-none-eabi/lib/armv6-m/libc_nano.a(lib_a-nano-reallocr.o)
 .text._realloc_r
                0x0000000000003b36       0x4c /Users/tnesheim/GitHub/RIOT/gcc-arm-none-eabi-4_9-2015q1/bin/../lib/gcc/arm-none-eabi/4.9.3/../../../../arm-none-eabi/lib/armv6-m/libc_nano.a(lib_a-nano-reallocr.o)
                0x0000000000003b36                _realloc_r
 .text          0x0000000000003b82        0x0 /Users/tnesheim/GitHub/RIOT/gcc-arm-none-eabi-4_9-2015q1/bin/../lib/gcc/arm-none-eabi/4.9.3/../../../../arm-none-eabi/lib/armv6-m/libc_nano.a(lib_a-nano-msizer.o)
 .text._malloc_usable_size_r
                0x0000000000003b82       0x16 /Users/tnesheim/GitHub/RIOT/gcc-arm-none-eabi-4_9-2015q1/bin/../lib/gcc/arm-none-eabi/4.9.3/../../../../arm-none-eabi/lib/armv6-m/libc_nano.a(lib_a-nano-msizer.o)
                0x0000000000003b82                _malloc_usable_size_r
 .text          0x0000000000003b98      0x1e0 /Users/tnesheim/GitHub/RIOT/gcc-arm-none-eabi-4_9-2015q1/bin/../lib/gcc/arm-none-eabi/4.9.3/armv6-m/libgcc.a(_divsi3.o)
                0x0000000000003b98                __aeabi_idiv
                0x0000000000003b98                __divsi3
                0x0000000000003d64                __aeabi_idivmod
 *(.glue_7t)
 .glue_7t       0x0000000000000000        0x0 linker stubs
 *(.glue_7)
 .glue_7        0x0000000000000000        0x0 linker stubs
 *(.rodata .rodata* .gnu.linkonce.r.*)
 .rodata.str1.1
                0x0000000000003d78       0x17 /Users/tnesheim/GitHub/GradOS_FinalProject/with_riot/nodes/riot_nodes/master_node/bin/pca10001/cpu/syscalls.o
 .rodata.str1.1
                0x0000000000003d8f       0x29 /Users/tnesheim/GitHub/GradOS_FinalProject/with_riot/nodes/riot_nodes/master_node/bin/pca10001/cpu/startup.o
 .rodata.str1.1
                0x0000000000003db8        0xa /Users/tnesheim/GitHub/GradOS_FinalProject/with_riot/nodes/riot_nodes/master_node/bin/pca10001/core.a(kernel_init.o)
 .rodata.str1.1
                0x0000000000003dc2       0x45 /Users/tnesheim/GitHub/GradOS_FinalProject/with_riot/nodes/riot_nodes/master_node/bin/pca10001/core.a(panic.o)
                                         0x48 (size before relaxing)
 .rodata.str1.1
                0x0000000000003e07       0x11 /Users/tnesheim/GitHub/GradOS_FinalProject/with_riot/nodes/riot_nodes/master_node/bin/pca10001/core.a(hwtimer.o)
 .rodata.str1.1
                0x0000000000003e18       0x50 /Users/tnesheim/GitHub/GradOS_FinalProject/with_riot/nodes/riot_nodes/master_node/bin/pca10001/core.a(lifo.o)
 .rodata.str1.1
                0x0000000000003e68       0x71 /Users/tnesheim/GitHub/GradOS_FinalProject/with_riot/nodes/riot_nodes/master_node/bin/pca10001/cortex-m0_common.a(thread_arch.o)
 .rodata.str1.1
                0x0000000000003ed9       0x5b /Users/tnesheim/GitHub/GradOS_FinalProject/with_riot/nodes/riot_nodes/master_node/bin/pca10001/transceiver.a(transceiver.o)
 .rodata.CSWTCH.32
                0x0000000000003f34        0x7 /Users/tnesheim/GitHub/GradOS_FinalProject/with_riot/nodes/riot_nodes/master_node/bin/pca10001/transceiver.a(transceiver.o)
 .rodata.CSWTCH.6
                0x0000000000003f3b       0x10 /Users/tnesheim/GitHub/GradOS_FinalProject/with_riot/nodes/riot_nodes/master_node/bin/pca10001/periph.a(gpio.o)
 *fill*         0x0000000000003f4b        0x1 
 .rodata.spi    0x0000000000003f4c        0x8 /Users/tnesheim/GitHub/GradOS_FinalProject/with_riot/nodes/riot_nodes/master_node/bin/pca10001/periph.a(spi.o)
 .rodata.str1.1
                0x0000000000003f54        0x2 /Users/tnesheim/GitHub/RIOT/gcc-arm-none-eabi-4_9-2015q1/bin/../lib/gcc/arm-none-eabi/4.9.3/../../../../arm-none-eabi/lib/armv6-m/libc_nano.a(lib_a-impure.o)
 *fill*         0x0000000000003f56        0x2 
 .rodata._global_impure_ptr
                0x0000000000003f58        0x4 /Users/tnesheim/GitHub/RIOT/gcc-arm-none-eabi-4_9-2015q1/bin/../lib/gcc/arm-none-eabi/4.9.3/../../../../arm-none-eabi/lib/armv6-m/libc_nano.a(lib_a-impure.o)
                0x0000000000003f58                _global_impure_ptr
 .rodata.__sf_fake_stdin
                0x0000000000003f5c       0x20 /Users/tnesheim/GitHub/RIOT/gcc-arm-none-eabi-4_9-2015q1/bin/../lib/gcc/arm-none-eabi/4.9.3/../../../../arm-none-eabi/lib/armv6-m/libc_nano.a(lib_a-findfp.o)
                0x0000000000003f5c                __sf_fake_stdin
 .rodata.__sf_fake_stdout
                0x0000000000003f7c       0x20 /Users/tnesheim/GitHub/RIOT/gcc-arm-none-eabi-4_9-2015q1/bin/../lib/gcc/arm-none-eabi/4.9.3/../../../../arm-none-eabi/lib/armv6-m/libc_nano.a(lib_a-findfp.o)
                0x0000000000003f7c                __sf_fake_stdout
 .rodata.__sf_fake_stderr
                0x0000000000003f9c       0x20 /Users/tnesheim/GitHub/RIOT/gcc-arm-none-eabi-4_9-2015q1/bin/../lib/gcc/arm-none-eabi/4.9.3/../../../../arm-none-eabi/lib/armv6-m/libc_nano.a(lib_a-findfp.o)
                0x0000000000003f9c                __sf_fake_stderr
 .rodata.str1.1
                0x0000000000003fbc       0x11 /Users/tnesheim/GitHub/RIOT/gcc-arm-none-eabi-4_9-2015q1/bin/../lib/gcc/arm-none-eabi/4.9.3/../../../../arm-none-eabi/lib/armv6-m/libc_nano.a(lib_a-nano-vfprintf.o)
 .rodata.str1.1
                0x0000000000003fcd       0x22 /Users/tnesheim/GitHub/RIOT/gcc-arm-none-eabi-4_9-2015q1/bin/../lib/gcc/arm-none-eabi/4.9.3/../../../../arm-none-eabi/lib/armv6-m/libc_nano.a(lib_a-nano-vfprintf_i.o)
 *(.ARM.extab* .gnu.linkonce.armextab.*)
                0x0000000000003ff0                . = ALIGN (0x4)
 *fill*         0x0000000000003fef        0x1 
 *(.init)
                0x0000000000003ff0                . = ALIGN (0x4)
                0x0000000000003ff0                __preinit_array_start = .
 *(.preinit_array)
                0x0000000000003ff0                __preinit_array_end = .
                0x0000000000003ff0                . = ALIGN (0x4)
                0x0000000000003ff0                __init_array_start = .
 *(SORT(.init_array.*))
 *(.init_array)
                0x0000000000003ff0                __init_array_end = .
                0x0000000000003ff0                . = ALIGN (0x4)
 *crtbegin.o(.ctors)
 *(EXCLUDE_FILE(*crtend.o) .ctors)
 *(SORT(.ctors.*))
 *crtend.o(.ctors)
                0x0000000000003ff0                . = ALIGN (0x4)
 *(.fini)
                0x0000000000003ff0                . = ALIGN (0x4)
                0x0000000000003ff0                __fini_array_start = .
 *(.fini_array)
 *(SORT(.fini_array.*))
                0x0000000000003ff0                __fini_array_end = .
 *crtbegin.o(.dtors)
 *(EXCLUDE_FILE(*crtend.o) .dtors)
 *(SORT(.dtors.*))
 *crtend.o(.dtors)
                0x0000000000003ff0                . = ALIGN (0x4)
                0x0000000000003ff0                _efixed = .
                0x0000000000003ff0                PROVIDE (__exidx_start, .)

.vfp11_veneer   0x0000000000003ff0        0x0
 .vfp11_veneer  0x0000000000000000        0x0 linker stubs

.v4_bx          0x0000000000003ff0        0x0
 .v4_bx         0x0000000000000000        0x0 linker stubs

.iplt           0x0000000000003ff0        0x0
 .iplt          0x0000000000000000        0x0 /Users/tnesheim/GitHub/GradOS_FinalProject/with_riot/nodes/riot_nodes/master_node/bin/pca10001/cpu/syscalls.o

.igot.plt       0x0000000000003ff0        0x0
 .igot.plt      0x0000000000000000        0x0 /Users/tnesheim/GitHub/GradOS_FinalProject/with_riot/nodes/riot_nodes/master_node/bin/pca10001/cpu/syscalls.o

.rel.dyn        0x0000000000003ff0        0x0
 .rel.iplt      0x0000000000000000        0x0 /Users/tnesheim/GitHub/GradOS_FinalProject/with_riot/nodes/riot_nodes/master_node/bin/pca10001/cpu/syscalls.o

.ARM.exidx
 *(.ARM.exidx* .gnu.linkonce.armexidx.*)
                0x0000000000003ff0                PROVIDE (__exidx_end, .)
                0x0000000000003ff0                . = ALIGN (0x4)
                0x0000000000003ff0                _etext = .

.relocate       0x0000000020000000       0x74 load address 0x0000000000003ff0
                0x0000000020000000                . = ALIGN (0x4)
                0x0000000020000000                _srelocate = .
 *(.ramfunc .ramfunc.*)
 *(.data .data.*)
 .data          0x0000000020000000        0x0 /Users/tnesheim/GitHub/GradOS_FinalProject/with_riot/nodes/riot_nodes/master_node/bin/pca10001/cpu/syscalls.o
 .data.heap_top
                0x0000000020000000        0x4 /Users/tnesheim/GitHub/GradOS_FinalProject/with_riot/nodes/riot_nodes/master_node/bin/pca10001/cpu/syscalls.o
                0x0000000020000000                heap_top
 .data          0x0000000020000004        0x0 /Users/tnesheim/GitHub/GradOS_FinalProject/with_riot/nodes/riot_nodes/master_node/bin/pca10001/cpu/startup.o
 .data          0x0000000020000004        0x0 /Users/tnesheim/GitHub/GradOS_FinalProject/with_riot/nodes/riot_nodes/master_node/bin/pca10001/core.a(kernel_init.o)
 .data.idle_name
                0x0000000020000004        0x4 /Users/tnesheim/GitHub/GradOS_FinalProject/with_riot/nodes/riot_nodes/master_node/bin/pca10001/core.a(kernel_init.o)
                0x0000000020000004                idle_name
 .data.main_name
                0x0000000020000008        0x4 /Users/tnesheim/GitHub/GradOS_FinalProject/with_riot/nodes/riot_nodes/master_node/bin/pca10001/core.a(kernel_init.o)
                0x0000000020000008                main_name
 .data          0x000000002000000c        0x0 /Users/tnesheim/GitHub/GradOS_FinalProject/with_riot/nodes/riot_nodes/master_node/bin/pca10001/core.a(mutex.o)
 .data          0x000000002000000c        0x0 /Users/tnesheim/GitHub/GradOS_FinalProject/with_riot/nodes/riot_nodes/master_node/bin/pca10001/core.a(panic.o)
 .data          0x000000002000000c        0x0 /Users/tnesheim/GitHub/GradOS_FinalProject/with_riot/nodes/riot_nodes/master_node/bin/pca10001/core.a(priority_queue.o)
 .data          0x000000002000000c        0x0 /Users/tnesheim/GitHub/GradOS_FinalProject/with_riot/nodes/riot_nodes/master_node/bin/pca10001/core.a(ringbuffer.o)
 .data          0x000000002000000c        0x0 /Users/tnesheim/GitHub/GradOS_FinalProject/with_riot/nodes/riot_nodes/master_node/bin/pca10001/core.a(sched.o)
 .data          0x000000002000000c        0x0 /Users/tnesheim/GitHub/GradOS_FinalProject/with_riot/nodes/riot_nodes/master_node/bin/pca10001/core.a(thread.o)
 .data          0x000000002000000c        0x0 /Users/tnesheim/GitHub/GradOS_FinalProject/with_riot/nodes/riot_nodes/master_node/bin/pca10001/core.a(atomic.o)
 .data          0x000000002000000c        0x0 /Users/tnesheim/GitHub/GradOS_FinalProject/with_riot/nodes/riot_nodes/master_node/bin/pca10001/core.a(bitarithm.o)
 .data          0x000000002000000c        0x0 /Users/tnesheim/GitHub/GradOS_FinalProject/with_riot/nodes/riot_nodes/master_node/bin/pca10001/core.a(clist.o)
 .data          0x000000002000000c        0x0 /Users/tnesheim/GitHub/GradOS_FinalProject/with_riot/nodes/riot_nodes/master_node/bin/pca10001/core.a(hwtimer.o)
 .data          0x000000002000000c        0x0 /Users/tnesheim/GitHub/GradOS_FinalProject/with_riot/nodes/riot_nodes/master_node/bin/pca10001/core.a(lifo.o)
 .data          0x000000002000000c        0x0 /Users/tnesheim/GitHub/GradOS_FinalProject/with_riot/nodes/riot_nodes/master_node/bin/pca10001/cortex-m0_common.a(irq_arch.o)
 .data          0x000000002000000c        0x0 /Users/tnesheim/GitHub/GradOS_FinalProject/with_riot/nodes/riot_nodes/master_node/bin/pca10001/cortex-m0_common.a(panic.o)
 .data          0x000000002000000c        0x0 /Users/tnesheim/GitHub/GradOS_FinalProject/with_riot/nodes/riot_nodes/master_node/bin/pca10001/cortex-m0_common.a(thread_arch.o)
 .data          0x000000002000000c        0x0 /Users/tnesheim/GitHub/GradOS_FinalProject/with_riot/nodes/riot_nodes/master_node/bin/pca10001/cpu.a(hwtimer_arch.o)
 .data          0x000000002000000c        0x0 /Users/tnesheim/GitHub/GradOS_FinalProject/with_riot/nodes/riot_nodes/master_node/bin/pca10001/cpu.a(lpm_arch.o)
 .data          0x000000002000000c        0x0 /Users/tnesheim/GitHub/GradOS_FinalProject/with_riot/nodes/riot_nodes/master_node/bin/pca10001/periph.a(timer.o)
 .data          0x000000002000000c        0x0 /Users/tnesheim/GitHub/GradOS_FinalProject/with_riot/nodes/riot_nodes/master_node/bin/pca10001/periph.a(uart.o)
 .data          0x000000002000000c        0x0 /Users/tnesheim/GitHub/GradOS_FinalProject/with_riot/nodes/riot_nodes/master_node/bin/pca10001/pca10001_base.a(board.o)
 .data          0x000000002000000c        0x0 /Users/tnesheim/GitHub/GradOS_FinalProject/with_riot/nodes/riot_nodes/master_node/bin/pca10001/master_node.a(main.o)
 .data          0x000000002000000c        0x0 /Users/tnesheim/GitHub/GradOS_FinalProject/with_riot/nodes/riot_nodes/master_node/bin/pca10001/auto_init.a(auto_init.o)
 .data          0x000000002000000c        0x0 /Users/tnesheim/GitHub/GradOS_FinalProject/with_riot/nodes/riot_nodes/master_node/bin/pca10001/core.a(msg.o)
 .data          0x000000002000000c        0x0 /Users/tnesheim/GitHub/GradOS_FinalProject/with_riot/nodes/riot_nodes/master_node/bin/pca10001/cpu.a(cpu.o)
 .data          0x000000002000000c        0x0 /Users/tnesheim/GitHub/GradOS_FinalProject/with_riot/nodes/riot_nodes/master_node/bin/pca10001/transceiver.a(transceiver.o)
 .data          0x000000002000000c        0x0 /Users/tnesheim/GitHub/GradOS_FinalProject/with_riot/nodes/riot_nodes/master_node/bin/pca10001/vtimer.a(vtimer.o)
 .data.hwtimer_id
                0x000000002000000c        0x4 /Users/tnesheim/GitHub/GradOS_FinalProject/with_riot/nodes/riot_nodes/master_node/bin/pca10001/vtimer.a(vtimer.o)
 .data          0x0000000020000010        0x0 /Users/tnesheim/GitHub/GradOS_FinalProject/with_riot/nodes/riot_nodes/master_node/bin/pca10001/nrf51822BLE.a(nrf51822BLE.o)
 .data          0x0000000020000010        0x0 /Users/tnesheim/GitHub/GradOS_FinalProject/with_riot/nodes/riot_nodes/master_node/bin/pca10001/periph.a(gpio.o)
 .data          0x0000000020000010        0x0 /Users/tnesheim/GitHub/GradOS_FinalProject/with_riot/nodes/riot_nodes/master_node/bin/pca10001/periph.a(spi.o)
 .data          0x0000000020000010        0x0 /Users/tnesheim/GitHub/GradOS_FinalProject/with_riot/nodes/riot_nodes/master_node/bin/pca10001/timex.a(timex.o)
 .data          0x0000000020000010        0x0 /Users/tnesheim/GitHub/RIOT/gcc-arm-none-eabi-4_9-2015q1/bin/../lib/gcc/arm-none-eabi/4.9.3/armv6-m/libgcc.a(_thumb1_case_uqi.o)
 .data          0x0000000020000010        0x0 /Users/tnesheim/GitHub/RIOT/gcc-arm-none-eabi-4_9-2015q1/bin/../lib/gcc/arm-none-eabi/4.9.3/armv6-m/libgcc.a(_thumb1_case_shi.o)
 .data          0x0000000020000010        0x0 /Users/tnesheim/GitHub/RIOT/gcc-arm-none-eabi-4_9-2015q1/bin/../lib/gcc/arm-none-eabi/4.9.3/armv6-m/libgcc.a(_udivsi3.o)
 .data          0x0000000020000010        0x0 /Users/tnesheim/GitHub/RIOT/gcc-arm-none-eabi-4_9-2015q1/bin/../lib/gcc/arm-none-eabi/4.9.3/armv6-m/libgcc.a(_dvmd_tls.o)
 .data          0x0000000020000010        0x0 /Users/tnesheim/GitHub/RIOT/gcc-arm-none-eabi-4_9-2015q1/bin/../lib/gcc/arm-none-eabi/4.9.3/../../../../arm-none-eabi/lib/armv6-m/libc_nano.a(lib_a-errno.o)
 .data          0x0000000020000010        0x0 /Users/tnesheim/GitHub/RIOT/gcc-arm-none-eabi-4_9-2015q1/bin/../lib/gcc/arm-none-eabi/4.9.3/../../../../arm-none-eabi/lib/armv6-m/libc_nano.a(lib_a-impure.o)
 .data.impure_data
                0x0000000020000010       0x60 /Users/tnesheim/GitHub/RIOT/gcc-arm-none-eabi-4_9-2015q1/bin/../lib/gcc/arm-none-eabi/4.9.3/../../../../arm-none-eabi/lib/armv6-m/libc_nano.a(lib_a-impure.o)
 .data._impure_ptr
                0x0000000020000070        0x4 /Users/tnesheim/GitHub/RIOT/gcc-arm-none-eabi-4_9-2015q1/bin/../lib/gcc/arm-none-eabi/4.9.3/../../../../arm-none-eabi/lib/armv6-m/libc_nano.a(lib_a-impure.o)
                0x0000000020000070                _impure_ptr
 .data          0x0000000020000074        0x0 /Users/tnesheim/GitHub/RIOT/gcc-arm-none-eabi-4_9-2015q1/bin/../lib/gcc/arm-none-eabi/4.9.3/../../../../arm-none-eabi/lib/armv6-m/libc_nano.a(lib_a-init.o)
 .data          0x0000000020000074        0x0 /Users/tnesheim/GitHub/RIOT/gcc-arm-none-eabi-4_9-2015q1/bin/../lib/gcc/arm-none-eabi/4.9.3/../../../../arm-none-eabi/lib/armv6-m/libc_nano.a(lib_a-memcpy.o)
 .data          0x0000000020000074        0x0 /Users/tnesheim/GitHub/RIOT/gcc-arm-none-eabi-4_9-2015q1/bin/../lib/gcc/arm-none-eabi/4.9.3/../../../../arm-none-eabi/lib/armv6-m/libc_nano.a(lib_a-memset.o)