Component: ARM Compiler 5.05 update 1 (build 106) Tool: armlink [4d0efa]

==============================================================================

Section Cross References

    arm_startup_nrf51.o(STACK) refers (Special) to heapauxi.o(.text) for __use_two_region_memory
    arm_startup_nrf51.o(HEAP) refers (Special) to heapauxi.o(.text) for __use_two_region_memory
    arm_startup_nrf51.o(RESET) refers (Special) to heapauxi.o(.text) for __use_two_region_memory
    arm_startup_nrf51.o(RESET) refers to arm_startup_nrf51.o(STACK) for __initial_sp
    arm_startup_nrf51.o(RESET) refers to arm_startup_nrf51.o(.text) for Reset_Handler
    arm_startup_nrf51.o(RESET) refers to app_gpiote.o(.text) for GPIOTE_IRQHandler
    arm_startup_nrf51.o(RESET) refers to main.o(.text) for ADC_IRQHandler
    arm_startup_nrf51.o(RESET) refers to app_timer.o(.text) for RTC1_IRQHandler
    arm_startup_nrf51.o(RESET) refers to softdevice_handler.o(.text) for SWI2_IRQHandler
    arm_startup_nrf51.o(.text) refers (Special) to heapauxi.o(.text) for __use_two_region_memory
    arm_startup_nrf51.o(.text) refers to system_nrf51.o(.text) for SystemInit
    arm_startup_nrf51.o(.text) refers to __main.o(!!!main) for __main
    arm_startup_nrf51.o(.text) refers to arm_startup_nrf51.o(HEAP) for Heap_Mem
    arm_startup_nrf51.o(.text) refers to arm_startup_nrf51.o(STACK) for Stack_Mem
    system_nrf51.o(.text) refers to system_nrf51.o(.data) for SystemCoreClock
    main.o(.text) refers to aeabi_sdiv.o(.text) for __aeabi_idivmod
    main.o(.text) refers to ble_bas.o(.text) for ble_bas_battery_level_update
    main.o(.text) refers to app_timer.o(.text) for app_timer_start
    main.o(.text) refers to rt_memclr.o(.text) for __aeabi_memclr4
    main.o(.text) refers to ble_advdata.o(.text) for ble_advdata_set
    main.o(.text) refers to pstorage.o(.text) for pstorage_access_status_get
    main.o(.text) refers to device_manager_peripheral.o(.text) for dm_whitelist_create
    main.o(.text) refers to main.o(.bss) for m_bas
    main.o(.text) refers to main.o(.data) for m_is_adv_led_blinking
    main.o(.text) refers to main.o(.constdata) for .constdata
    main.o(.text) refers to ble_tps.o(.text) for ble_tps_init
    main.o(.text) refers to ble_ias.o(.text) for ble_ias_init
    main.o(.text) refers to ble_lls.o(.text) for ble_lls_init
    main.o(.text) refers to app_button.o(.text) for app_button_disable
    main.o(.text) refers to ble_ias_c.o(.text) for ble_ias_c_init
    main.o(.text) refers to ble_conn_params.o(.text) for ble_conn_params_init
    main.o(.text) refers to softdevice_handler.o(.text) for softdevice_handler_init
    main.o(.text) refers to app_gpiote.o(.text) for app_gpiote_init
    main.o(.data) refers to main.o(.text) for button_event_handler
    ble_tps.o(.text) refers to rt_memclr.o(.text) for __aeabi_memclr4
    ble_ias.o(.text) refers to rt_memclr.o(.text) for __aeabi_memclr4
    ble_lls.o(.text) refers to rt_memclr.o(.text) for __aeabi_memclr4
    ble_bas.o(.text) refers to rt_memclr.o(.text) for __aeabi_memclr4
    ble_bas.o(.text) refers to ble_srv_common.o(.text) for ble_srv_report_ref_encode
    ble_ias_c.o(.text) refers to ble_ias_c.o(.data) for m_alert_level_uuid
    ble_advdata.o(.text) refers to rt_memcpy.o(.text) for __aeabi_memcpy
    ble_srv_common.o(.text) refers to main.o(.text) for app_error_handler
    ble_srv_common.o(.text) refers to strlen.o(.text) for strlen
    ble_conn_params.o(.text) refers to rt_memcpy.o(.emb_text) for __aeabi_memcpy4
    ble_conn_params.o(.text) refers to rt_memcpy.o(.text) for __aeabi_memcpy
    ble_conn_params.o(.text) refers to app_timer.o(.text) for app_timer_create
    ble_conn_params.o(.text) refers to ble_conn_params.o(.data) for m_preferred_conn_params
    ble_conn_params.o(.text) refers to ble_conn_params.o(.bss) for m_conn_params_config
    app_timer.o(.text) refers to app_timer.o(.emb_text) for __asm___11_app_timer_c_cd27f9c3__nrf_delay_us
    app_timer.o(.text) refers to main.o(.text) for app_error_handler
    app_timer.o(.text) refers to app_timer.o(.data) for m_rtc1_running
    softdevice_handler.o(.text) refers to main.o(.text) for assert_nrf_callback
    softdevice_handler.o(.text) refers to softdevice_handler.o(.data) for m_softdevice_enabled
    simple_uart.o(.text) refers to simple_uart.o(.emb_text) for __asm___13_simple_uart_c_5dda6715__nrf_delay_us
    device_manager_peripheral.o(.text) refers to rt_memclr.o(.text) for __aeabi_memclr
    device_manager_peripheral.o(.text) refers to pstorage.o(.text) for pstorage_block_identifier_get
    device_manager_peripheral.o(.text) refers to memcmp.o(.text) for memcmp
    device_manager_peripheral.o(.text) refers to rt_memcpy.o(.emb_text) for __aeabi_memcpy4
    device_manager_peripheral.o(.text) refers to main.o(.text) for app_error_handler
    device_manager_peripheral.o(.text) refers to aeabi_sdiv.o(.text) for __aeabi_uidivmod
[...]
    __rtentry.o(.ARM.Collect$$rtentry$$00000000) refers (Special) to __rtentry2.o(.ARM.Collect$$rtentry$$0000000D) for __rt_entry_main
    __rtentry.o(.ARM.Collect$$rtentry$$00000000) refers (Special) to __rtentry2.o(.ARM.Collect$$rtentry$$0000000C) for __rt_entry_postli_1
    __rtentry.o(.ARM.Collect$$rtentry$$00000000) refers (Special) to __rtentry2.o(.ARM.Collect$$rtentry$$00000009) for __rt_entry_postsh_1
    __rtentry.o(.ARM.Collect$$rtentry$$00000000) refers (Special) to __rtentry2.o(.ARM.Collect$$rtentry$$00000002) for __rt_entry_presh_1
    __rtentry.o(.ARM.Collect$$rtentry$$00000000) refers (Special) to __rtentry4.o(.ARM.Collect$$rtentry$$00000004) for __rt_entry_sh
    aeabi_idiv0_sigfpe.o(.text) refers to rt_div0.o(.text) for __rt_div0
    __rtentry2.o(.ARM.Collect$$rtentry$$00000008) refers to boardinit2.o(.text) for _platform_post_stackheap_init
    __rtentry2.o(.ARM.Collect$$rtentry$$0000000A) refers to libinit.o(.ARM.Collect$$libinit$$00000000) for __rt_lib_init
    __rtentry2.o(.ARM.Collect$$rtentry$$0000000B) refers to boardinit3.o(.text) for _platform_post_lib_init
    __rtentry2.o(.ARM.Collect$$rtentry$$0000000D) refers to main.o(.text) for main
    __rtentry2.o(.ARM.Collect$$rtentry$$0000000D) refers to exit.o(.text) for exit
    __rtentry2.o(.ARM.exidx) refers to __rtentry2.o(.ARM.Collect$$rtentry$$00000001) for .ARM.Collect$$rtentry$$00000001
    __rtentry2.o(.ARM.exidx) refers to __rtentry2.o(.ARM.Collect$$rtentry$$00000008) for .ARM.Collect$$rtentry$$00000008
    __rtentry2.o(.ARM.exidx) refers to __rtentry2.o(.ARM.Collect$$rtentry$$0000000A) for .ARM.Collect$$rtentry$$0000000A
    __rtentry2.o(.ARM.exidx) refers to __rtentry2.o(.ARM.Collect$$rtentry$$0000000B) for .ARM.Collect$$rtentry$$0000000B
    __rtentry2.o(.ARM.exidx) refers to __rtentry2.o(.ARM.Collect$$rtentry$$0000000D) for .ARM.Collect$$rtentry$$0000000D
    __rtentry4.o(.ARM.Collect$$rtentry$$00000004) refers to sys_stackheap_outer.o(.text) for __user_setup_stackheap
    __rtentry4.o(.ARM.exidx) refers to __rtentry4.o(.ARM.Collect$$rtentry$$00000004) for .ARM.Collect$$rtentry$$00000004
    rt_div0.o(.text) refers to defsig_fpe_outer.o(.text) for __rt_SIGFPE
    sys_stackheap_outer.o(.text) refers to libspace.o(.text) for __user_perproc_libspace
    sys_stackheap_outer.o(.text) refers to arm_startup_nrf51.o(.text) for __user_initial_stackheap
    sys_stackheap_outer.o(__vectab_stack_and_reset_area) refers to tempstk.o(.text) for __temporary_stack_top
    sys_stackheap_outer.o(__vectab_stack_and_reset_area) refers to __main.o(!!!main) for __main
    exit.o(.text) refers to rtexit.o(.ARM.Collect$$rtexit$$00000000) for __rt_exit
    defsig_fpe_outer.o(.text) refers to defsig_fpe_inner.o(.text) for __rt_SIGFPE_inner
    defsig_fpe_outer.o(.text) refers to defsig_exit.o(.text) for __sig_exit
    defsig_fpe_formal.o(.text) refers to rt_raise.o(.text) for __rt_raise
    libinit.o(.ARM.Collect$$libinit$$00000000) refers (Special) to libinit2.o(.ARM.Collect$$libinit$$0000002E) for __rt_lib_init_alloca_1
    libinit.o(.ARM.Collect$$libinit$$00000000) refers (Special) to libinit2.o(.ARM.Collect$$libinit$$0000002C) for __rt_lib_init_argv_1
    libinit.o(.ARM.Collect$$libinit$$00000000) refers (Special) to libinit2.o(.ARM.Collect$$libinit$$0000001B) for __rt_lib_init_atexit_1
    libinit.o(.ARM.Collect$$libinit$$00000000) refers (Special) to libinit2.o(.ARM.Collect$$libinit$$00000021) for __rt_lib_init_clock_1
    libinit.o(.ARM.Collect$$libinit$$00000000) refers (Special) to libinit2.o(.ARM.Collect$$libinit$$00000032) for __rt_lib_init_cpp_1
    libinit.o(.ARM.Collect$$libinit$$00000000) refers (Special) to libinit2.o(.ARM.Collect$$libinit$$00000030) for __rt_lib_init_exceptions_1
    libinit.o(.ARM.Collect$$libinit$$00000000) refers (Special) to libinit2.o(.ARM.Collect$$libinit$$00000002) for __rt_lib_init_fp_1
    libinit.o(.ARM.Collect$$libinit$$00000000) refers (Special) to libinit2.o(.ARM.Collect$$libinit$$0000001F) for __rt_lib_init_fp_trap_1
    libinit.o(.ARM.Collect$$libinit$$00000000) refers (Special) to libinit2.o(.ARM.Collect$$libinit$$00000023) for __rt_lib_init_getenv_1
    libinit.o(.ARM.Collect$$libinit$$00000000) refers (Special) to libinit2.o(.ARM.Collect$$libinit$$0000000A) for __rt_lib_init_heap_1
    libinit.o(.ARM.Collect$$libinit$$00000000) refers (Special) to libinit2.o(.ARM.Collect$$libinit$$00000011) for __rt_lib_init_lc_collate_1
    libinit.o(.ARM.Collect$$libinit$$00000000) refers (Special) to libinit2.o(.ARM.Collect$$libinit$$00000013) for __rt_lib_init_lc_ctype_1
    libinit.o(.ARM.Collect$$libinit$$00000000) refers (Special) to libinit2.o(.ARM.Collect$$libinit$$00000015) for __rt_lib_init_lc_monetary_1
    libinit.o(.ARM.Collect$$libinit$$00000000) refers (Special) to libinit2.o(.ARM.Collect$$libinit$$00000017) for __rt_lib_init_lc_numeric_1
    libinit.o(.ARM.Collect$$libinit$$00000000) refers (Special) to libinit2.o(.ARM.Collect$$libinit$$00000019) for __rt_lib_init_lc_time_1
    libinit.o(.ARM.Collect$$libinit$$00000000) refers (Special) to libinit2.o(.ARM.Collect$$libinit$$00000004) for __rt_lib_init_preinit_1
    libinit.o(.ARM.Collect$$libinit$$00000000) refers (Special) to libinit2.o(.ARM.Collect$$libinit$$0000000E) for __rt_lib_init_rand_1
    libinit.o(.ARM.Collect$$libinit$$00000000) refers (Special) to libinit2.o(.ARM.Collect$$libinit$$00000033) for __rt_lib_init_return
    libinit.o(.ARM.Collect$$libinit$$00000000) refers (Special) to libinit2.o(.ARM.Collect$$libinit$$0000001D) for __rt_lib_init_signal_1
    libinit.o(.ARM.Collect$$libinit$$00000000) refers (Special) to libinit2.o(.ARM.Collect$$libinit$$00000025) for __rt_lib_init_stdio_1
    libinit.o(.ARM.Collect$$libinit$$00000000) refers (Special) to libinit2.o(.ARM.Collect$$libinit$$0000000C) for __rt_lib_init_user_alloc_1
    libspace.o(.text) refers to libspace.o(.bss) for __libspace_start
    rtexit.o(.ARM.Collect$$rtexit$$00000000) refers (Special) to rtexit2.o(.ARM.Collect$$rtexit$$00000004) for __rt_exit_exit
    rtexit.o(.ARM.Collect$$rtexit$$00000000) refers (Special) to rtexit2.o(.ARM.Collect$$rtexit$$00000003) for __rt_exit_ls
    rtexit.o(.ARM.Collect$$rtexit$$00000000) refers (Special) to rtexit2.o(.ARM.Collect$$rtexit$$00000002) for __rt_exit_prels_1
    rtexit.o(.ARM.exidx) refers (Special) to rtexit2.o(.ARM.Collect$$rtexit$$00000004) for __rt_exit_exit
    rtexit.o(.ARM.exidx) refers (Special) to rtexit2.o(.ARM.Collect$$rtexit$$00000003) for __rt_exit_ls
    rtexit.o(.ARM.exidx) refers (Special) to rtexit2.o(.ARM.Collect$$rtexit$$00000002) for __rt_exit_prels_1
    rtexit.o(.ARM.exidx) refers to rtexit.o(.ARM.Collect$$rtexit$$00000000) for .ARM.Collect$$rtexit$$00000000
    rt_raise.o(.text) refers to __raise.o(.text) for __raise
    rt_raise.o(.text) refers to sys_exit.o(.text) for _sys_exit
    defsig_exit.o(.text) refers to sys_exit.o(.text) for _sys_exit
    defsig_fpe_inner.o(.text) refers to defsig_general.o(.text) for __default_signal_display
    libinit2.o(.ARM.Collect$$libinit$$00000010) refers to libinit2.o(.ARM.Collect$$libinit$$0000000F) for .ARM.Collect$$libinit$$0000000F
    libinit2.o(.ARM.Collect$$libinit$$00000012) refers to libinit2.o(.ARM.Collect$$libinit$$0000000F) for .ARM.Collect$$libinit$$0000000F
    libinit2.o(.ARM.Collect$$libinit$$00000014) refers to libinit2.o(.ARM.Collect$$libinit$$0000000F) for .ARM.Collect$$libinit$$0000000F
    libinit2.o(.ARM.Collect$$libinit$$00000016) refers to libinit2.o(.ARM.Collect$$libinit$$0000000F) for .ARM.Collect$$libinit$$0000000F
    libinit2.o(.ARM.Collect$$libinit$$00000018) refers to libinit2.o(.ARM.Collect$$libinit$$0000000F) for .ARM.Collect$$libinit$$0000000F
    libinit2.o(.ARM.Collect$$libinit$$00000026) refers to argv_veneer.o(.text) for __ARM_argv_veneer
    libinit2.o(.ARM.Collect$$libinit$$00000027) refers to argv_veneer.o(.text) for __ARM_argv_veneer
    sys_exit.o(.text) refers (Special) to use_no_semi.o(.text) for __I$use$semihosting
    sys_exit.o(.text) refers (Special) to indicate_semi.o(.text) for __semihosting_library_function
    rtexit2.o(.ARM.Collect$$rtexit$$00000003) refers to libshutdown.o(.ARM.Collect$$libshutdown$$00000000) for __rt_lib_shutdown
    rtexit2.o(.ARM.Collect$$rtexit$$00000004) refers to sys_exit.o(.text) for _sys_exit
    rtexit2.o(.ARM.exidx) refers to rtexit2.o(.ARM.Collect$$rtexit$$00000001) for .ARM.Collect$$rtexit$$00000001
    rtexit2.o(.ARM.exidx) refers to rtexit2.o(.ARM.Collect$$rtexit$$00000003) for .ARM.Collect$$rtexit$$00000003
    rtexit2.o(.ARM.exidx) refers to rtexit2.o(.ARM.Collect$$rtexit$$00000004) for .ARM.Collect$$rtexit$$00000004
    __raise.o(.text) refers to defsig.o(CL$$defsig) for __default_signal_handler
    defsig_general.o(.text) refers to sys_wrch.o(.text) for _ttywrch
    sys_wrch.o(.text) refers (Special) to use_no_semi.o(.text) for __I$use$semihosting
    sys_wrch.o(.text) refers (Special) to indicate_semi.o(.text) for __semihosting_library_function
    defsig.o(CL$$defsig) refers to defsig_fpe_inner.o(.text) for __rt_SIGFPE_inner
    defsig.o(CL$$defsig) refers to defsig_rtmem_inner.o(.text) for __rt_SIGRTMEM_inner
    _get_argv_nomalloc.o(.text) refers (Special) to hrguard.o(.text) for __heap_region$guard
    _get_argv_nomalloc.o(.text) refers to defsig_rtmem_outer.o(.text) for __rt_SIGRTMEM
    _get_argv_nomalloc.o(.text) refers to sys_command.o(.text) for _sys_command_string
    libshutdown.o(.ARM.Collect$$libshutdown$$00000000) refers (Special) to libshutdown2.o(.ARM.Collect$$libshutdown$$00000006) for __rt_lib_shutdown_fp_trap_1
    libshutdown.o(.ARM.Collect$$libshutdown$$00000000) refers (Special) to libshutdown2.o(.ARM.Collect$$libshutdown$$0000000E) for __rt_lib_shutdown_heap_1
    libshutdown.o(.ARM.Collect$$libshutdown$$00000000) refers (Special) to libshutdown2.o(.ARM.Collect$$libshutdown$$0000000F) for __rt_lib_shutdown_return
    libshutdown.o(.ARM.Collect$$libshutdown$$00000000) refers (Special) to libshutdown2.o(.ARM.Collect$$libshutdown$$00000009) for __rt_lib_shutdown_signal_1
    libshutdown.o(.ARM.Collect$$libshutdown$$00000000) refers (Special) to libshutdown2.o(.ARM.Collect$$libshutdown$$00000003) for __rt_lib_shutdown_stdio_1
    libshutdown.o(.ARM.Collect$$libshutdown$$00000000) refers (Special) to libshutdown2.o(.ARM.Collect$$libshutdown$$0000000B) for __rt_lib_shutdown_user_alloc_1
    sys_command.o(.text) refers (Special) to use_no_semi.o(.text) for __I$use$semihosting
    sys_command.o(.text) refers (Special) to indicate_semi.o(.text) for __semihosting_library_function
    defsig_abrt_inner.o(.text) refers to defsig_general.o(.text) for __default_signal_display
    defsig_rtred_inner.o(.text) refers to defsig_general.o(.text) for __default_signal_display
    defsig_rtmem_inner.o(.text) refers to defsig_general.o(.text) for __default_signal_display
    defsig_rtmem_outer.o(.text) refers to defsig_rtmem_inner.o(.text) for __rt_SIGRTMEM_inner
    defsig_rtmem_outer.o(.text) refers to defsig_exit.o(.text) for __sig_exit
    defsig_rtmem_formal.o(.text) refers to rt_raise.o(.text) for __rt_raise
    defsig_stak_inner.o(.text) refers to defsig_general.o(.text) for __default_signal_display
    defsig_pvfn_inner.o(.text) refers to defsig_general.o(.text) for __default_signal_display
    defsig_cppl_inner.o(.text) refers to defsig_general.o(.text) for __default_signal_display
    defsig_segv_inner.o(.text) refers to defsig_general.o(.text) for __default_signal_display
    defsig_other.o(.text) refers to defsig_general.o(.text) for __default_signal_display


==============================================================================

Removing Unused input sections from the image.

    Removing system_nrf51.o(.rev16_text), (4 bytes).
    Removing system_nrf51.o(.revsh_text), (4 bytes).
    Removing main.o(.rev16_text), (4 bytes).
    Removing main.o(.revsh_text), (4 bytes).
    Removing app_timer.o(.rev16_text), (4 bytes).
    Removing app_timer.o(.revsh_text), (4 bytes).
    Removing softdevice_handler.o(.rev16_text), (4 bytes).
    Removing softdevice_handler.o(.revsh_text), (4 bytes).
    Removing simple_uart.o(.rev16_text), (4 bytes).
    Removing simple_uart.o(.revsh_text), (4 bytes).
    Removing simple_uart.o(.emb_text), (30 bytes).
    Removing simple_uart.o(.text), (284 bytes).
    Removing app_trace.o(.rev16_text), (4 bytes).
    Removing app_trace.o(.revsh_text), (4 bytes).
    Removing app_trace.o(.data), (8 bytes).
    Removing pstorage.o(.rev16_text), (4 bytes).
    Removing pstorage.o(.revsh_text), (4 bytes).
    Removing crc16.o(.text), (68 bytes).
    Removing app_button.o(.rev16_text), (4 bytes).
    Removing app_button.o(.revsh_text), (4 bytes).
    Removing app_gpiote.o(.rev16_text), (4 bytes).
    Removing app_gpiote.o(.revsh_text), (4 bytes).
    Removing ble_error_log.o(.rev16_text), (4 bytes).
    Removing ble_error_log.o(.revsh_text), (4 bytes).
    Removing ble_error_log.o(.text), (96 bytes).
    Removing ble_error_log.o(.bss), (392 bytes).
    Removing ble_debug_assert_handler.o(.rev16_text), (4 bytes).
    Removing ble_debug_assert_handler.o(.revsh_text), (4 bytes).
    Removing ble_debug_assert_handler.o(.text), (60 bytes).
    Removing ble_debug_assert_handler.o(.bss), (128 bytes).
    Removing ble_debug_assert_handler.o(.data), (8 bytes).

31 unused section(s) (total 1162 bytes) removed from the image.

==============================================================================

Image Symbol Table

    Local Symbols

    Symbol Name                              Value     Ov Type        Size  Object(Section)

    ../clib/angel/boardlib.s                 0x00000000   Number         0  boardshut.o ABSOLUTE
    ../clib/angel/boardlib.s                 0x00000000   Number         0  boardinit3.o ABSOLUTE
    ../clib/angel/boardlib.s                 0x00000000   Number         0  boardinit1.o ABSOLUTE
    ../clib/angel/boardlib.s                 0x00000000   Number         0  boardinit2.o ABSOLUTE
    ../clib/angel/handlers.s                 0x00000000   Number         0  __scatter_zi.o ABSOLUTE
    ../clib/angel/handlers.s                 0x00000000   Number         0  __scatter_copy.o ABSOLUTE
    ../clib/angel/kernel.s                   0x00000000   Number         0  __rtentry2.o ABSOLUTE
    ../clib/angel/kernel.s                   0x00000000   Number         0  __rtentry.o ABSOLUTE
    ../clib/angel/kernel.s                   0x00000000   Number         0  rtexit2.o ABSOLUTE
    ../clib/angel/kernel.s                   0x00000000   Number         0  rtexit.o ABSOLUTE
    ../clib/angel/kernel.s                   0x00000000   Number         0  __rtentry4.o ABSOLUTE
    ../clib/angel/rt.s                       0x00000000   Number         0  aeabi_idiv0.o ABSOLUTE
    ../clib/angel/rt.s                       0x00000000   Number         0  aeabi_idiv0_sigfpe.o ABSOLUTE
    ../clib/angel/rt.s                       0x00000000   Number         0  rt_raise.o ABSOLUTE
    ../clib/angel/rt.s                       0x00000000   Number         0  rt_div0.o ABSOLUTE
    ../clib/angel/scatterp.s                 0x00000000   Number         0  __scatter.o ABSOLUTE
    ../clib/angel/startup.s                  0x00000000   Number         0  __main.o ABSOLUTE
    ../clib/angel/sys.s                      0x00000000   Number         0  indicate_semi.o ABSOLUTE
    ../clib/angel/sys.s                      0x00000000   Number         0  use_no_semi.o ABSOLUTE
    ../clib/angel/sys.s                      0x00000000   Number         0  tempstk.o ABSOLUTE
    ../clib/angel/sys.s                      0x00000000   Number         0  libspace.o ABSOLUTE
    ../clib/angel/sys.s                      0x00000000   Number         0  sys_stackheap_outer.o ABSOLUTE
    ../clib/angel/sysapp.c                   0x00000000   Number         0  sys_wrch.o ABSOLUTE
    ../clib/angel/sysapp.c                   0x00000000   Number         0  sys_exit.o ABSOLUTE
    ../clib/angel/sysapp.c                   0x00000000   Number         0  sys_command.o ABSOLUTE
    ../clib/armsys.c                         0x00000000   Number         0  _get_argv_nomalloc.o ABSOLUTE
    ../clib/armsys.c                         0x00000000   Number         0  no_argv.o ABSOLUTE
    ../clib/armsys.c                         0x00000000   Number         0  argv_veneer.o ABSOLUTE
    ../clib/division.s                       0x00000000   Number         0  aeabi_sdiv_div0.o ABSOLUTE
    ../clib/division.s                       0x00000000   Number         0  aeabi_sdiv.o ABSOLUTE
    ../clib/heapalloc.c                      0x00000000   Number         0  hrguard.o ABSOLUTE
    ../clib/heapaux.c                        0x00000000   Number         0  heapauxi.o ABSOLUTE
    ../clib/libinit.s                        0x00000000   Number         0  libinit.o ABSOLUTE
    ../clib/libinit.s                        0x00000000   Number         0  libinit2.o ABSOLUTE
    ../clib/libinit.s                        0x00000000   Number         0  libshutdown2.o ABSOLUTE
    ../clib/libinit.s                        0x00000000   Number         0  libshutdown.o ABSOLUTE
    ../clib/memcpset.c                       0x00000000   Number         0  rt_memcpy.o ABSOLUTE
    ../clib/memcpset.c                       0x00000000   Number         0  rt_memclr.o ABSOLUTE
    ../clib/memcpset.c                       0x00000000   Number         0  rt_memcpy.o ABSOLUTE
    ../clib/signal.c                         0x00000000   Number         0  defsig_other.o ABSOLUTE
    ../clib/signal.c                         0x00000000   Number         0  defsig_cppl_inner.o ABSOLUTE
    ../clib/signal.c                         0x00000000   Number         0  defsig_fpe_outer.o ABSOLUTE
    ../clib/signal.c                         0x00000000   Number         0  defsig_fpe_formal.o ABSOLUTE
    ../clib/signal.c                         0x00000000   Number         0  defsig_stak_inner.o ABSOLUTE
    ../clib/signal.c                         0x00000000   Number         0  defsig_pvfn_inner.o ABSOLUTE
    ../clib/signal.c                         0x00000000   Number         0  defsig_rtmem_formal.o ABSOLUTE
    ../clib/signal.c                         0x00000000   Number         0  defsig_rtmem_outer.o ABSOLUTE
    ../clib/signal.c                         0x00000000   Number         0  defsig_rtmem_inner.o ABSOLUTE
    ../clib/signal.c                         0x00000000   Number         0  defsig_rtred_inner.o ABSOLUTE
    ../clib/signal.c                         0x00000000   Number         0  defsig_abrt_inner.o ABSOLUTE
    ../clib/signal.c                         0x00000000   Number         0  defsig_fpe_inner.o ABSOLUTE
    ../clib/signal.c                         0x00000000   Number         0  defsig_exit.o ABSOLUTE
    ../clib/signal.c                         0x00000000   Number         0  __raise.o ABSOLUTE
    ../clib/signal.c                         0x00000000   Number         0  defsig_general.o ABSOLUTE
    ../clib/signal.c                         0x00000000   Number         0  defsig_segv_inner.o ABSOLUTE
    ../clib/signal.s                         0x00000000   Number         0  defsig.o ABSOLUTE
    ../clib/stdlib.c                         0x00000000   Number         0  exit.o ABSOLUTE
    ../clib/string.c                         0x00000000   Number         0  memcmp.o ABSOLUTE
    ../clib/string.c                         0x00000000   Number         0  strncpy.o ABSOLUTE
    ../clib/string.c                         0x00000000   Number         0  strlen.o ABSOLUTE
    ../fplib/cfplib/fpinit.c                 0x00000000   Number         0  fpinit.o ABSOLUTE
    ..\..\..\..\..\Source\app_common\app_button.c 0x00000000   Number         0  app_button.o ABSOLUTE
    ..\..\..\..\..\Source\app_common\app_gpiote.c 0x00000000   Number         0  app_gpiote.o ABSOLUTE
    ..\..\..\..\..\Source\app_common\app_timer.c 0x00000000   Number         0  app_timer.o ABSOLUTE
    ..\..\..\..\..\Source\app_common\app_trace.c 0x00000000   Number         0  app_trace.o ABSOLUTE
    ..\..\..\..\..\Source\app_common\crc16.c 0x00000000   Number         0  crc16.o ABSOLUTE
    ..\..\..\..\..\Source\app_common\pstorage.c 0x00000000   Number         0  pstorage.o ABSOLUTE
    ..\..\..\..\..\Source\ble\ble_advdata.c  0x00000000   Number         0  ble_advdata.o ABSOLUTE
    ..\..\..\..\..\Source\ble\ble_conn_params.c 0x00000000   Number         0  ble_conn_params.o ABSOLUTE
    ..\..\..\..\..\Source\ble\ble_debug_assert_handler.c 0x00000000   Number         0  ble_debug_assert_handler.o ABSOLUTE
    ..\..\..\..\..\Source\ble\ble_error_log.c 0x00000000   Number         0  ble_error_log.o ABSOLUTE
    ..\..\..\..\..\Source\ble\ble_services\ble_bas.c 0x00000000   Number         0  ble_bas.o ABSOLUTE
    ..\..\..\..\..\Source\ble\ble_services\ble_ias.c 0x00000000   Number         0  ble_ias.o ABSOLUTE
    ..\..\..\..\..\Source\ble\ble_services\ble_ias_c.c 0x00000000   Number         0  ble_ias_c.o ABSOLUTE
    ..\..\..\..\..\Source\ble\ble_services\ble_lls.c 0x00000000   Number         0  ble_lls.o ABSOLUTE
    ..\..\..\..\..\Source\ble\ble_services\ble_srv_common.c 0x00000000   Number         0  ble_srv_common.o ABSOLUTE
    ..\..\..\..\..\Source\ble\ble_services\ble_tps.c 0x00000000   Number         0  ble_tps.o ABSOLUTE
    ..\..\..\..\..\Source\ble\device_manager\device_manager_peripheral.c 0x00000000   Number         0  device_manager_peripheral.o ABSOLUTE
    ..\..\..\..\..\Source\sd_common\softdevice_handler.c 0x00000000   Number         0  softdevice_handler.o ABSOLUTE
    ..\..\..\..\..\Source\simple_uart\simple_uart.c 0x00000000   Number         0  simple_uart.o ABSOLUTE
    ..\\..\\..\\..\\..\\Source\\app_common\\app_button.c 0x00000000   Number         0  app_button.o ABSOLUTE
    ..\\..\\..\\..\\..\\Source\\app_common\\app_gpiote.c 0x00000000   Number         0  app_gpiote.o ABSOLUTE
    ..\\..\\..\\..\\..\\Source\\app_common\\app_timer.c 0x00000000   Number         0  app_timer.o ABSOLUTE
    ..\\..\\..\\..\\..\\Source\\app_common\\app_trace.c 0x00000000   Number         0  app_trace.o ABSOLUTE
    ..\\..\\..\\..\\..\\Source\\app_common\\pstorage.c 0x00000000   Number         0  pstorage.o ABSOLUTE
    ..\\..\\..\\..\\..\\Source\\ble\\ble_debug_assert_handler.c 0x00000000   Number         0  ble_debug_assert_handler.o ABSOLUTE
    ..\\..\\..\\..\\..\\Source\\ble\\ble_error_log.c 0x00000000   Number         0  ble_error_log.o ABSOLUTE
    ..\\..\\..\\..\\..\\Source\\sd_common\\softdevice_handler.c 0x00000000   Number         0  softdevice_handler.o ABSOLUTE
    ..\\..\\..\\..\\..\\Source\\simple_uart\\simple_uart.c 0x00000000   Number         0  simple_uart.o ABSOLUTE
    ..\\main.c                               0x00000000   Number         0  main.o ABSOLUTE
    ..\main.c                                0x00000000   Number         0  main.o ABSOLUTE
    RTE\Device\nRF51822_xxAA\arm_startup_nrf51.s 0x00000000   Number         0  arm_startup_nrf51.o ABSOLUTE
    RTE\Device\nRF51822_xxAA\system_nrf51.c  0x00000000   Number         0  system_nrf51.o ABSOLUTE
    RTE\\Device\\nRF51822_xxAA\\system_nrf51.c 0x00000000   Number         0  system_nrf51.o ABSOLUTE
    dc.s                                     0x00000000   Number         0  dc.o ABSOLUTE
    RESET                                    0x00016000   Section      192  arm_startup_nrf51.o(RESET)
    !!!main                                  0x000160c0   Section        8  __main.o(!!!main)
    !!!scatter                               0x000160c8   Section       60  __scatter.o(!!!scatter)
    !!handler_copy                           0x00016104   Section       26  __scatter_copy.o(!!handler_copy)
    !!handler_zi                             0x00016120   Section       28  __scatter_zi.o(!!handler_zi)
    .ARM.Collect$$libinit$$00000000          0x0001613c   Section        2  libinit.o(.ARM.Collect$$libinit$$00000000)
    .ARM.Collect$$libinit$$00000002          0x0001613e   Section        0  libinit2.o(.ARM.Collect$$libinit$$00000002)
    .ARM.Collect$$libinit$$00000004          0x0001613e   Section        0  libinit2.o(.ARM.Collect$$libinit$$00000004)
    .ARM.Collect$$libinit$$0000000A          0x0001613e   Section        0  libinit2.o(.ARM.Collect$$libinit$$0000000A)
    .ARM.Collect$$libinit$$0000000C          0x0001613e   Section        0  libinit2.o(.ARM.Collect$$libinit$$0000000C)
    .ARM.Collect$$libinit$$0000000E          0x0001613e   Section        0  libinit2.o(.ARM.Collect$$libinit$$0000000E)
    .ARM.Collect$$libinit$$00000011          0x0001613e   Section        0  libinit2.o(.ARM.Collect$$libinit$$00000011)
    .ARM.Collect$$libinit$$00000013          0x0001613e   Section        0  libinit2.o(.ARM.Collect$$libinit$$00000013)
    .ARM.Collect$$libinit$$00000015          0x0001613e   Section        0  libinit2.o(.ARM.Collect$$libinit$$00000015)
    .ARM.Collect$$libinit$$00000017          0x0001613e   Section        0  libinit2.o(.ARM.Collect$$libinit$$00000017)
    .ARM.Collect$$libinit$$00000019          0x0001613e   Section        0  libinit2.o(.ARM.Collect$$libinit$$00000019)
    .ARM.Collect$$libinit$$0000001B          0x0001613e   Section        0  libinit2.o(.ARM.Collect$$libinit$$0000001B)
    .ARM.Collect$$libinit$$0000001D          0x0001613e   Section        0  libinit2.o(.ARM.Collect$$libinit$$0000001D)
    .ARM.Collect$$libinit$$0000001F          0x0001613e   Section        0  libinit2.o(.ARM.Collect$$libinit$$0000001F)
    .ARM.Collect$$libinit$$00000021          0x0001613e   Section        0  libinit2.o(.ARM.Collect$$libinit$$00000021)
    .ARM.Collect$$libinit$$00000023          0x0001613e   Section        0  libinit2.o(.ARM.Collect$$libinit$$00000023)
    .ARM.Collect$$libinit$$00000025          0x0001613e   Section        0  libinit2.o(.ARM.Collect$$libinit$$00000025)
    .ARM.Collect$$libinit$$0000002C          0x0001613e   Section        0  libinit2.o(.ARM.Collect$$libinit$$0000002C)
    .ARM.Collect$$libinit$$0000002E          0x0001613e   Section        0  libinit2.o(.ARM.Collect$$libinit$$0000002E)
    .ARM.Collect$$libinit$$00000030          0x0001613e   Section        0  libinit2.o(.ARM.Collect$$libinit$$00000030)
    .ARM.Collect$$libinit$$00000032          0x0001613e   Section        0  libinit2.o(.ARM.Collect$$libinit$$00000032)
    .ARM.Collect$$libinit$$00000033          0x0001613e   Section        2  libinit2.o(.ARM.Collect$$libinit$$00000033)
    .ARM.Collect$$libshutdown$$00000000      0x00016140   Section        2  libshutdown.o(.ARM.Collect$$libshutdown$$00000000)
    .ARM.Collect$$libshutdown$$00000003      0x00016142   Section        0  libshutdown2.o(.ARM.Collect$$libshutdown$$00000003)
    .ARM.Collect$$libshutdown$$00000006      0x00016142   Section        0  libshutdown2.o(.ARM.Collect$$libshutdown$$00000006)
    .ARM.Collect$$libshutdown$$00000009      0x00016142   Section        0  libshutdown2.o(.ARM.Collect$$libshutdown$$00000009)
    .ARM.Collect$$libshutdown$$0000000B      0x00016142   Section        0  libshutdown2.o(.ARM.Collect$$libshutdown$$0000000B)
    .ARM.Collect$$libshutdown$$0000000E      0x00016142   Section        0  libshutdown2.o(.ARM.Collect$$libshutdown$$0000000E)
    .ARM.Collect$$libshutdown$$0000000F      0x00016142   Section        2  libshutdown2.o(.ARM.Collect$$libshutdown$$0000000F)
    .ARM.Collect$$rtentry$$00000000          0x00016144   Section        0  __rtentry.o(.ARM.Collect$$rtentry$$00000000)
    .ARM.Collect$$rtentry$$00000002          0x00016144   Section        0  __rtentry2.o(.ARM.Collect$$rtentry$$00000002)
    .ARM.Collect$$rtentry$$00000004          0x00016144   Section        6  __rtentry4.o(.ARM.Collect$$rtentry$$00000004)
    .ARM.Collect$$rtentry$$00000009          0x0001614a   Section        0  __rtentry2.o(.ARM.Collect$$rtentry$$00000009)
    .ARM.Collect$$rtentry$$0000000A          0x0001614a   Section        4  __rtentry2.o(.ARM.Collect$$rtentry$$0000000A)
    .ARM.Collect$$rtentry$$0000000C          0x0001614e   Section        0  __rtentry2.o(.ARM.Collect$$rtentry$$0000000C)
    .ARM.Collect$$rtentry$$0000000D          0x0001614e   Section        8  __rtentry2.o(.ARM.Collect$$rtentry$$0000000D)
    .ARM.Collect$$rtexit$$00000000           0x00016156   Section        2  rtexit.o(.ARM.Collect$$rtexit$$00000000)
    .ARM.Collect$$rtexit$$00000002           0x00016158   Section        0  rtexit2.o(.ARM.Collect$$rtexit$$00000002)
    .ARM.Collect$$rtexit$$00000003           0x00016158   Section        4  rtexit2.o(.ARM.Collect$$rtexit$$00000003)
    .ARM.Collect$$rtexit$$00000004           0x0001615c   Section        6  rtexit2.o(.ARM.Collect$$rtexit$$00000004)
    .emb_text                                0x00016164   Section       30  app_timer.o(.emb_text)
    .emb_text                                0x00016184   Section       56  rt_memcpy.o(.emb_text)
    .text                                    0x000161bc   Section       84  arm_startup_nrf51.o(.text)
    .text                                    0x00016210   Section        0  system_nrf51.o(.text)
    is_disabled_in_debug_needed              0x00016219   Thumb Code    52  system_nrf51.o(.text)
    is_manual_peripheral_setup_needed        0x0001624d   Thumb Code   104  system_nrf51.o(.text)
    .text                                    0x000162f8   Section        0  main.o(.text)
    nrf_gpio_cfg_sense_input                 0x000162f9   Thumb Code    24  main.o(.text)
    nrf_gpio_pin_toggle                      0x00016311   Thumb Code    32  main.o(.text)
    service_error_handler                    0x00016355   Thumb Code    14  main.o(.text)
    adc_start                                0x000163cd   Thumb Code   132  main.o(.text)
    adv_led_blink_start                      0x00016451   Thumb Code    74  main.o(.text)
    adv_led_blink_stop                       0x0001649b   Thumb Code    50  main.o(.text)
    alert_led_blink_start                    0x000164cd   Thumb Code    70  main.o(.text)
    alert_led_blink_stop                     0x00016513   Thumb Code    50  main.o(.text)
    advertising_init                         0x00016545   Thumb Code    98  main.o(.text)
    advertising_start                        0x000165a7   Thumb Code   308  main.o(.text)
    battery_level_meas_timeout_handler       0x000166db   Thumb Code    10  main.o(.text)
    mild_alert_timeout_handler               0x000166e5   Thumb Code   224  main.o(.text)
    adv_led_blink_timeout_handler            0x000167c5   Thumb Code   120  main.o(.text)
    leds_init                                0x0001683d   Thumb Code    16  main.o(.text)
    timers_init                              0x0001684d   Thumb Code   156  main.o(.text)
    gap_params_init                          0x000168e9   Thumb Code   188  main.o(.text)
    tps_init                                 0x000169a5   Thumb Code   104  main.o(.text)
    alert_signal                             0x00016a0d   Thumb Code    54  main.o(.text)
    on_ias_evt                               0x00016a43   Thumb Code    26  main.o(.text)
    ias_init                                 0x00016a5d   Thumb Code    46  main.o(.text)
    on_lls_evt                               0x00016a8b   Thumb Code    32  main.o(.text)
    lls_init                                 0x00016aab   Thumb Code   124  main.o(.text)
    on_bas_evt                               0x00016b27   Thumb Code   190  main.o(.text)
    bas_init                                 0x00016be5   Thumb Code   186  main.o(.text)
    on_ias_c_evt                             0x00016c9f   Thumb Code    64  main.o(.text)
    ias_client_init                          0x00016cdf   Thumb Code    56  main.o(.text)
    services_init                            0x00016d17   Thumb Code    24  main.o(.text)
    conn_params_error_handler                0x00016d2f   Thumb Code    16  main.o(.text)
    conn_params_init                         0x00016d3f   Thumb Code    86  main.o(.text)
    on_ble_evt                               0x00016d95   Thumb Code   246  main.o(.text)
    on_sys_evt                               0x00016e8b   Thumb Code    42  main.o(.text)
    ble_evt_dispatch                         0x00016eb5   Thumb Code    56  main.o(.text)
    sys_evt_dispatch                         0x00016eed   Thumb Code    18  main.o(.text)
    ble_stack_init                           0x00016eff   Thumb Code   146  main.o(.text)
    device_manager_evt_handler               0x00016f91   Thumb Code   112  main.o(.text)
    device_manager_init                      0x00017001   Thumb Code   208  main.o(.text)
    button_event_handler                     0x000170d1   Thumb Code   124  main.o(.text)
    gpiote_init                              0x0001714d   Thumb Code    42  main.o(.text)
    buttons_init                             0x00017177   Thumb Code    46  main.o(.text)
    power_manage                             0x000171a5   Thumb Code    32  main.o(.text)
    nrf_gpio_cfg_output                      0x000171fb   Thumb Code    18  main.o(.text)
    nrf_gpio_pin_set                         0x0001720d   Thumb Code    10  main.o(.text)
    nrf_gpio_pin_clear                       0x00017217   Thumb Code    10  main.o(.text)
    battery_level_in_percent                 0x00017221   Thumb Code   148  main.o(.text)
    .text                                    0x000172f4   Section        0  ble_tps.o(.text)
    tx_power_level_char_add                  0x000172f5   Thumb Code   170  ble_tps.o(.text)
    .text                                    0x000173f0   Section        0  ble_ias.o(.text)
    on_write                                 0x000173f1   Thumb Code    44  ble_ias.o(.text)
    alert_level_char_add                     0x00017439   Thumb Code   214  ble_ias.o(.text)
    .text                                    0x00017568   Section        0  ble_lls.o(.text)
    on_connect                               0x00017569   Thumb Code    22  ble_lls.o(.text)
    on_disconnect                            0x00017595   Thumb Code    58  ble_lls.o(.text)
    on_auth_status                           0x000175cf   Thumb Code    32  ble_lls.o(.text)
    alert_level_char_add                     0x00017627   Thumb Code   180  ble_lls.o(.text)
    .text                                    0x00017728   Section        0  ble_bas.o(.text)
    on_connect                               0x00017729   Thumb Code     6  ble_bas.o(.text)
    on_disconnect                            0x0001772f   Thumb Code     8  ble_bas.o(.text)
    on_write                                 0x00017737   Thumb Code    80  ble_bas.o(.text)
    battery_level_char_add                   0x000177c1   Thumb Code   448  ble_bas.o(.text)
    .text                                    0x00017a48   Section        0  ble_ias_c.o(.text)
    on_connect                               0x00017a79   Thumb Code    34  ble_ias_c.o(.text)
    on_srv_disc_resp                         0x00017a9b   Thumb Code    52  ble_ias_c.o(.text)
    on_char_disc_resp                        0x00017acf   Thumb Code   124  ble_ias_c.o(.text)
    on_disconnect                            0x00017b4b   Thumb Code    38  ble_ias_c.o(.text)
    write_characteristic_value               0x00017bcf   Thumb Code    48  ble_ias_c.o(.text)
    .text                                    0x00017c34   Section        0  ble_advdata.o(.text)
    name_encode                              0x00017c35   Thumb Code   150  ble_advdata.o(.text)
    appearance_encode                        0x00017ccb   Thumb Code    74  ble_advdata.o(.text)
    uint8_array_encode                       0x00017d15   Thumb Code    82  ble_advdata.o(.text)
    tx_power_level_encode                    0x00017d67   Thumb Code    48  ble_advdata.o(.text)
    uuid_list_sized_encode                   0x00017d97   Thumb Code   196  ble_advdata.o(.text)
    uuid_list_encode                         0x00017e5b   Thumb Code    64  ble_advdata.o(.text)
    conn_int_check                           0x00017e9b   Thumb Code    88  ble_advdata.o(.text)
    conn_int_encode                          0x00017ef3   Thumb Code    92  ble_advdata.o(.text)
    manuf_specific_data_encode               0x00017f4f   Thumb Code   106  ble_advdata.o(.text)
    service_data_encode                      0x00017fb9   Thumb Code   140  ble_advdata.o(.text)
    adv_data_encode                          0x00018045   Thumb Code   302  ble_advdata.o(.text)
    advdata_check                            0x00018173   Thumb Code    34  ble_advdata.o(.text)
    srdata_check                             0x00018195   Thumb Code    16  ble_advdata.o(.text)
    uint16_encode                            0x0001821f   Thumb Code    18  ble_advdata.o(.text)
    .text                                    0x00018234   Section        0  ble_srv_common.o(.text)
    .text                                    0x000182bc   Section        0  ble_conn_params.o(.text)
    is_conn_params_ok                        0x000182bd   Thumb Code    30  ble_conn_params.o(.text)
    update_timeout_handler                   0x000182db   Thumb Code   136  ble_conn_params.o(.text)
    conn_params_negotiation                  0x000183c9   Thumb Code   126  ble_conn_params.o(.text)
    on_connect                               0x00018447   Thumb Code    42  ble_conn_params.o(.text)
    on_disconnect                            0x00018471   Thumb Code    50  ble_conn_params.o(.text)
    on_write                                 0x000184a3   Thumb Code    84  ble_conn_params.o(.text)
    on_conn_params_update                    0x000184f7   Thumb Code    20  ble_conn_params.o(.text)
    .text                                    0x000185c4   Section        0  app_timer.o(.text)
    NVIC_SetPriority                         0x000185c5   Thumb Code   110  app_timer.o(.text)
    rtc1_init                                0x00018633   Thumb Code    18  app_timer.o(.text)
    rtc1_start                               0x00018645   Thumb Code    48  app_timer.o(.text)
    rtc1_stop                                0x00018675   Thumb Code    68  app_timer.o(.text)
    timer_list_insert                        0x000186b9   Thumb Code   212  app_timer.o(.text)
    timer_list_remove                        0x0001878d   Thumb Code   170  app_timer.o(.text)
    timer_timeouts_check_sched               0x00018837   Thumb Code    10  app_timer.o(.text)
    timer_list_handler_sched                 0x00018841   Thumb Code    10  app_timer.o(.text)
    timeout_handler_exec                     0x0001884b   Thumb Code    60  app_timer.o(.text)
    timer_timeouts_check                     0x00018887   Thumb Code   132  app_timer.o(.text)
    elapsed_ticks_acquire                    0x0001890b   Thumb Code    82  app_timer.o(.text)
    list_deletions_handler                   0x0001895d   Thumb Code   284  app_timer.o(.text)
    expired_timers_handler                   0x00018a79   Thumb Code   100  app_timer.o(.text)
    list_insertions_handler                  0x00018add   Thumb Code   264  app_timer.o(.text)
    compare_reg_update                       0x00018be5   Thumb Code   124  app_timer.o(.text)
    timer_list_handler                       0x00018c61   Thumb Code    70  app_timer.o(.text)
    user_op_enque                            0x00018ca7   Thumb Code     4  app_timer.o(.text)
    user_op_alloc                            0x00018cab   Thumb Code    44  app_timer.o(.text)
    timer_start_op_schedule                  0x00018cd7   Thumb Code    80  app_timer.o(.text)
    timer_stop_op_schedule                   0x00018d27   Thumb Code    58  app_timer.o(.text)
    timer_stop_all_op_schedule               0x00018d61   Thumb Code    58  app_timer.o(.text)
    user_id_get                              0x00018f2b   Thumb Code    34  app_timer.o(.text)
    NVIC_EnableIRQ                           0x00019029   Thumb Code    14  app_timer.o(.text)
    NVIC_SetPendingIRQ                       0x00019037   Thumb Code    14  app_timer.o(.text)
    NVIC_ClearPendingIRQ                     0x00019045   Thumb Code    16  app_timer.o(.text)
    current_int_priority_get                 0x00019055   Thumb Code    84  app_timer.o(.text)
    rtc1_counter_get                         0x000190a9   Thumb Code     6  app_timer.o(.text)
    ticks_diff_get                           0x000190af   Thumb Code    10  app_timer.o(.text)
    .text                                    0x000190e8   Section        0  softdevice_handler.o(.text)
    .text                                    0x000192bc   Section        0  device_manager_peripheral.o(.text)
    connection_instance_find                 0x000192bd   Thumb Code    64  device_manager_peripheral.o(.text)
    peer_instance_init                       0x000192fd   Thumb Code    76  device_manager_peripheral.o(.text)
    device_instance_free                     0x00019349   Thumb Code    44  device_manager_peripheral.o(.text)
    device_instance_find                     0x00019375   Thumb Code    82  device_manager_peripheral.o(.text)
    connection_instance_init                 0x000193c7   Thumb Code    50  device_manager_peripheral.o(.text)
    storage_operation_dummy_handler          0x000193f9   Thumb Code     8  device_manager_peripheral.o(.text)
    gatts_context_store                      0x00019401   Thumb Code   184  device_manager_peripheral.o(.text)
    gattc_context_store                      0x000194b9   Thumb Code     6  device_manager_peripheral.o(.text)
    gatts_context_load                       0x000194bf   Thumb Code    64  device_manager_peripheral.o(.text)
    gattc_context_load                       0x000194ff   Thumb Code     6  device_manager_peripheral.o(.text)
    gatts_context_apply                      0x00019505   Thumb Code   116  device_manager_peripheral.o(.text)
    gattc_context_apply                      0x00019579   Thumb Code     6  device_manager_peripheral.o(.text)
    dm_pstorage_cb_handler                   0x00019599   Thumb Code   506  device_manager_peripheral.o(.text)
    device_context_store                     0x00019e17   Thumb Code   172  device_manager_peripheral.o(.text)
    update_status_bit_reset                  0x0001a5c1   Thumb Code    16  device_manager_peripheral.o(.text)
    device_instance_allocate                 0x0001a5d1   Thumb Code   118  device_manager_peripheral.o(.text)
    app_evt_notify                           0x0001a647   Thumb Code    24  device_manager_peripheral.o(.text)
    no_service_context_store                 0x0001a65f   Thumb Code     6  device_manager_peripheral.o(.text)
    gattsc_context_store                     0x0001a665   Thumb Code    30  device_manager_peripheral.o(.text)
    no_service_context_load                  0x0001a683   Thumb Code     6  device_manager_peripheral.o(.text)
    gattsc_context_load                      0x0001a689   Thumb Code    30  device_manager_peripheral.o(.text)
    no_service_context_apply                 0x0001a6a7   Thumb Code     6  device_manager_peripheral.o(.text)
    gattsc_context_apply                     0x0001a6ad   Thumb Code    26  device_manager_peripheral.o(.text)
    .text                                    0x0001a6e8   Section        0  pstorage.o(.text)
    cmd_queue_element_init                   0x0001a6e9   Thumb Code    56  pstorage.o(.text)
    cmd_queue_init                           0x0001a721   Thumb Code    40  pstorage.o(.text)
    swap_state_process                       0x0001a749   Thumb Code   578  pstorage.o(.text)
    cmd_process                              0x0001a98b   Thumb Code   382  pstorage.o(.text)
    cmd_queue_enqueue                        0x0001ab09   Thumb Code   138  pstorage.o(.text)
    cmd_queue_dequeue                        0x0001ab93   Thumb Code    32  pstorage.o(.text)
    app_notify                               0x0001abb3   Thumb Code   100  pstorage.o(.text)
    is_word_aligned                          0x0001b387   Thumb Code    18  pstorage.o(.text)
    .text                                    0x0001b3a4   Section        0  app_button.o(.text)
    button_handler_execute                   0x0001b3a5   Thumb Code    82  app_button.o(.text)
    detection_delay_timeout_handler          0x0001b3f7   Thumb Code   144  app_button.o(.text)
    gpiote_event_handler                     0x0001b487   Thumb Code    52  app_button.o(.text)
    .text                                    0x0001b650   Section        0  app_gpiote.o(.text)
    sense_level_toggle                       0x0001b651   Thumb Code   128  app_gpiote.o(.text)
    pins_sense_disable                       0x0001b76f   Thumb Code    98  app_gpiote.o(.text)
    NVIC_SetPriority                         0x0001ba27   Thumb Code   110  app_gpiote.o(.text)
    .text                                    0x0001babc   Section        0  memcmp.o(.text)
    .text                                    0x0001bb18   Section        0  strlen.o(.text)
    .text                                    0x0001bb5c   Section        0  rt_memcpy.o(.text)
    .text                                    0x0001bbde   Section        0  rt_memclr.o(.text)
    .text                                    0x0001bc1e   Section      346  aeabi_sdiv.o(.text)
    .text                                    0x0001bd78   Section        0  heapauxi.o(.text)
    .text                                    0x0001bd7e   Section       62  sys_stackheap_outer.o(.text)
    .text                                    0x0001bdbc   Section        0  exit.o(.text)
    .text                                    0x0001bdc8   Section        8  libspace.o(.text)
    .text                                    0x0001bdd0   Section        0  sys_exit.o(.text)
    .text                                    0x0001bddc   Section        2  use_no_semi.o(.text)
    .text                                    0x0001bdde   Section        0  indicate_semi.o(.text)
    i.__ARM_common_switch8                   0x0001bdde   Section        0  pstorage.o(i.__ARM_common_switch8)
    .constdata                               0x0001bdfc   Section       12  main.o(.constdata)
    .constdata                               0x0001be08   Section       52  device_manager_peripheral.o(.constdata)
    .conststring                             0x0001be3c   Section       69  device_manager_peripheral.o(.conststring)
    .data                                    0x20002000   Section        4  system_nrf51.o(.data)
    __tagsym$$used                           0x20002000   Number         0  system_nrf51.o(.data)
    .data                                    0x20002004   Section       44  main.o(.data)
    m_is_link_loss_alerting                  0x20002004   Data           1  main.o(.data)
    m_is_alert_led_blinking                  0x20002005   Data           1  main.o(.data)
    m_is_adv_led_blinking                    0x20002006   Data           1  main.o(.data)
    m_advertising_mode                       0x20002007   Data           1  main.o(.data)
    m_is_high_alert_signalled                0x20002008   Data           1  main.o(.data)
    m_battery_timer_id                       0x2000200c   Data           4  main.o(.data)
    m_alert_led_blink_timer_id               0x20002010   Data           4  main.o(.data)
    m_adv_led_blink_timer_id                 0x20002014   Data           4  main.o(.data)
    m_app_handle                             0x20002018   Data           1  main.o(.data)
    m_memory_access_in_progress              0x20002019   Data           1  main.o(.data)
    is_led_on                                0x2000201a   Data           1  main.o(.data)
    is_led_on                                0x2000201b   Data           1  main.o(.data)
    m_conn_handle                            0x2000201c   Data           2  main.o(.data)
    buttons                                  0x20002020   Data          16  main.o(.data)
    .data                                    0x20002030   Section        4  ble_ias_c.o(.data)
    m_alert_level_uuid                       0x20002030   Data           4  ble_ias_c.o(.data)
    .data                                    0x20002034   Section       25  ble_conn_params.o(.data)
    m_preferred_conn_params                  0x20002034   Data           8  ble_conn_params.o(.data)
    m_update_count                           0x2000203c   Data           1  ble_conn_params.o(.data)
    m_conn_handle                            0x2000203e   Data           2  ble_conn_params.o(.data)
    m_current_conn_params                    0x20002040   Data           8  ble_conn_params.o(.data)
    m_conn_params_timer_id                   0x20002048   Data           4  ble_conn_params.o(.data)
    m_change_param                           0x2000204c   Data           1  ble_conn_params.o(.data)
    .data                                    0x20002050   Section       41  app_timer.o(.data)
    m_node_array_size                        0x20002050   Data           1  app_timer.o(.data)
    mp_nodes                                 0x20002054   Data           4  app_timer.o(.data)
    m_user_array_size                        0x20002058   Data           1  app_timer.o(.data)
    mp_users                                 0x2000205c   Data           4  app_timer.o(.data)
    m_timer_id_head                          0x20002060   Data           4  app_timer.o(.data)
    m_ticks_latest                           0x20002064   Data           4  app_timer.o(.data)
    m_ticks_elapsed                          0x20002068   Data           8  app_timer.o(.data)
    m_ticks_elapsed_q_read_ind               0x20002070   Data           1  app_timer.o(.data)
    m_ticks_elapsed_q_write_ind              0x20002071   Data           1  app_timer.o(.data)
    m_evt_schedule_func                      0x20002074   Data           4  app_timer.o(.data)
    m_rtc1_running                           0x20002078   Data           1  app_timer.o(.data)
    .data                                    0x2000207c   Section       20  softdevice_handler.o(.data)
    m_evt_schedule_func                      0x2000207c   Data           4  softdevice_handler.o(.data)
    m_evt_buffer                             0x20002080   Data           4  softdevice_handler.o(.data)
    m_ble_evt_buffer_size                    0x20002084   Data           2  softdevice_handler.o(.data)
    m_softdevice_enabled                     0x20002086   Data           1  softdevice_handler.o(.data)
    m_ble_evt_handler                        0x20002088   Data           4  softdevice_handler.o(.data)
    m_sys_evt_handler                        0x2000208c   Data           4  softdevice_handler.o(.data)
    .data                                    0x20002090   Section       20  device_manager_peripheral.o(.data)
    m_storage_handle                         0x20002090   Data           8  device_manager_peripheral.o(.data)
    m_peer_addr_update                       0x20002098   Data           4  device_manager_peripheral.o(.data)
    m_module_initialized                     0x2000209c   Data           1  device_manager_peripheral.o(.data)
    m_irk_index_table                        0x2000209d   Data           7  device_manager_peripheral.o(.data)
    .data                                    0x200020a4   Section       12  pstorage.o(.data)
    m_next_app_instance                      0x200020a4   Data           2  pstorage.o(.data)
    m_next_page_addr                         0x200020a8   Data           4  pstorage.o(.data)
    m_round_val                              0x200020ac   Data           2  pstorage.o(.data)
    m_module_initialized                     0x200020ae   Data           1  pstorage.o(.data)
    m_swap_state                             0x200020af   Data           1  pstorage.o(.data)
    .data                                    0x200020b0   Section       32  app_button.o(.data)
    mp_buttons                               0x200020b0   Data           4  app_button.o(.data)
    m_button_count                           0x200020b4   Data           1  app_button.o(.data)
    m_detection_delay                        0x200020b8   Data           4  app_button.o(.data)
    m_evt_schedule_func                      0x200020bc   Data           4  app_button.o(.data)
    m_gpiote_user_id                         0x200020c0   Data           1  app_button.o(.data)
    m_detection_delay_timer_id               0x200020c4   Data           4  app_button.o(.data)
    m_pin_transition                         0x200020c8   Data           8  app_button.o(.data)
    .data                                    0x200020d0   Section       12  app_gpiote.o(.data)
    m_enabled_users_mask                     0x200020d0   Data           4  app_gpiote.o(.data)
    m_user_array_size                        0x200020d4   Data           1  app_gpiote.o(.data)
    m_user_count                             0x200020d5   Data           1  app_gpiote.o(.data)
    mp_users                                 0x200020d8   Data           4  app_gpiote.o(.data)
    .bss                                     0x200020dc   Section     1024  main.o(.bss)
    m_tps                                    0x200020dc   Data          10  main.o(.bss)
    m_ias                                    0x200020e8   Data          16  main.o(.bss)
    m_lls                                    0x200020f8   Data          20  main.o(.bss)
    m_bas                                    0x2000210c   Data          24  main.o(.bss)
    m_ias_c                                  0x20002124   Data          12  main.o(.bss)
    APP_TIMER_BUF                            0x20002130   Data         840  main.o(.bss)
    EVT_BUFFER                               0x20002478   Data          80  main.o(.bss)
    app_gpiote_buf                           0x200024c8   Data          20  main.o(.bss)
    .bss                                     0x200024dc   Section       28  ble_conn_params.o(.bss)
    m_conn_params_config                     0x200024dc   Data          28  ble_conn_params.o(.bss)
    .bss                                     0x200024f8   Section      264  device_manager_peripheral.o(.bss)
    m_peer_table                             0x200024f8   Data         196  device_manager_peripheral.o(.bss)
    m_bond_table                             0x200025bc   Data          24  device_manager_peripheral.o(.bss)
    m_gatts_table                            0x200025d4   Data          20  device_manager_peripheral.o(.bss)
    m_connection_table                       0x200025e8   Data          12  device_manager_peripheral.o(.bss)
    m_application_table                      0x200025f4   Data          12  device_manager_peripheral.o(.bss)
    .bss                                     0x20002600   Section      220  pstorage.o(.bss)
    m_cmd_queue                              0x20002600   Data         204  pstorage.o(.bss)
    m_app_table                              0x200026cc   Data          16  pstorage.o(.bss)
    .bss                                     0x200026dc   Section       96  libspace.o(.bss)
    HEAP                                     0x20002740   Section     2048  arm_startup_nrf51.o(HEAP)
    Heap_Mem                                 0x20002740   Data        2048  arm_startup_nrf51.o(HEAP)
    STACK                                    0x20002f40   Section     2048  arm_startup_nrf51.o(STACK)
    Stack_Mem                                0x20002f40   Data        2048  arm_startup_nrf51.o(STACK)
    __initial_sp                             0x20003740   Data           0  arm_startup_nrf51.o(STACK)

    Global Symbols

    Symbol Name                              Value     Ov Type        Size  Object(Section)

    BuildAttributes$$THM_ISAv3M$S$PE$A:L22$X:L11$S22$IEEE1$IW$USESV6$~STKCKD$USESV7$~SHL$OSPACE$ROPI$EBA8$UX$STANDARDLIB$REQ8$PRES8$EABIv2 0x00000000   Number         0  anon$$obj.o ABSOLUTE
    __ARM_use_no_argv                        0x00000000   Number         0  main.o ABSOLUTE
    __ARM_exceptions_init                     - Undefined Weak Reference
    __alloca_initialize                       - Undefined Weak Reference
    __arm_preinit_                            - Undefined Weak Reference
    __cpp_initialize__aeabi_                  - Undefined Weak Reference
    __cxa_finalize                            - Undefined Weak Reference
    __rt_locale                               - Undefined Weak Reference
    __sigvec_lookup                           - Undefined Weak Reference
    _atexit_init                              - Undefined Weak Reference
    _call_atexit_fns                          - Undefined Weak Reference
    _clock_init                               - Undefined Weak Reference
    _fp_trap_init                             - Undefined Weak Reference
    _fp_trap_shutdown                         - Undefined Weak Reference
    _get_lc_collate                           - Undefined Weak Reference
    _get_lc_ctype                             - Undefined Weak Reference
    _get_lc_monetary                          - Undefined Weak Reference
    _get_lc_numeric                           - Undefined Weak Reference
    _get_lc_time                              - Undefined Weak Reference
    _getenv_init                              - Undefined Weak Reference
    _handle_redirection                       - Undefined Weak Reference
    _init_alloc                               - Undefined Weak Reference
    _init_user_alloc                          - Undefined Weak Reference
    _initio                                   - Undefined Weak Reference
    _rand_init                                - Undefined Weak Reference
    _signal_finish                            - Undefined Weak Reference
    _signal_init                              - Undefined Weak Reference
    _terminate_alloc                          - Undefined Weak Reference
    _terminate_user_alloc                     - Undefined Weak Reference
    _terminateio                              - Undefined Weak Reference
    __Vectors_Size                           0x000000c0   Number         0  arm_startup_nrf51.o ABSOLUTE
    __Vectors                                0x00016000   Data           4  arm_startup_nrf51.o(RESET)
    __Vectors_End                            0x000160c0   Data           0  arm_startup_nrf51.o(RESET)
    __main                                   0x000160c1   Thumb Code     8  __main.o(!!!main)
    __scatterload                            0x000160c9   Thumb Code     0  __scatter.o(!!!scatter)
    __scatterload_rt2                        0x000160c9   Thumb Code    52  __scatter.o(!!!scatter)
    __scatterload_rt2_thumb_only             0x000160c9   Thumb Code     0  __scatter.o(!!!scatter)
    __scatterload_null                       0x000160d9   Thumb Code     0  __scatter.o(!!!scatter)
    __scatterload_copy                       0x00016105   Thumb Code    26  __scatter_copy.o(!!handler_copy)
    __scatterload_zeroinit                   0x00016121   Thumb Code    28  __scatter_zi.o(!!handler_zi)
    __rt_lib_init                            0x0001613d   Thumb Code     0  libinit.o(.ARM.Collect$$libinit$$00000000)
    __rt_lib_init_alloca_1                   0x0001613f   Thumb Code     0  libinit2.o(.ARM.Collect$$libinit$$0000002E)
    __rt_lib_init_argv_1                     0x0001613f   Thumb Code     0  libinit2.o(.ARM.Collect$$libinit$$0000002C)
    __rt_lib_init_atexit_1                   0x0001613f   Thumb Code     0  libinit2.o(.ARM.Collect$$libinit$$0000001B)
    __rt_lib_init_clock_1                    0x0001613f   Thumb Code     0  libinit2.o(.ARM.Collect$$libinit$$00000021)
    __rt_lib_init_cpp_1                      0x0001613f   Thumb Code     0  libinit2.o(.ARM.Collect$$libinit$$00000032)
    __rt_lib_init_exceptions_1               0x0001613f   Thumb Code     0  libinit2.o(.ARM.Collect$$libinit$$00000030)
    __rt_lib_init_fp_1                       0x0001613f   Thumb Code     0  libinit2.o(.ARM.Collect$$libinit$$00000002)
    __rt_lib_init_fp_trap_1                  0x0001613f   Thumb Code     0  libinit2.o(.ARM.Collect$$libinit$$0000001F)
    __rt_lib_init_getenv_1                   0x0001613f   Thumb Code     0  libinit2.o(.ARM.Collect$$libinit$$00000023)
    __rt_lib_init_heap_1                     0x0001613f   Thumb Code     0  libinit2.o(.ARM.Collect$$libinit$$0000000A)
    __rt_lib_init_lc_collate_1               0x0001613f   Thumb Code     0  libinit2.o(.ARM.Collect$$libinit$$00000011)
    __rt_lib_init_lc_ctype_1                 0x0001613f   Thumb Code     0  libinit2.o(.ARM.Collect$$libinit$$00000013)
    __rt_lib_init_lc_monetary_1              0x0001613f   Thumb Code     0  libinit2.o(.ARM.Collect$$libinit$$00000015)
    __rt_lib_init_lc_numeric_1               0x0001613f   Thumb Code     0  libinit2.o(.ARM.Collect$$libinit$$00000017)
    __rt_lib_init_lc_time_1                  0x0001613f   Thumb Code     0  libinit2.o(.ARM.Collect$$libinit$$00000019)
    __rt_lib_init_preinit_1                  0x0001613f   Thumb Code     0  libinit2.o(.ARM.Collect$$libinit$$00000004)
    __rt_lib_init_rand_1                     0x0001613f   Thumb Code     0  libinit2.o(.ARM.Collect$$libinit$$0000000E)
    __rt_lib_init_return                     0x0001613f   Thumb Code     0  libinit2.o(.ARM.Collect$$libinit$$00000033)
    __rt_lib_init_signal_1                   0x0001613f   Thumb Code     0  libinit2.o(.ARM.Collect$$libinit$$0000001D)
    __rt_lib_init_stdio_1                    0x0001613f   Thumb Code     0  libinit2.o(.ARM.Collect$$libinit$$00000025)
    __rt_lib_init_user_alloc_1               0x0001613f   Thumb Code     0  libinit2.o(.ARM.Collect$$libinit$$0000000C)
    __rt_lib_shutdown                        0x00016141   Thumb Code     0  libshutdown.o(.ARM.Collect$$libshutdown$$00000000)
    __rt_lib_shutdown_fp_trap_1              0x00016143   Thumb Code     0  libshutdown2.o(.ARM.Collect$$libshutdown$$00000006)
    __rt_lib_shutdown_heap_1                 0x00016143   Thumb Code     0  libshutdown2.o(.ARM.Collect$$libshutdown$$0000000E)
    __rt_lib_shutdown_return                 0x00016143   Thumb Code     0  libshutdown2.o(.ARM.Collect$$libshutdown$$0000000F)
    __rt_lib_shutdown_signal_1               0x00016143   Thumb Code     0  libshutdown2.o(.ARM.Collect$$libshutdown$$00000009)
    __rt_lib_shutdown_stdio_1                0x00016143   Thumb Code     0  libshutdown2.o(.ARM.Collect$$libshutdown$$00000003)
    __rt_lib_shutdown_user_alloc_1           0x00016143   Thumb Code     0  libshutdown2.o(.ARM.Collect$$libshutdown$$0000000B)
    __rt_entry                               0x00016145   Thumb Code     0  __rtentry.o(.ARM.Collect$$rtentry$$00000000)
    __rt_entry_presh_1                       0x00016145   Thumb Code     0  __rtentry2.o(.ARM.Collect$$rtentry$$00000002)
    __rt_entry_sh                            0x00016145   Thumb Code     0  __rtentry4.o(.ARM.Collect$$rtentry$$00000004)
    __rt_entry_li                            0x0001614b   Thumb Code     0  __rtentry2.o(.ARM.Collect$$rtentry$$0000000A)
    __rt_entry_postsh_1                      0x0001614b   Thumb Code     0  __rtentry2.o(.ARM.Collect$$rtentry$$00000009)
    __rt_entry_main                          0x0001614f   Thumb Code     0  __rtentry2.o(.ARM.Collect$$rtentry$$0000000D)
    __rt_entry_postli_1                      0x0001614f   Thumb Code     0  __rtentry2.o(.ARM.Collect$$rtentry$$0000000C)
    __rt_exit                                0x00016157   Thumb Code     0  rtexit.o(.ARM.Collect$$rtexit$$00000000)
    __rt_exit_ls                             0x00016159   Thumb Code     0  rtexit2.o(.ARM.Collect$$rtexit$$00000003)
    __rt_exit_prels_1                        0x00016159   Thumb Code     0  rtexit2.o(.ARM.Collect$$rtexit$$00000002)
    __rt_exit_exit                           0x0001615d   Thumb Code     0  rtexit2.o(.ARM.Collect$$rtexit$$00000004)
    __asm___11_app_timer_c_cd27f9c3__nrf_delay_us 0x00016165   Thumb Code    30  app_timer.o(.emb_text)
    __aeabi_memcpy4                          0x00016185   Thumb Code    56  rt_memcpy.o(.emb_text)
    __aeabi_memcpy8                          0x00016185   Thumb Code     0  rt_memcpy.o(.emb_text)
    Reset_Handler                            0x000161bd   Thumb Code    26  arm_startup_nrf51.o(.text)
    NMI_Handler                              0x000161d7   Thumb Code     2  arm_startup_nrf51.o(.text)
    HardFault_Handler                        0x000161d9   Thumb Code     2  arm_startup_nrf51.o(.text)
    SVC_Handler                              0x000161db   Thumb Code     2  arm_startup_nrf51.o(.text)
    PendSV_Handler                           0x000161dd   Thumb Code     2  arm_startup_nrf51.o(.text)
    SysTick_Handler                          0x000161df   Thumb Code     2  arm_startup_nrf51.o(.text)
    CCM_AAR_IRQHandler                       0x000161e1   Thumb Code     0  arm_startup_nrf51.o(.text)
    ECB_IRQHandler                           0x000161e1   Thumb Code     0  arm_startup_nrf51.o(.text)
    LPCOMP_IRQHandler                        0x000161e1   Thumb Code     0  arm_startup_nrf51.o(.text)
    POWER_CLOCK_IRQHandler                   0x000161e1   Thumb Code     0  arm_startup_nrf51.o(.text)
    QDEC_IRQHandler                          0x000161e1   Thumb Code     0  arm_startup_nrf51.o(.text)
    RADIO_IRQHandler                         0x000161e1   Thumb Code     0  arm_startup_nrf51.o(.text)
    RNG_IRQHandler                           0x000161e1   Thumb Code     0  arm_startup_nrf51.o(.text)
    RTC0_IRQHandler                          0x000161e1   Thumb Code     0  arm_startup_nrf51.o(.text)
    SPI0_TWI0_IRQHandler                     0x000161e1   Thumb Code     0  arm_startup_nrf51.o(.text)
    SPI1_TWI1_IRQHandler                     0x000161e1   Thumb Code     0  arm_startup_nrf51.o(.text)
    SWI1_IRQHandler                          0x000161e1   Thumb Code     0  arm_startup_nrf51.o(.text)
    SWI3_IRQHandler                          0x000161e1   Thumb Code     0  arm_startup_nrf51.o(.text)
    SWI4_IRQHandler                          0x000161e1   Thumb Code     0  arm_startup_nrf51.o(.text)
    SWI5_IRQHandler                          0x000161e1   Thumb Code     0  arm_startup_nrf51.o(.text)
    TEMP_IRQHandler                          0x000161e1   Thumb Code     0  arm_startup_nrf51.o(.text)
    TIMER0_IRQHandler                        0x000161e1   Thumb Code     0  arm_startup_nrf51.o(.text)
    TIMER1_IRQHandler                        0x000161e1   Thumb Code     0  arm_startup_nrf51.o(.text)
    TIMER2_IRQHandler                        0x000161e1   Thumb Code     0  arm_startup_nrf51.o(.text)
    UART0_IRQHandler                         0x000161e1   Thumb Code     0  arm_startup_nrf51.o(.text)
    WDT_IRQHandler                           0x000161e1   Thumb Code     0  arm_startup_nrf51.o(.text)
    __user_initial_stackheap                 0x000161e5   Thumb Code     0  arm_startup_nrf51.o(.text)
    SystemCoreClockUpdate                    0x00016211   Thumb Code     8  system_nrf51.o(.text)
    SystemInit                               0x000162b5   Thumb Code    38  system_nrf51.o(.text)
    app_error_handler                        0x00016331   Thumb Code    22  main.o(.text)
    assert_nrf_callback                      0x00016347   Thumb Code    14  main.o(.text)
    ADC_IRQHandler                           0x00016363   Thumb Code   106  main.o(.text)
    main                                     0x000171c5   Thumb Code    54  main.o(.text)
    ble_tps_init                             0x0001739f   Thumb Code    48  ble_tps.o(.text)
    ble_tps_tx_power_level_set               0x000173cf   Thumb Code    24  ble_tps.o(.text)
    ble_ias_on_ble_evt                       0x0001741d   Thumb Code    28  ble_ias.o(.text)
    ble_ias_init                             0x0001750f   Thumb Code    60  ble_ias.o(.text)
    ble_ias_alert_level_get                  0x0001754b   Thumb Code    22  ble_ias.o(.text)
    ble_lls_alert_level_get                  0x0001757f   Thumb Code    22  ble_lls.o(.text)
    ble_lls_on_ble_evt                       0x000175ef   Thumb Code    56  ble_lls.o(.text)
    ble_lls_init                             0x000176db   Thumb Code    68  ble_lls.o(.text)
    ble_bas_on_ble_evt                       0x00017787   Thumb Code    58  ble_bas.o(.text)
    ble_bas_init                             0x00017981   Thumb Code    66  ble_bas.o(.text)
    ble_bas_battery_level_update             0x000179c3   Thumb Code   118  ble_bas.o(.text)
    ble_ias_c_init                           0x00017a49   Thumb Code    48  ble_ias_c.o(.text)
    ble_ias_c_on_ble_evt                     0x00017b71   Thumb Code    94  ble_ias_c.o(.text)
    ble_ias_c_send_alert_level               0x00017bff   Thumb Code    40  ble_ias_c.o(.text)
    ble_advdata_set                          0x000181a5   Thumb Code   122  ble_advdata.o(.text)
    ble_srv_report_ref_encode                0x00018235   Thumb Code    60  ble_srv_common.o(.text)
    ble_srv_ascii_to_utf8                    0x00018271   Thumb Code    18  ble_srv_common.o(.text)
    ble_conn_params_init                     0x00018363   Thumb Code    90  ble_conn_params.o(.text)
    ble_conn_params_stop                     0x000183bd   Thumb Code    12  ble_conn_params.o(.text)
    ble_conn_params_on_ble_evt               0x0001850b   Thumb Code    62  ble_conn_params.o(.text)
    ble_conn_params_change_conn_params       0x00018549   Thumb Code    86  ble_conn_params.o(.text)
    RTC1_IRQHandler                          0x00018d9b   Thumb Code    34  app_timer.o(.text)
    SWI0_IRQHandler                          0x00018dbd   Thumb Code     8  app_timer.o(.text)
    app_timer_init                           0x00018dc5   Thumb Code   250  app_timer.o(.text)
    app_timer_create                         0x00018ebf   Thumb Code   108  app_timer.o(.text)
    app_timer_start                          0x00018f4d   Thumb Code    98  app_timer.o(.text)
    app_timer_stop                           0x00018faf   Thumb Code    60  app_timer.o(.text)
    app_timer_stop_all                       0x00018feb   Thumb Code    26  app_timer.o(.text)
    app_timer_cnt_get                        0x00019005   Thumb Code    14  app_timer.o(.text)
    app_timer_cnt_diff_compute               0x00019013   Thumb Code    22  app_timer.o(.text)
    softdevice_assertion_handler             0x000190e9   Thumb Code    18  softdevice_handler.o(.text)
    intern_softdevice_events_execute         0x000190fb   Thumb Code   168  softdevice_handler.o(.text)
    softdevice_handler_init                  0x000191a3   Thumb Code    84  softdevice_handler.o(.text)
    softdevice_handler_sd_disable            0x000191f7   Thumb Code    24  softdevice_handler.o(.text)
    softdevice_ble_evt_handler_set           0x0001920f   Thumb Code    18  softdevice_handler.o(.text)
    softdevice_sys_evt_handler_set           0x00019221   Thumb Code    18  softdevice_handler.o(.text)
    SWI2_IRQHandler                          0x00019233   Thumb Code    52  softdevice_handler.o(.text)
    dm_handle_initialize                     0x0001957f   Thumb Code    26  device_manager_peripheral.o(.text)
    dm_init                                  0x00019793   Thumb Code   222  device_manager_peripheral.o(.text)
    dm_register                              0x00019871   Thumb Code    98  device_manager_peripheral.o(.text)
    dm_security_setup_req                    0x000198d3   Thumb Code   140  device_manager_peripheral.o(.text)
    dm_security_status_req                   0x0001995f   Thumb Code   158  device_manager_peripheral.o(.text)
    dm_whitelist_create                      0x000199fd   Thumb Code   194  device_manager_peripheral.o(.text)
    dm_device_add                            0x00019abf   Thumb Code     8  device_manager_peripheral.o(.text)
    dm_device_delete                         0x00019ac7   Thumb Code   142  device_manager_peripheral.o(.text)
    dm_device_delete_all                     0x00019b55   Thumb Code    98  device_manager_peripheral.o(.text)
    dm_service_context_set                   0x00019bb7   Thumb Code   210  device_manager_peripheral.o(.text)
    dm_service_context_get                   0x00019c89   Thumb Code   204  device_manager_peripheral.o(.text)
    dm_service_context_delete                0x00019d55   Thumb Code    96  device_manager_peripheral.o(.text)
    dm_application_context_set               0x00019db5   Thumb Code     8  device_manager_peripheral.o(.text)
    dm_application_context_get               0x00019dbd   Thumb Code     8  device_manager_peripheral.o(.text)
    dm_application_context_delete            0x00019dc5   Thumb Code     8  device_manager_peripheral.o(.text)
    dm_application_instance_set              0x00019dcd   Thumb Code    74  device_manager_peripheral.o(.text)
    dm_peer_addr_set                         0x00019ec3   Thumb Code   228  device_manager_peripheral.o(.text)
    dm_peer_addr_get                         0x00019fa7   Thumb Code   176  device_manager_peripheral.o(.text)
    bond_data_load                           0x0001a057   Thumb Code    62  device_manager_peripheral.o(.text)
    dm_ble_evt_handler                       0x0001a095   Thumb Code  1324  device_manager_peripheral.o(.text)
    pstorage_sys_event_handler               0x0001ac17   Thumb Code   326  pstorage.o(.text)
    pstorage_init                            0x0001ad5d   Thumb Code   196  pstorage.o(.text)
    pstorage_register                        0x0001ae21   Thumb Code   396  pstorage.o(.text)
    pstorage_block_identifier_get            0x0001afad   Thumb Code   136  pstorage.o(.text)
    pstorage_store                           0x0001b035   Thumb Code   202  pstorage.o(.text)
    pstorage_update                          0x0001b0ff   Thumb Code   202  pstorage.o(.text)
    pstorage_load                            0x0001b1c9   Thumb Code   226  pstorage.o(.text)
    pstorage_clear                           0x0001b2ab   Thumb Code   184  pstorage.o(.text)
    pstorage_access_status_get               0x0001b363   Thumb Code    36  pstorage.o(.text)
    app_button_init                          0x0001b4bb   Thumb Code   132  app_button.o(.text)
    app_button_enable                        0x0001b53f   Thumb Code    24  app_button.o(.text)
    app_button_disable                       0x0001b557   Thumb Code    42  app_button.o(.text)
    app_button_is_pushed                     0x0001b581   Thumb Code   124  app_button.o(.text)
    GPIOTE_IRQHandler                        0x0001b6d1   Thumb Code   158  app_gpiote.o(.text)
    app_gpiote_init                          0x0001b7d1   Thumb Code   116  app_gpiote.o(.text)
    app_gpiote_user_register                 0x0001b845   Thumb Code   138  app_gpiote.o(.text)
    app_gpiote_user_enable                   0x0001b8cf   Thumb Code   226  app_gpiote.o(.text)
    app_gpiote_user_disable                  0x0001b9b1   Thumb Code    66  app_gpiote.o(.text)
    app_gpiote_pins_state_get                0x0001b9f3   Thumb Code    52  app_gpiote.o(.text)
    memcmp                                   0x0001babd   Thumb Code    90  memcmp.o(.text)
    strlen                                   0x0001bb19   Thumb Code    62  strlen.o(.text)
    __aeabi_memcpy                           0x0001bb5d   Thumb Code   130  rt_memcpy.o(.text)
    __rt_memcpy                              0x0001bb5d   Thumb Code     0  rt_memcpy.o(.text)
    _memset_w                                0x0001bbdf   Thumb Code    26  rt_memclr.o(.text)
    _memset                                  0x0001bbf9   Thumb Code    30  rt_memclr.o(.text)
    __aeabi_memclr                           0x0001bc17   Thumb Code     4  rt_memclr.o(.text)
    __rt_memclr                              0x0001bc17   Thumb Code     0  rt_memclr.o(.text)
    __aeabi_memclr4                          0x0001bc1b   Thumb Code     0  rt_memclr.o(.text)
    __aeabi_memclr8                          0x0001bc1b   Thumb Code     0  rt_memclr.o(.text)
    __rt_memclr_w                            0x0001bc1b   Thumb Code     4  rt_memclr.o(.text)
    __aeabi_uidiv                            0x0001bc1f   Thumb Code     0  aeabi_sdiv.o(.text)
    __aeabi_uidivmod                         0x0001bc1f   Thumb Code    20  aeabi_sdiv.o(.text)
    __aeabi_idiv                             0x0001bc33   Thumb Code     0  aeabi_sdiv.o(.text)
    __aeabi_idivmod                          0x0001bc33   Thumb Code   326  aeabi_sdiv.o(.text)
    __use_two_region_memory                  0x0001bd79   Thumb Code     2  heapauxi.o(.text)
    __rt_heap_escrow$2region                 0x0001bd7b   Thumb Code     2  heapauxi.o(.text)
    __rt_heap_expand$2region                 0x0001bd7d   Thumb Code     2  heapauxi.o(.text)
    __user_setup_stackheap                   0x0001bd7f   Thumb Code    62  sys_stackheap_outer.o(.text)
    exit                                     0x0001bdbd   Thumb Code    12  exit.o(.text)
    __user_libspace                          0x0001bdc9   Thumb Code     8  libspace.o(.text)
    __user_perproc_libspace                  0x0001bdc9   Thumb Code     0  libspace.o(.text)
    __user_perthread_libspace                0x0001bdc9   Thumb Code     0  libspace.o(.text)
    _sys_exit                                0x0001bdd1   Thumb Code     8  sys_exit.o(.text)
    __I$use$semihosting                      0x0001bddd   Thumb Code     0  use_no_semi.o(.text)
    __use_no_semihosting_swi                 0x0001bddd   Thumb Code     2  use_no_semi.o(.text)
    __ARM_common_switch8                     0x0001bddf   Thumb Code    28  pstorage.o(i.__ARM_common_switch8)
    __semihosting_library_function           0x0001bddf   Thumb Code     0  indicate_semi.o(.text)
    m_service_context_store                  0x0001be08   Data          16  device_manager_peripheral.o(.constdata)
    m_service_context_load                   0x0001be18   Data          16  device_manager_peripheral.o(.constdata)
    m_service_context_apply                  0x0001be28   Data          16  device_manager_peripheral.o(.constdata)
    m_context_init_len                       0x0001be38   Data           4  device_manager_peripheral.o(.constdata)
    Region$$Table$$Base                      0x0001be84   Number         0  anon$$obj.o(Region$$Table)
    Region$$Table$$Limit                     0x0001bea4   Number         0  anon$$obj.o(Region$$Table)
    SystemCoreClock                          0x20002000   Data           4  system_nrf51.o(.data)
    __libspace_start                         0x200026dc   Data          96  libspace.o(.bss)
    __temporary_stack_top$libspace           0x2000273c   Data           0  libspace.o(.bss)



==============================================================================

Memory Map of the image

  Image Entry point : 0x000160c1

  Load Region LR_IROM1 (Base: 0x00016000, Size: 0x00005f80, Max: 0x00029000, ABSOLUTE)

    Execution Region ER_IROM1 (Base: 0x00016000, Size: 0x00005ea4, Max: 0x00029000, ABSOLUTE)

    Base Addr    Size         Type   Attr      Idx    E Section Name        Object

    0x00016000   0x000000c0   Data   RO            3    RESET               arm_startup_nrf51.o
    0x000160c0   0x00000008   Code   RO          900  * !!!main             c_p.l(__main.o)
    0x000160c8   0x0000003c   Code   RO         1068    !!!scatter          c_p.l(__scatter.o)
    0x00016104   0x0000001a   Code   RO         1070    !!handler_copy      c_p.l(__scatter_copy.o)
    0x0001611e   0x00000002   PAD
    0x00016120   0x0000001c   Code   RO         1072    !!handler_zi        c_p.l(__scatter_zi.o)
    0x0001613c   0x00000002   Code   RO          938    .ARM.Collect$$libinit$$00000000  c_p.l(libinit.o)
    0x0001613e   0x00000000   Code   RO          952    .ARM.Collect$$libinit$$00000002  c_p.l(libinit2.o)
    0x0001613e   0x00000000   Code   RO          954    .ARM.Collect$$libinit$$00000004  c_p.l(libinit2.o)
    0x0001613e   0x00000000   Code   RO          957    .ARM.Collect$$libinit$$0000000A  c_p.l(libinit2.o)
    0x0001613e   0x00000000   Code   RO          959    .ARM.Collect$$libinit$$0000000C  c_p.l(libinit2.o)
    0x0001613e   0x00000000   Code   RO          961    .ARM.Collect$$libinit$$0000000E  c_p.l(libinit2.o)
    0x0001613e   0x00000000   Code   RO          964    .ARM.Collect$$libinit$$00000011  c_p.l(libinit2.o)
    0x0001613e   0x00000000   Code   RO          966    .ARM.Collect$$libinit$$00000013  c_p.l(libinit2.o)
    0x0001613e   0x00000000   Code   RO          968    .ARM.Collect$$libinit$$00000015  c_p.l(libinit2.o)
    0x0001613e   0x00000000   Code   RO          970    .ARM.Collect$$libinit$$00000017  c_p.l(libinit2.o)
    0x0001613e   0x00000000   Code   RO          972    .ARM.Collect$$libinit$$00000019  c_p.l(libinit2.o)
    0x0001613e   0x00000000   Code   RO          974    .ARM.Collect$$libinit$$0000001B  c_p.l(libinit2.o)
    0x0001613e   0x00000000   Code   RO          976    .ARM.Collect$$libinit$$0000001D  c_p.l(libinit2.o)
    0x0001613e   0x00000000   Code   RO          978    .ARM.Collect$$libinit$$0000001F  c_p.l(libinit2.o)
    0x0001613e   0x00000000   Code   RO          980    .ARM.Collect$$libinit$$00000021  c_p.l(libinit2.o)
    0x0001613e   0x00000000   Code   RO          982    .ARM.Collect$$libinit$$00000023  c_p.l(libinit2.o)
    0x0001613e   0x00000000   Code   RO          984    .ARM.Collect$$libinit$$00000025  c_p.l(libinit2.o)
    0x0001613e   0x00000000   Code   RO          988    .ARM.Collect$$libinit$$0000002C  c_p.l(libinit2.o)
    0x0001613e   0x00000000   Code   RO          990    .ARM.Collect$$libinit$$0000002E  c_p.l(libinit2.o)
    0x0001613e   0x00000000   Code   RO          992    .ARM.Collect$$libinit$$00000030  c_p.l(libinit2.o)
    0x0001613e   0x00000000   Code   RO          994    .ARM.Collect$$libinit$$00000032  c_p.l(libinit2.o)
    0x0001613e   0x00000002   Code   RO          995    .ARM.Collect$$libinit$$00000033  c_p.l(libinit2.o)
    0x00016140   0x00000002   Code   RO         1026    .ARM.Collect$$libshutdown$$00000000  c_p.l(libshutdown.o)
    0x00016142   0x00000000   Code   RO         1053    .ARM.Collect$$libshutdown$$00000003  c_p.l(libshutdown2.o)
    0x00016142   0x00000000   Code   RO         1056    .ARM.Collect$$libshutdown$$00000006  c_p.l(libshutdown2.o)
    0x00016142   0x00000000   Code   RO         1059    .ARM.Collect$$libshutdown$$00000009  c_p.l(libshutdown2.o)
    0x00016142   0x00000000   Code   RO         1061    .ARM.Collect$$libshutdown$$0000000B  c_p.l(libshutdown2.o)
    0x00016142   0x00000000   Code   RO         1064    .ARM.Collect$$libshutdown$$0000000E  c_p.l(libshutdown2.o)
    0x00016142   0x00000002   Code   RO         1065    .ARM.Collect$$libshutdown$$0000000F  c_p.l(libshutdown2.o)
    0x00016144   0x00000000   Code   RO          902    .ARM.Collect$$rtentry$$00000000  c_p.l(__rtentry.o)
    0x00016144   0x00000000   Code   RO          908    .ARM.Collect$$rtentry$$00000002  c_p.l(__rtentry2.o)
    0x00016144   0x00000006   Code   RO          920    .ARM.Collect$$rtentry$$00000004  c_p.l(__rtentry4.o)
    0x0001614a   0x00000000   Code   RO          910    .ARM.Collect$$rtentry$$00000009  c_p.l(__rtentry2.o)
    0x0001614a   0x00000004   Code   RO          911    .ARM.Collect$$rtentry$$0000000A  c_p.l(__rtentry2.o)
    0x0001614e   0x00000000   Code   RO          913    .ARM.Collect$$rtentry$$0000000C  c_p.l(__rtentry2.o)
    0x0001614e   0x00000008   Code   RO          914    .ARM.Collect$$rtentry$$0000000D  c_p.l(__rtentry2.o)
    0x00016156   0x00000002   Code   RO          943    .ARM.Collect$$rtexit$$00000000  c_p.l(rtexit.o)
    0x00016158   0x00000000   Code   RO          999    .ARM.Collect$$rtexit$$00000002  c_p.l(rtexit2.o)
    0x00016158   0x00000004   Code   RO         1000    .ARM.Collect$$rtexit$$00000003  c_p.l(rtexit2.o)
    0x0001615c   0x00000006   Code   RO         1001    .ARM.Collect$$rtexit$$00000004  c_p.l(rtexit2.o)
    0x00016162   0x00000002   PAD
    0x00016164   0x0000001e   Code   RO          470    .emb_text           app_timer.o
    0x00016182   0x00000002   PAD
    0x00016184   0x00000038   Code   RO          886    .emb_text           c_p.l(rt_memcpy.o)
    0x000161bc   0x00000054   Code   RO            4    .text               arm_startup_nrf51.o
    0x00016210   0x000000e8   Code   RO           12    .text               system_nrf51.o
    0x000162f8   0x00000ffc   Code   RO           69    .text               main.o
    0x000172f4   0x000000fc   Code   RO          252    .text               ble_tps.o
    0x000173f0   0x00000178   Code   RO          297    .text               ble_ias.o
    0x00017568   0x000001c0   Code   RO          312    .text               ble_lls.o
    0x00017728   0x00000320   Code   RO          330    .text               ble_bas.o
    0x00017a48   0x000001ec   Code   RO          351    .text               ble_ias_c.o
    0x00017c34   0x00000600   Code   RO          401    .text               ble_advdata.o
    0x00018234   0x00000088   Code   RO          422    .text               ble_srv_common.o
    0x000182bc   0x00000308   Code   RO          437    .text               ble_conn_params.o
    0x000185c4   0x00000b24   Code   RO          471    .text               app_timer.o
    0x000190e8   0x000001d4   Code   RO          524    .text               softdevice_handler.o
    0x000192bc   0x0000142c   Code   RO          664    .text               device_manager_peripheral.o
    0x0001a6e8   0x00000cbc   Code   RO          705    .text               pstorage.o
    0x0001b3a4   0x000002ac   Code   RO          754    .text               app_button.o
    0x0001b650   0x0000046c   Code   RO          782    .text               app_gpiote.o
    0x0001babc   0x0000005a   Code   RO          882    .text               c_p.l(memcmp.o)
    0x0001bb16   0x00000002   PAD
    0x0001bb18   0x00000044   Code   RO          884    .text               c_p.l(strlen.o)
    0x0001bb5c   0x00000082   Code   RO          887    .text               c_p.l(rt_memcpy.o)
    0x0001bbde   0x00000040   Code   RO          890    .text               c_p.l(rt_memclr.o)
    0x0001bc1e   0x0000015a   Code   RO          894    .text               c_p.l(aeabi_sdiv.o)
    0x0001bd78   0x00000006   Code   RO          898    .text               c_p.l(heapauxi.o)
    0x0001bd7e   0x0000003e   Code   RO          924    .text               c_p.l(sys_stackheap_outer.o)
    0x0001bdbc   0x0000000c   Code   RO          927    .text               c_p.l(exit.o)
    0x0001bdc8   0x00000008   Code   RO          939    .text               c_p.l(libspace.o)
    0x0001bdd0   0x0000000c   Code   RO          996    .text               c_p.l(sys_exit.o)
    0x0001bddc   0x00000002   Code   RO         1015    .text               c_p.l(use_no_semi.o)
    0x0001bdde   0x00000000   Code   RO         1017    .text               c_p.l(indicate_semi.o)
    0x0001bdde   0x0000001c   Code   RO          723    i.__ARM_common_switch8  pstorage.o
    0x0001bdfa   0x00000002   PAD
    0x0001bdfc   0x0000000c   Data   RO           71    .constdata          main.o
    0x0001be08   0x00000034   Data   RO          666    .constdata          device_manager_peripheral.o
    0x0001be3c   0x00000045   Data   RO          667    .conststring        device_manager_peripheral.o
    0x0001be81   0x00000003   PAD
    0x0001be84   0x00000020   Data   RO         1066    Region$$Table       anon$$obj.o


    Execution Region RW_IRAM1 (Base: 0x20002000, Size: 0x00001740, Max: 0x00002000, ABSOLUTE)

    Base Addr    Size         Type   Attr      Idx    E Section Name        Object

    0x20002000   0x00000004   Data   RW           13    .data               system_nrf51.o
    0x20002004   0x0000002c   Data   RW           72    .data               main.o
    0x20002030   0x00000004   Data   RW          352    .data               ble_ias_c.o
    0x20002034   0x00000019   Data   RW          439    .data               ble_conn_params.o
    0x2000204d   0x00000003   PAD
    0x20002050   0x00000029   Data   RW          472    .data               app_timer.o
    0x20002079   0x00000003   PAD
    0x2000207c   0x00000014   Data   RW          525    .data               softdevice_handler.o
    0x20002090   0x00000014   Data   RW          668    .data               device_manager_peripheral.o
    0x200020a4   0x0000000c   Data   RW          707    .data               pstorage.o
    0x200020b0   0x00000020   Data   RW          755    .data               app_button.o
    0x200020d0   0x0000000c   Data   RW          783    .data               app_gpiote.o
    0x200020dc   0x00000400   Zero   RW           70    .bss                main.o
    0x200024dc   0x0000001c   Zero   RW          438    .bss                ble_conn_params.o
    0x200024f8   0x00000108   Zero   RW          665    .bss                device_manager_peripheral.o
    0x20002600   0x000000dc   Zero   RW          706    .bss                pstorage.o
    0x200026dc   0x00000060   Zero   RW          940    .bss                c_p.l(libspace.o)
    0x2000273c   0x00000004   PAD
    0x20002740   0x00000800   Zero   RW            2    HEAP                arm_startup_nrf51.o
    0x20002f40   0x00000800   Zero   RW            1    STACK               arm_startup_nrf51.o


==============================================================================

Image component sizes


      Code (inc. data)   RO Data    RW Data    ZI Data      Debug   Object Name

       684         84          0         32          0       7736   app_button.o
      1132         40          0         12          0      11750   app_gpiote.o
      2882        202          0         41          0      24993   app_timer.o
         0          0          0          0          0        964   app_trace.o
        84         36        192          0       4096        724   arm_startup_nrf51.o
      1536          4          0          0          0       9962   ble_advdata.o
       800         16          0          0          0      11363   ble_bas.o
       776         38          0         25         28       7490   ble_conn_params.o
       376          8          0          0          0       3290   ble_ias.o
       492         14          0          4          0      33025   ble_ias_c.o
       448         10          0          0          0       3874   ble_lls.o
       136         58          0          0          0       1602   ble_srv_common.o
       252         10          0          0          0      34902   ble_tps.o
      5164        230        121         20        264      24644   device_manager_peripheral.o
      4092        336         12         44       1024      90356   main.o
      3288         94          0         12        220      12330   pstorage.o
       468         86          0         20          0      35976   softdevice_handler.o
       232         30          0          4          0      21681   system_nrf51.o

    ----------------------------------------------------------------------
     22846       1296        360        220       5632     336662   Object Totals
         0          0         32          0          0          0   (incl. Generated)
         4          0          3          6          0          0   (incl. Padding)

    ----------------------------------------------------------------------

      Code (inc. data)   RO Data    RW Data    ZI Data      Debug   Library Member Name

         8          0          0          0          0         68   __main.o
         0          0          0          0          0          0   __rtentry.o
        12          0          0          0          0          0   __rtentry2.o
         6          0          0          0          0          0   __rtentry4.o
        60          8          0          0          0          0   __scatter.o
        26          0          0          0          0          0   __scatter_copy.o
        28          0          0          0          0          0   __scatter_zi.o
       346          0          0          0          0         92   aeabi_sdiv.o
        12          0          0          0          0         64   exit.o
         6          0          0          0          0        136   heapauxi.o
         0          0          0          0          0          0   indicate_semi.o
         2          0          0          0          0          0   libinit.o
         2          0          0          0          0          0   libinit2.o
         2          0          0          0          0          0   libshutdown.o
         2          0          0          0          0          0   libshutdown2.o
         8          4          0          0         96         68   libspace.o
        90          0          0          0          0         68   memcmp.o
        64          0          0          0          0        108   rt_memclr.o
       186          0          0          0          0        144   rt_memcpy.o
         2          0          0          0          0          0   rtexit.o
        10          0          0          0          0          0   rtexit2.o
        68          6          0          0          0         72   strlen.o
        12          4          0          0          0         60   sys_exit.o
        62          0          0          0          0         80   sys_stackheap_outer.o
         2          0          0          0          0         68   use_no_semi.o

    ----------------------------------------------------------------------
      1022         22          0          0        100       1028   Library Totals
         6          0          0          0          4          0   (incl. Padding)

    ----------------------------------------------------------------------

      Code (inc. data)   RO Data    RW Data    ZI Data      Debug   Library Name

      1016         22          0          0         96       1028   c_p.l

    ----------------------------------------------------------------------
      1022         22          0          0        100       1028   Library Totals

    ----------------------------------------------------------------------

==============================================================================


      Code (inc. data)   RO Data    RW Data    ZI Data      Debug   

     23868       1318        360        220       5732     336342   Grand Totals
     23868       1318        360        220       5732     336342   ELF Image Totals
     23868       1318        360        220          0          0   ROM Totals

==============================================================================

    Total RO  Size (Code + RO Data)                24228 (  23.66kB)
    Total RW  Size (RW Data + ZI Data)              5952 (   5.81kB)
    Total ROM Size (Code + RO Data + RW Data)      24448 (  23.88kB)

==============================================================================

