<html>
<body>
<pre>
<h1>µVision Build Log</h1>
<h2>Tool Versions:</h2>
IDE-Version: µVision V5.14.0.0
Copyright (C) 2015 ARM Ltd and ARM Germany GmbH. All rights reserved.
License Information: Taylor Nesheim, Student, LIC=----
 
Tool Versions:
Toolchain:       MDK-Lite  Version: 5.14.0.0
Toolchain Path:  C:\Keil_v5\ARM\ARMCC\Bin
C Compiler:      Armcc.exe V5.05 update 1 (build 106)
Assembler:       Armasm.exe V5.05 update 1 (build 106)
Linker/Locator:  ArmLink.exe V5.05 update 1 (build 106)
Library Manager: ArmAr.exe V5.05 update 1 (build 106)
Hex Converter:   FromElf.exe V5.05 update 1 (build 106)
CPU DLL:         SARMCM3.DLL V5.14.0.0
Dialog DLL:      DARMCM1.DLL V1.12.0.0
Target DLL:      Segger\JL2CM3.dll V2.99.13.0
Dialog DLL:      TARMCM1.DLL V1.9.0.0
 
<h2>Project:</h2>
C:\Users\tnesheim\Documents\GitHub\GradOS_FinalProject\with_riot\nodes\ble_nodes\MasterNode\MasterNode.uvprojx
Project File Date:  06/02/2015

<h2>Output:</h2>
Build target 'MasterNode'
compiling main.c...
..\global_inc\ms_pacman.h(58): warning:  #1-D: last line of file ends without a newline
  #endif 
..\global_inc\ms_pacman_service.h(37): warning:  #1-D: last line of file ends without a newline
  #endif
..\global_inc\ms_pacman.h(58): warning:  #1-D: last line of file ends without a newline
  #endif 
.\app_inc\transceiver_service.h(13): warning:  #1-D: last line of file ends without a newline
  #endif
src\main.c(90): warning:  #1295-D: Deprecated declaration initLeds - give arg types
  static void initLeds();
src\main.c(151): warning:  #177-D: variable "lcd_write_status" was declared but never referenced
      bool     lcd_write_status;
src\main.c(468): warning:  #550-D: variable "type" was set but never used
     uint8_t type;
src\main.c(554): warning:  #1-D: last line of file ends without a newline
  }
src\main.c(65): warning:  #177-D: variable "m_peer_addr_ms_pacman" was declared but never referenced
  static uint8_t m_peer_addr_ms_pacman[] = {0x83, 0xE3, 0xA2, 0xF5, 0x11, 0xFE};
src\main.c(67): warning:  #177-D: variable "m_peer_addr_nunchuck" was declared but never referenced
  static uint8_t m_peer_addr_nunchuck[]  = {0x7F, 0x40, 0x93, 0x20, 0x1B, 0xCE};   
src\main.c(526): warning:  #177-D: function "waitForRIOT" was declared but never referenced
  static void waitForRIOT()
src\main.c: 11 warnings, 0 errors
linking...
Program Size: Code=17644 RO-data=604 RW-data=180 ZI-data=5236  
FromELF: creating hex file...
".\Objects\MasterNode.axf" - 0 Error(s), 11 Warning(s).

<h2>Software Packages used:</h2>

Package Vendor: ARM
                http://www.keil.com/pack/ARM.CMSIS.4.2.0.pack
                ARM::CMSIS:CORE:3.40.0
                CMSIS (Cortex Microcontroller Software Interface Standard)
   * Component: CORE Version: 3.40.0

Package Vendor: NordicSemiconductor
                http://www.keil.com/pack/NordicSemiconductor.nRF_DeviceFamilyPack.1.1.1.pack
                NordicSemiconductor::Device:Startup:1.0.0
                Nordic Semiconductor nRF ARM devices Device Family Pack.
   * Component: Startup Version: 1.0.0

<h2>Collection of Component include folders:</h2>
  C:\Users\tnesheim\Documents\GitHub\GradOS_FinalProject\with_riot\nodes\ble_nodes\MasterNode\RTE
  C:\Keil_v5\ARM\PACK\ARM\CMSIS\4.2.0\CMSIS\Include
  C:\Keil_v5\ARM\PACK\NordicSemiconductor\nRF_DeviceFamilyPack\1.1.1\Device\Include

<h2>Collection of Component Files used:</h2>

   * Component: ARM::CMSIS:CORE:3.40.0
      Source file:   CMSIS\UserCodeTemplates\ARM\ITM_Retarget.c

   * Component: NordicSemiconductor::Device:Startup:1.0.0
      Source file:   Device\Source\arm\arm_startup_nrf51.s
      Source file:   Device\Source\system_nrf51.c
      Include file:  Device\Include\system_nrf51.h
</pre>
</body>
</html>
