Component: ARM Compiler 5.05 update 1 (build 106) Tool: armlink [4d0efa]

==============================================================================

Section Cross References

    main.o(.text) refers to uidiv.o(.text) for __aeabi_uidivmod
    main.o(.text) refers to ble_bas.o(.text) for ble_bas_battery_level_update
    main.o(.text) refers to app_timer.o(.text) for app_timer_stop
    main.o(.text) refers to memseta.o(.text) for __aeabi_memclr4
    main.o(.text) refers to ble_advdata.o(.text) for ble_advdata_set
    main.o(.text) refers to pstorage.o(.text) for pstorage_access_status_get
    main.o(.text) refers to device_manager_peripheral.o(.text) for dm_whitelist_create
    main.o(.text) refers to app_mw_ble_gap.o(.text) for sd_ble_gap_adv_start
    main.o(.text) refers to app_button.o(.text) for app_button_disable
    main.o(.text) refers to main.o(.bss) for .bss
    main.o(.text) refers to main.o(.data) for .data
    main.o(.text) refers to main.o(.constdata) for .constdata
    main.o(.text) refers to app_mw_nrf_soc.o(.text) for sd_power_system_off
    main.o(.text) refers to ble_conn_params.o(.text) for ble_conn_params_on_ble_evt
    main.o(.text) refers to ble_ias.o(.text) for ble_ias_on_ble_evt
    main.o(.text) refers to ble_lls.o(.text) for ble_lls_on_ble_evt
    main.o(.text) refers to ble_ias_c.o(.text) for ble_ias_c_on_ble_evt
    main.o(.text) refers to app_gpiote_fast_detect.o(.text) for app_gpiote_init
    main.o(.text) refers to ser_softdevice_handler.o(.text) for sd_app_evt_wait
    main.o(.text) refers to idiv.o(.text) for __aeabi_idivmod
    main.o(.text) refers to ser_app_hal_nrf51.o(.text) for sd_nvic_ClearPendingIRQ
    main.o(.text) refers to ble_tps.o(.text) for ble_tps_init
    main.o(.text) refers to softdevice_handler.o(.text) for softdevice_handler_init
    main.o(.text) refers to app_mw_ble.o(.text) for sd_ble_enable
    main.o(.data) refers to main.o(.text) for button_event_handler
    ble_bas.o(.text) refers to memseta.o(.text) for __aeabi_memclr4
    ble_bas.o(.text) refers to app_mw_ble_gatts.o(.text) for sd_ble_gatts_characteristic_add
    ble_bas.o(.text) refers to ble_srv_common.o(.text) for ble_srv_report_ref_encode
    ble_ias.o(.text) refers to app_mw_ble_gatts.o(.text) for sd_ble_gatts_service_add
    ble_ias.o(.text) refers to memseta.o(.text) for __aeabi_memclr4
    ble_ias.o(.text) refers to app_mw_ble_gatts.o(.text) for sd_ble_gatts_value_get
    ble_ias_c.o(.text) refers to app_mw_ble_gattc.o(.text) for sd_ble_gattc_primary_services_discover
    ble_ias_c.o(.text) refers to ble_ias_c.o(.data) for .data
    ble_lls.o(.text) refers to app_mw_ble_gatts.o(.text) for sd_ble_gatts_value_get
    ble_lls.o(.text) refers to memseta.o(.text) for __aeabi_memclr4
    ble_tps.o(.text) refers to app_mw_ble_gatts.o(.text) for sd_ble_gatts_service_add
    ble_tps.o(.text) refers to memseta.o(.text) for __aeabi_memclr4
    ble_tps.o(.text) refers to app_mw_ble_gatts.o(.text) for sd_ble_gatts_value_set
    ble_advdata.o(.text) refers to app_mw_ble.o(.text) for sd_ble_uuid_encode
    ble_advdata.o(.text) refers to app_mw_ble_gap.o(.text) for sd_ble_gap_appearance_get
    ble_advdata.o(.text) refers to memcpya.o(.text) for __aeabi_memcpy
    app_timer.o(.text) refers to app_timer.o(.emb_text) for __asm___11_app_timer_c_cd27f9c3__nrf_delay_us
    app_timer.o(.text) refers to main.o(.text) for app_error_handler
    app_timer.o(.text) refers to app_timer.o(.data) for .data
    app_timer.o(.text) refers to app_timer.o(.text) for user_id_get
    app_timer.o(.text) refers to app_timer.o(.data) for .data
    app_button.o(.text) refers to main.o(.text) for app_error_handler
    app_button.o(.text) refers to app_gpiote_fast_detect.o(.text) for app_gpiote_pins_state_get
    app_button.o(.text) refers to app_timer.o(.text) for app_timer_stop
    app_button.o(.text) refers to app_button.o(.data) for .data
    app_button.o(.text) refers to app_gpiote_fast_detect.o(.text) for app_gpiote_pins_state_get
    app_button.o(.text) refers to app_button.o(.data) for .data
    softdevice_handler.o(.text) refers to main.o(.text) for assert_nrf_callback
    softdevice_handler.o(.text) refers to ser_softdevice_handler.o(.text) for sd_evt_get
    softdevice_handler.o(.text) refers to softdevice_handler.o(.data) for .data
    softdevice_handler.o(.text) refers to ser_softdevice_handler.o(.text) for sd_softdevice_disable
    softdevice_handler.o(.text) refers to softdevice_handler.o(.data) for .data
    ble_debug_assert_handler.o(.text) refers to strncpy.o(.text) for strncpy
    ble_debug_assert_handler.o(.text) refers to ble_debug_assert_handler.o(.bss) for .bss
    ble_debug_assert_handler.o(.text) refers to ble_debug_assert_handler.o(.data) for .data
    device_manager_peripheral.o(.text) refers to memseta.o(.text) for __aeabi_memclr
    device_manager_peripheral.o(.text) refers to memcmp.o(.text) for memcmp
[...]
    alert_level_char_add                     0x000010a3   Thumb Code   136  ble_lls.o(.text)
    .text                                    0x00001134   Section        0  ble_tps.o(.text)
    tx_power_level_char_add                  0x0000115d   Thumb Code   136  ble_tps.o(.text)
    .text                                    0x000011ec   Section        0  ble_advdata.o(.text)
    uuid_list_sized_encode                   0x000011ed   Thumb Code   166  ble_advdata.o(.text)
    uuid_list_encode                         0x00001293   Thumb Code    38  ble_advdata.o(.text)
    adv_data_encode                          0x000012b9   Thumb Code   362  ble_advdata.o(.text)
    uint16_encode                            0x0000148b   Thumb Code    10  ble_advdata.o(.text)
    name_encode                              0x00001495   Thumb Code   116  ble_advdata.o(.text)
    conn_int_encode                          0x00001509   Thumb Code   126  ble_advdata.o(.text)
    manuf_specific_data_encode               0x00001587   Thumb Code   100  ble_advdata.o(.text)
    service_data_encode                      0x000015eb   Thumb Code   122  ble_advdata.o(.text)
    .text                                    0x00001668   Section        0  app_timer.o(.text)
    NVIC_SetPriority                         0x00001669   Thumb Code    60  app_timer.o(.text)
    rtc1_stop                                0x000016a5   Thumb Code    50  app_timer.o(.text)
    timer_list_insert                        0x000016d7   Thumb Code    94  app_timer.o(.text)
    timer_timeouts_check                     0x00001735   Thumb Code   122  app_timer.o(.text)
    list_insertions_handler                  0x000017af   Thumb Code   216  app_timer.o(.text)
    user_id_get                              0x000019d7   Thumb Code    74  app_timer.o(.text)
    timer_list_handler_sched                 0x00001b47   Thumb Code    10  app_timer.o(.text)
    elapsed_ticks_acquire                    0x00001b51   Thumb Code    58  app_timer.o(.text)
    list_deletions_handler                   0x00001b8b   Thumb Code   144  app_timer.o(.text)
    expired_timers_handler                   0x00001c1b   Thumb Code    82  app_timer.o(.text)
    compare_reg_update                       0x00001c6d   Thumb Code   140  app_timer.o(.text)
    user_op_alloc                            0x00001cf9   Thumb Code    36  app_timer.o(.text)
    timer_list_remove                        0x00001d1d   Thumb Code    98  app_timer.o(.text)
    .text                                    0x00001d98   Section        0  app_button.o(.text)
    button_handler_execute                   0x00001d99   Thumb Code    58  app_button.o(.text)
    detection_delay_timeout_handler          0x00001dd3   Thumb Code    98  app_button.o(.text)
    gpiote_event_handler                     0x00001e35   Thumb Code    40  app_button.o(.text)
    .text                                    0x00001f30   Section        0  softdevice_handler.o(.text)
    .text                                    0x0000206c   Section        0  device_manager_peripheral.o(.text)
    connection_instance_find                 0x0000206d   Thumb Code    38  device_manager_peripheral.o(.text)
    peer_instance_init                       0x00002093   Thumb Code    52  device_manager_peripheral.o(.text)
    device_instance_find                     0x000020c7   Thumb Code    70  device_manager_peripheral.o(.text)
    connection_instance_init                 0x0000210d   Thumb Code    30  device_manager_peripheral.o(.text)
    storage_operation_dummy_handler          0x0000212b   Thumb Code     4  device_manager_peripheral.o(.text)
    gatts_context_store                      0x0000212f   Thumb Code   148  device_manager_peripheral.o(.text)
    gatts_context_load                       0x000021c3   Thumb Code    44  device_manager_peripheral.o(.text)
    gatts_context_apply                      0x000021ef   Thumb Code    60  device_manager_peripheral.o(.text)
    dm_pstorage_cb_handler                   0x00002243   Thumb Code   326  device_manager_peripheral.o(.text)
    device_context_store                     0x00002535   Thumb Code   154  device_manager_peripheral.o(.text)
    update_status_bit_reset                  0x00002955   Thumb Code    14  device_manager_peripheral.o(.text)
    device_instance_allocate                 0x00002963   Thumb Code    76  device_manager_peripheral.o(.text)
    app_evt_notify                           0x000029af   Thumb Code     8  device_manager_peripheral.o(.text)
    no_service_context_store                 0x000029b7   Thumb Code     4  device_manager_peripheral.o(.text)
    gattc_context_store                      0x000029bb   Thumb Code     4  device_manager_peripheral.o(.text)
    gattsc_context_store                     0x000029bf   Thumb Code     8  device_manager_peripheral.o(.text)
    no_service_context_load                  0x000029c7   Thumb Code     4  device_manager_peripheral.o(.text)
    gattc_context_load                       0x000029cb   Thumb Code     4  device_manager_peripheral.o(.text)
    gattsc_context_load                      0x000029cf   Thumb Code     8  device_manager_peripheral.o(.text)
    no_service_context_apply                 0x000029d7   Thumb Code     4  device_manager_peripheral.o(.text)
    gattc_context_apply                      0x000029db   Thumb Code     4  device_manager_peripheral.o(.text)
    gattsc_context_apply                     0x000029df   Thumb Code     8  device_manager_peripheral.o(.text)
    .text                                    0x000029f4   Section        0  ble_conn_params.o(.text)
    update_timeout_handler                   0x000029f5   Thumb Code    90  ble_conn_params.o(.text)
    conn_params_negotiation                  0x00002a9b   Thumb Code    90  ble_conn_params.o(.text)
    is_conn_params_ok                        0x00002b7b   Thumb Code    26  ble_conn_params.o(.text)
    .text                                    0x00002ba4   Section        0  ble_srv_common.o(.text)
    .text                                    0x00002bb0   Section        0  app_util_platform.o(.text)
    .text                                    0x00002bd0   Section        0  ble_enable.o(.text)
    .text                                    0x00002c1c   Section        0  ble_event.o(.text)
    .text                                    0x00002e2a   Section        0  ble_evt_tx_complete.o(.text)
    .text                                    0x00002e90   Section        0  ble_gap_adv_data_set.o(.text)
    .text                                    0x00002efa   Section        0  ble_gap_adv_start.o(.text)
    whitelist_encode                         0x00002fdd   Thumb Code    90  ble_gap_adv_start.o(.text)
    .text                                    0x00003036   Section        0  ble_gap_appearance_get.o(.text)
    .text                                    0x000030b6   Section        0  ble_gap_appearance_set.o(.text)
    .text                                    0x000030ea   Section        0  ble_gap_conn_param_update.o(.text)
    uint16_encode                            0x00003169   Thumb Code    10  ble_gap_conn_param_update.o(.text)
    .text                                    0x00003172   Section        0  ble_gap_device_name_get.o(.text)
    .text                                    0x00003226   Section        0  ble_gap_device_name_set.o(.text)
    .text                                    0x000032b0   Section        0  ble_gap_disconnect.o(.text)
    .text                                    0x000032e8   Section        0  ble_gap_evt_auth_key_request.o(.text)
    .text                                    0x0000334c   Section        0  ble_gap_evt_auth_status.o(.text)
    .text                                    0x0000352c   Section        0  ble_gap_evt_conn_param_update.o(.text)
    .text                                    0x000035ba   Section        0  ble_gap_evt_conn_sec_update.o(.text)
    .text                                    0x00003646   Section        0  ble_gap_evt_connected.o(.text)
    .text                                    0x00003712   Section        0  ble_gap_evt_disconnected.o(.text)
    .text                                    0x00003776   Section        0  ble_gap_evt_passkey_display.o(.text)
    .text                                    0x000037e2   Section        0  ble_gap_evt_rssi_changed.o(.text)
    .text                                    0x00003846   Section        0  ble_gap_evt_sec_info_request.o(.text)
    .text                                    0x00003914   Section        0  ble_gap_evt_sec_params_request.o(.text)
    .text                                    0x000039ce   Section        0  ble_gap_evt_timeout.o(.text)
    .text                                    0x00003a30   Section        0  ble_gap_ppcp_get.o(.text)
    .text                                    0x00003ad4   Section        0  ble_gap_ppcp_set.o(.text)
    uint16_encode                            0x00003b47   Thumb Code    10  ble_gap_ppcp_set.o(.text)
    .text                                    0x00003b50   Section        0  ble_gap_sec_info_reply.o(.text)
    .text                                    0x00003bea   Section        0  ble_gap_sec_params_reply.o(.text)
    .text                                    0x00003c6c   Section        0  ble_gap_tx_power_set.o(.text)
    .text                                    0x00003cbe   Section        0  ble_gattc_characteristics_discover.o(.text)
    .text                                    0x00003d22   Section        0  ble_gattc_evt_char_disc_rsp.o(.text)
    .text                                    0x00003ec4   Section        0  ble_gattc_evt_char_val_by_uuid_read_rsp.o(.text)
    .text                                    0x00003f64   Section        0  ble_gattc_evt_char_vals_read_rsp.o(.text)
    .text                                    0x00003fe2   Section        0  ble_gattc_evt_desc_disc_rsp.o(.text)
    .text                                    0x000040ca   Section        0  ble_gattc_evt_hvx.o(.text)
    .text                                    0x00004196   Section        0  ble_gattc_evt_prim_srvc_disc_rsp.o(.text)
    .text                                    0x0000428c   Section        0  ble_gattc_evt_read_rsp.o(.text)
    .text                                    0x00004358   Section        0  ble_gattc_evt_rel_disc_rsp.o(.text)
    .text                                    0x000043e8   Section        0  ble_gattc_evt_timeout.o(.text)
    .text                                    0x0000444e   Section        0  ble_gattc_evt_write_rsp.o(.text)
    .text                                    0x00004528   Section        0  ble_gattc_primary_services_discover.o(.text)
    .text                                    0x00004590   Section        0  ble_gattc_write.o(.text)
    uint16_encode                            0x00004641   Thumb Code    10  ble_gattc_write.o(.text)
    .text                                    0x0000464c   Section        0  ble_gatts_characteristic_add.o(.text)
    .text                                    0x00004734   Section        0  ble_gatts_descriptor_add.o(.text)
    .text                                    0x00004804   Section        0  ble_gatts_evt_hvc.o(.text)
    .text                                    0x00004868   Section        0  ble_gatts_evt_rw_authorize_request.o(.text)
    .text                                    0x000048da   Section        0  ble_gatts_evt_sc_confirm.o(.text)
    .text                                    0x0000492a   Section        0  ble_gatts_evt_sys_attr_missing.o(.text)
    .text                                    0x0000498e   Section        0  ble_gatts_evt_timeout.o(.text)
    .text                                    0x000049f2   Section        0  ble_gatts_evt_write.o(.text)
    .text                                    0x00004a60   Section        0  ble_gatts_hvx.o(.text)
    uint16_encode                            0x00004b8f   Thumb Code    10  ble_gatts_hvx.o(.text)
    .text                                    0x00004b9c   Section        0  ble_gatts_service_add.o(.text)
    .text                                    0x00004c5a   Section        0  ble_gatts_sys_attr_get.o(.text)
    .text                                    0x00004d60   Section        0  ble_gatts_sys_attr_set.o(.text)
    .text                                    0x00004dcc   Section        0  ble_gatts_value_get.o(.text)
    .text                                    0x00004eb8   Section        0  ble_gatts_value_set.o(.text)
    .text                                    0x00004f98   Section        0  ble_l2cap_evt_rx.o(.text)
    .text                                    0x0000500a   Section        0  ble_uuid_encode.o(.text)
    .text                                    0x000050ee   Section        0  power_system_off.o(.text)
    .text                                    0x00005110   Section        0  ble_gap_struct_serialization.o(.text)
    .text                                    0x00005268   Section        0  ble_gattc_struct_serialization.o(.text)
    .text                                    0x0000543c   Section        0  ble_gatts_struct_serialization.o(.text)
    .text                                    0x00005a30   Section        0  ble_struct_serialization.o(.text)
    .text                                    0x00005b74   Section        0  ble_serialization.o(.text)
    uint32_decode                            0x00005e15   Thumb Code    20  ble_serialization.o(.text)
    .text                                    0x00005e28   Section        0  cond_field_serialization.o(.text)
    .text                                    0x00005eb8   Section        0  app_mw_ble.o(.text)
    uuid_encode_rsp_dec                      0x00005eb9   Thumb Code    30  app_mw_ble.o(.text)
    enable_rsp_dec                           0x00005f1d   Thumb Code    26  app_mw_ble.o(.text)
    tx_buf_alloc                             0x00005f73   Thumb Code    32  app_mw_ble.o(.text)
    .text                                    0x00005fa8   Section        0  app_mw_ble_gap.o(.text)
    gap_adv_start_rsp_dec                    0x00005fa9   Thumb Code    24  app_mw_ble_gap.o(.text)
    gap_device_name_get_rsp_dec              0x00005ffb   Thumb Code    30  app_mw_ble_gap.o(.text)
    gap_appearance_get_rsp_dec               0x0000605d   Thumb Code    28  app_mw_ble_gap.o(.text)
    gap_device_name_set_rsp_dec              0x000060b7   Thumb Code    24  app_mw_ble_gap.o(.text)
    gap_appearance_set_rsp_dec               0x00006113   Thumb Code    26  app_mw_ble_gap.o(.text)
    gap_ppcp_set_rsp_dec                     0x00006169   Thumb Code    26  app_mw_ble_gap.o(.text)
    gap_adv_data_set_rsp_dec                 0x000061bf   Thumb Code    26  app_mw_ble_gap.o(.text)
    gap_conn_param_update_rsp_dec            0x00006229   Thumb Code    26  app_mw_ble_gap.o(.text)
    gap_disconnect_rsp_dec                   0x00006283   Thumb Code    26  app_mw_ble_gap.o(.text)
    gap_sec_info_reply_rsp_dec               0x000062dd   Thumb Code    26  app_mw_ble_gap.o(.text)
    gap_sec_params_reply_rsp_dec             0x0000633d   Thumb Code    30  app_mw_ble_gap.o(.text)
    gap_ppcp_get_reply_rsp_dec               0x000063d5   Thumb Code    32  app_mw_ble_gap.o(.text)
    gap_tx_power_set_rsp_dec                 0x00006435   Thumb Code    28  app_mw_ble_gap.o(.text)
    tx_buf_alloc                             0x0000648d   Thumb Code    30  app_mw_ble_gap.o(.text)
    .text                                    0x000064c4   Section        0  app_mw_ble_gattc.o(.text)
    gattc_primary_services_discover_rsp_dec  0x000064c5   Thumb Code    24  app_mw_ble_gattc.o(.text)
    gattc_characteristics_discover_rsp_dec   0x00006521   Thumb Code    24  app_mw_ble_gattc.o(.text)
    gattc_write_rsp_dec                      0x00006577   Thumb Code    26  app_mw_ble_gattc.o(.text)
    tx_buf_alloc                             0x000065d1   Thumb Code    30  app_mw_ble_gattc.o(.text)
    .text                                    0x00006600   Section        0  app_mw_ble_gatts.o(.text)
    gatts_sys_attr_set_rsp_dec               0x00006601   Thumb Code    24  app_mw_ble_gatts.o(.text)
    gatts_hvx_rsp_dec                        0x0000665d   Thumb Code    26  app_mw_ble_gatts.o(.text)
    gatts_service_add_rsp_dec                0x000066c3   Thumb Code    28  app_mw_ble_gatts.o(.text)
    gatts_characteristic_add_rsp_dec         0x00006727   Thumb Code    28  app_mw_ble_gatts.o(.text)
    gatts_descriptor_add_rsp_dec             0x00006797   Thumb Code    34  app_mw_ble_gatts.o(.text)
    gatts_value_get_rsp_dec                  0x00006803   Thumb Code    32  app_mw_ble_gatts.o(.text)
    gatts_value_set_rsp_dec                  0x00006877   Thumb Code    30  app_mw_ble_gatts.o(.text)
    gatts_sys_attr_get_rsp_dec               0x000068e5   Thumb Code    32  app_mw_ble_gatts.o(.text)
    tx_buf_alloc                             0x00006951   Thumb Code    30  app_mw_ble_gatts.o(.text)
    .text                                    0x0000699c   Section        0  app_mw_nrf_soc.o(.text)
    tx_buf_alloc                             0x000069d7   Thumb Code    30  app_mw_nrf_soc.o(.text)
    .text                                    0x000069f8   Section        0  ser_softdevice_handler.o(.text)
    ser_softdevice_evt_handler               0x000069f9   Thumb Code    80  ser_softdevice_handler.o(.text)
    ser_sd_rsp_wait                          0x00006a49   Thumb Code    16  ser_softdevice_handler.o(.text)
    .text                                    0x00006af8   Section        0  ser_sd_transport.o(.text)
    ser_sd_transport_hal_handler             0x00006b03   Thumb Code    56  ser_sd_transport.o(.text)
    ser_sd_transport_rx_packet_handler       0x00006bb3   Thumb Code   100  ser_sd_transport.o(.text)
    .text                                    0x00006c24   Section        0  ser_hal_transport.o(.text)
    phy_events_handler                       0x00006c51   Thumb Code   370  ser_hal_transport.o(.text)
    .text                                    0x00006ef4   Section        0  app_mailbox.o(.text)
    .text                                    0x00006fd0   Section        0  nrf_delay.o(.text)
    .text                                    0x00006fec   Section        0  ble_flash.o(.text)
    flash_page_erase                         0x00006fed   Thumb Code    34  ble_flash.o(.text)
    flash_word_write                         0x0000700f   Thumb Code    54  ble_flash.o(.text)
    .text                                    0x0000708c   Section        0  ser_app_hal_nrf51.o(.text)
    NVIC_SetPriority                         0x0000708d   Thumb Code    60  ser_app_hal_nrf51.o(.text)
    .text                                    0x000071b4   Section        0  pstorage.o(.text)
    is_word_aligned                          0x0000761b   Thumb Code    12  pstorage.o(.text)
    app_notify                               0x00007627   Thumb Code    24  pstorage.o(.text)
    .text                                    0x00007644   Section        0  app_gpiote_fast_detect.o(.text)
    NVIC_SetPriority                         0x00007645   Thumb Code    60  app_gpiote_fast_detect.o(.text)
    sense_level_toggle                       0x00007681   Thumb Code    64  app_gpiote_fast_detect.o(.text)
    pins_sense_disable                       0x000077eb   Thumb Code    52  app_gpiote_fast_detect.o(.text)
    .text                                    0x00007a28   Section        0  ser_app_power_system_off.o(.text)
    .text                                    0x00007a48   Section        0  ser_phy_nrf51_spi_master.o(.text)
    frame_get                                0x00007a49   Thumb Code    42  ser_phy_nrf51_spi_master.o(.text)
    frame_send                               0x00007a73   Thumb Code    44  ser_phy_nrf51_spi_master.o(.text)
    ser_phy_switch_state                     0x00007a9f   Thumb Code   464  ser_phy_nrf51_spi_master.o(.text)
    ser_phy_spi_master_event_handler         0x00007d11   Thumb Code    28  ser_phy_nrf51_spi_master.o(.text)
    nrf_gpio_pin_read                        0x00007e9d   Thumb Code    12  ser_phy_nrf51_spi_master.o(.text)
    spi_master_raw_assert                    0x00007ea9   Thumb Code    16  ser_phy_nrf51_spi_master.o(.text)
    compute_current_packet_length            0x00007eb9   Thumb Code    12  ser_phy_nrf51_spi_master.o(.text)
    header_send                              0x00007ec5   Thumb Code    24  ser_phy_nrf51_spi_master.o(.text)
    header_get                               0x00007edd   Thumb Code    20  ser_phy_nrf51_spi_master.o(.text)
    .text                                    0x00007f00   Section        0  spi_master.o(.text)
    spi_master_signal_evt                    0x00007f01   Thumb Code    44  spi_master.o(.text)
    spi_master_buffer_release                0x00007f2d   Thumb Code    38  spi_master.o(.text)
    spi_master_init_hw_instance              0x00007f75   Thumb Code    60  spi_master.o(.text)
    spi_master_buffer_init                   0x00007fb1   Thumb Code    74  spi_master.o(.text)
    spi_master_send_recv_irq                 0x000081f7   Thumb Code   180  spi_master.o(.text)
    spi_master_get_instance                  0x000082ab   Thumb Code    12  spi_master.o(.text)
    spi_master_send_initial_bytes            0x000082b7   Thumb Code   226  spi_master.o(.text)
    .text                                    0x00008398   Section       56  arm_startup_nrf51.o(.text)
    .text                                    0x000083d0   Section        0  system_nrf51.o(.text)
    is_manual_peripheral_setup_needed        0x00008411   Thumb Code    66  system_nrf51.o(.text)
    .text                                    0x00008468   Section        0  uidiv.o(.text)
    .text                                    0x00008494   Section        0  idiv.o(.text)
    .text                                    0x000084bc   Section        0  memcpya.o(.text)
    .text                                    0x000084e0   Section        0  memseta.o(.text)
    .text                                    0x00008504   Section        0  memcmp.o(.text)
    .text                                    0x0000851e   Section        0  uread4.o(.text)
    .text                                    0x00008534   Section       36  init.o(.text)
    .text                                    0x00008558   Section        0  __dczerorl2.o(.text)
    i.__ARM_common_switch8                   0x000085ae   Section        0  ble_event.o(i.__ARM_common_switch8)
    i.__scatterload_copy                     0x000085c8   Section       14  handlers.o(i.__scatterload_copy)
    i.__scatterload_null                     0x000085d6   Section        2  handlers.o(i.__scatterload_null)
    i.__scatterload_zeroinit                 0x000085d8   Section       14  handlers.o(i.__scatterload_zeroinit)
    i.spi_master_evt_handler_reg             0x000085e8   Section        0  spi_master.o(i.spi_master_evt_handler_reg)
    .constdata                               0x00008608   Section       12  main.o(.constdata)
    .constdata                               0x00008614   Section       48  device_manager_peripheral.o(.constdata)
    .constdata                               0x00008644   Section       12  ser_softdevice_handler.o(.constdata)
    .constdata                               0x00008650   Section       28  ser_phy_nrf51_spi_master.o(.constdata)
    .constdata                               0x0000866c   Section        4  spi_master.o(.constdata)
    .conststring                             0x00008670   Section       69  device_manager_peripheral.o(.conststring)
    .conststring                             0x000086b8   Section       84  app_mw_ble.o(.conststring)
    .conststring                             0x0000870c   Section       88  app_mw_ble_gap.o(.conststring)
    .conststring                             0x00008764   Section       90  app_mw_ble_gattc.o(.conststring)
    .conststring                             0x000087c0   Section       90  app_mw_ble_gatts.o(.conststring)
    .conststring                             0x0000881c   Section       88  app_mw_nrf_soc.o(.conststring)
    .conststring                             0x00008874   Section       83  ser_softdevice_handler.o(.conststring)
    .conststring                             0x000088c8   Section       77  ser_sd_transport.o(.conststring)
    .conststring                             0x00008918   Section       73  ser_hal_transport.o(.conststring)
    .conststring                             0x00008964   Section       79  ser_phy_nrf51_spi_master.o(.conststring)
    .conststring                             0x000089b4   Section       46  spi_master.o(.conststring)
    .data                                    0x20000000   Section       40  main.o(.data)
    m_memory_access_in_progress              0x20000000   Data           1  main.o(.data)
    is_led_on                                0x20000001   Data           1  main.o(.data)
    is_led_on                                0x20000002   Data           1  main.o(.data)
    m_is_link_loss_alerting                  0x20000003   Data           1  main.o(.data)
    m_is_alert_led_blinking                  0x20000004   Data           1  main.o(.data)
    m_is_adv_led_blinking                    0x20000005   Data           1  main.o(.data)
    m_advertising_mode                       0x20000006   Data           1  main.o(.data)
    m_is_high_alert_signalled                0x20000007   Data           1  main.o(.data)
    m_app_handle                             0x20000008   Data           1  main.o(.data)
    m_conn_handle                            0x2000000a   Data           2  main.o(.data)
    m_battery_timer_id                       0x2000000c   Data           4  main.o(.data)
    m_alert_led_blink_timer_id               0x20000010   Data           4  main.o(.data)
    m_adv_led_blink_timer_id                 0x20000014   Data           4  main.o(.data)
    buttons                                  0x20000018   Data          16  main.o(.data)
    .data                                    0x20000028   Section        4  ble_ias_c.o(.data)
    m_alert_level_uuid                       0x20000028   Data           4  ble_ias_c.o(.data)
    .data                                    0x2000002c   Section       36  app_timer.o(.data)
    m_node_array_size                        0x2000002c   Data           1  app_timer.o(.data)
    m_user_array_size                        0x2000002d   Data           1  app_timer.o(.data)
    m_ticks_elapsed_q_read_ind               0x2000002e   Data           1  app_timer.o(.data)
    m_ticks_elapsed_q_write_ind              0x2000002f   Data           1  app_timer.o(.data)
    m_rtc1_running                           0x20000030   Data           1  app_timer.o(.data)
    mp_nodes                                 0x20000034   Data           4  app_timer.o(.data)
    mp_users                                 0x20000038   Data           4  app_timer.o(.data)
    m_timer_id_head                          0x2000003c   Data           4  app_timer.o(.data)
    m_ticks_latest                           0x20000040   Data           4  app_timer.o(.data)
    m_evt_schedule_func                      0x20000044   Data           4  app_timer.o(.data)
    m_ticks_elapsed                          0x20000048   Data           8  app_timer.o(.data)
    .data                                    0x20000050   Section       28  app_button.o(.data)
    m_button_count                           0x20000050   Data           1  app_button.o(.data)
    m_gpiote_user_id                         0x20000051   Data           1  app_button.o(.data)
    mp_buttons                               0x20000054   Data           4  app_button.o(.data)
    m_detection_delay                        0x20000058   Data           4  app_button.o(.data)
    m_evt_schedule_func                      0x2000005c   Data           4  app_button.o(.data)
    m_detection_delay_timer_id               0x20000060   Data           4  app_button.o(.data)
    m_pin_transition                         0x20000064   Data           8  app_button.o(.data)
    .data                                    0x2000006c   Section       20  softdevice_handler.o(.data)
    m_softdevice_enabled                     0x2000006c   Data           1  softdevice_handler.o(.data)
    m_ble_evt_buffer_size                    0x2000006e   Data           2  softdevice_handler.o(.data)
    m_evt_schedule_func                      0x20000070   Data           4  softdevice_handler.o(.data)
    m_evt_buffer                             0x20000074   Data           4  softdevice_handler.o(.data)
    m_ble_evt_handler                        0x20000078   Data           4  softdevice_handler.o(.data)
    m_sys_evt_handler                        0x2000007c   Data           4  softdevice_handler.o(.data)
    .data                                    0x20000080   Section       24  device_manager_peripheral.o(.data)
    m_module_initialized                     0x20000080   Data           1  device_manager_peripheral.o(.data)
    m_peer_addr_update                       0x20000084   Data           4  device_manager_peripheral.o(.data)
    m_irk_index_table                        0x20000088   Data           7  device_manager_peripheral.o(.data)
    m_storage_handle                         0x20000090   Data           8  device_manager_peripheral.o(.data)
    .data                                    0x20000098   Section       24  ble_conn_params.o(.data)
    m_change_param                           0x20000098   Data           1  ble_conn_params.o(.data)
    m_update_count                           0x20000099   Data           1  ble_conn_params.o(.data)
    m_conn_handle                            0x2000009a   Data           2  ble_conn_params.o(.data)
    m_conn_params_timer_id                   0x2000009c   Data           4  ble_conn_params.o(.data)
    m_preferred_conn_params                  0x200000a0   Data           8  ble_conn_params.o(.data)
    m_current_conn_params                    0x200000a8   Data           8  ble_conn_params.o(.data)
    .data                                    0x200000b0   Section        4  app_util_platform.o(.data)
    m_in_critical_region                     0x200000b0   Data           4  app_util_platform.o(.data)
    .data                                    0x200000b4   Section       12  app_mw_ble.o(.data)
    m_uint32_param                           0x200000b4   Data           4  app_mw_ble.o(.data)
    m_output_params                          0x200000b8   Data           8  app_mw_ble.o(.data)
    .data                                    0x200000c0   Section       12  app_mw_ble_gap.o(.data)
    mp_out_params                            0x200000c0   Data           4  app_mw_ble_gap.o(.data)
    m_output_params                          0x200000c4   Data           8  app_mw_ble_gap.o(.data)
    .data                                    0x200000cc   Section        4  ser_softdevice_handler.o(.data)
    m_ble_evt_mailbox_id                     0x200000cc   Data           4  ser_softdevice_handler.o(.data)
    .data                                    0x200000d0   Section       32  ser_sd_transport.o(.data)
    m_rsp_wait                               0x200000d0   Data           1  ser_sd_transport.o(.data)
    m_evt_handler                            0x200000d4   Data           4  ser_sd_transport.o(.data)
    m_ot_rsp_wait_handler                    0x200000d8   Data           4  ser_sd_transport.o(.data)
    m_os_rsp_wait_handler                    0x200000dc   Data           4  ser_sd_transport.o(.data)
    m_os_rsp_set_handler                     0x200000e0   Data           4  ser_sd_transport.o(.data)
    m_rx_notify_handler                      0x200000e4   Data           4  ser_sd_transport.o(.data)
    m_rsp_dec_handler                        0x200000e8   Data           4  ser_sd_transport.o(.data)
    m_return_value                           0x200000ec   Data           4  ser_sd_transport.o(.data)
    .data                                    0x200000f0   Section        8  ser_hal_transport.o(.data)
    m_rx_state                               0x200000f0   Data           1  ser_hal_transport.o(.data)
    m_tx_state                               0x200000f1   Data           1  ser_hal_transport.o(.data)
    m_events_handler                         0x200000f4   Data           4  ser_hal_transport.o(.data)
    .data                                    0x200000f8   Section        1  ble_flash.o(.data)
    m_radio_active                           0x200000f8   Data           1  ble_flash.o(.data)
    .data                                    0x200000fc   Section        4  ser_app_hal_nrf51.o(.data)
    m_int_cnt                                0x200000fc   Data           4  ser_app_hal_nrf51.o(.data)
    .data                                    0x20000100   Section       12  pstorage.o(.data)
    m_module_initialized                     0x20000100   Data           1  pstorage.o(.data)
    m_next_app_instance                      0x20000104   Data           4  pstorage.o(.data)
    m_next_page_addr                         0x20000108   Data           4  pstorage.o(.data)
    .data                                    0x2000010c   Section       16  app_gpiote_fast_detect.o(.data)
    m_user_array_size                        0x2000010c   Data           1  app_gpiote_fast_detect.o(.data)
    m_user_count                             0x2000010d   Data           1  app_gpiote_fast_detect.o(.data)
    mp_users                                 0x20000110   Data           4  app_gpiote_fast_detect.o(.data)
    m_app_gpiote_end_irq_event_handler       0x20000114   Data           4  app_gpiote_fast_detect.o(.data)
    m_enabled_users_mask                     0x20000118   Data           4  app_gpiote_fast_detect.o(.data)
    .data                                    0x2000011c   Section        1  ser_app_power_system_off.o(.data)
    m_power_system_off                       0x2000011c   Data           1  ser_app_power_system_off.o(.data)
    .data                                    0x20000120   Section       40  ser_phy_nrf51_spi_master.o(.data)
    m_pend_req_flag                          0x20000120   Data           1  ser_phy_nrf51_spi_master.o(.data)
    m_pend_rdy_flag                          0x20000121   Data           1  ser_phy_nrf51_spi_master.o(.data)
    m_pend_xfer_flag                         0x20000122   Data           1  ser_phy_nrf51_spi_master.o(.data)
    m_pend_rx_api_flag                       0x20000123   Data           1  ser_phy_nrf51_spi_master.o(.data)
    m_pend_tx_api_flag                       0x20000124   Data           1  ser_phy_nrf51_spi_master.o(.data)
    m_slave_ready_flag                       0x20000125   Data           1  ser_phy_nrf51_spi_master.o(.data)
    m_slave_request_flag                     0x20000126   Data           1  ser_phy_nrf51_spi_master.o(.data)
    m_spi_master_state                       0x20000127   Data           1  ser_phy_nrf51_spi_master.o(.data)
    m_wait_for_ready_flag                    0x20000128   Data           1  ser_phy_nrf51_spi_master.o(.data)
    m_tx_buf_len                             0x2000012a   Data           2  ser_phy_nrf51_spi_master.o(.data)
    m_rx_buf_len                             0x2000012c   Data           2  ser_phy_nrf51_spi_master.o(.data)
    m_header_buffer                          0x2000012e   Data           2  ser_phy_nrf51_spi_master.o(.data)
    m_tx_packet_length                       0x20000130   Data           2  ser_phy_nrf51_spi_master.o(.data)
    m_accumulated_tx_packet_length           0x20000132   Data           2  ser_phy_nrf51_spi_master.o(.data)
    m_current_tx_packet_length               0x20000134   Data           2  ser_phy_nrf51_spi_master.o(.data)
    m_rx_packet_length                       0x20000136   Data           2  ser_phy_nrf51_spi_master.o(.data)
    m_accumulated_rx_packet_length           0x20000138   Data           2  ser_phy_nrf51_spi_master.o(.data)
    m_current_rx_packet_length               0x2000013a   Data           2  ser_phy_nrf51_spi_master.o(.data)
    mp_tx_buffer                             0x2000013c   Data           4  ser_phy_nrf51_spi_master.o(.data)
    mp_rx_buffer                             0x20000140   Data           4  ser_phy_nrf51_spi_master.o(.data)
    m_callback_events_handler                0x20000144   Data           4  ser_phy_nrf51_spi_master.o(.data)
    .data                                    0x20000148   Section        4  system_nrf51.o(.data)
    __tagsym$$used                           0x20000148   Number         0  system_nrf51.o(.data)
    .bss                                     0x2000014c   Section     1024  main.o(.bss)
    APP_TIMER_BUF                            0x2000014c   Data         840  main.o(.bss)
    EVT_BUFFER                               0x20000494   Data          80  main.o(.bss)
    app_gpiote_buf                           0x200004e4   Data          20  main.o(.bss)
    m_tps                                    0x200004f8   Data          10  main.o(.bss)
    m_ias                                    0x20000504   Data          16  main.o(.bss)
    m_lls                                    0x20000514   Data          20  main.o(.bss)
    m_bas                                    0x20000528   Data          24  main.o(.bss)
    m_ias_c                                  0x20000540   Data          12  main.o(.bss)
    .bss                                     0x2000054c   Section      264  device_manager_peripheral.o(.bss)
    m_peer_table                             0x2000054c   Data         196  device_manager_peripheral.o(.bss)
    m_bond_table                             0x20000610   Data          24  device_manager_peripheral.o(.bss)
    m_gatts_table                            0x20000628   Data          20  device_manager_peripheral.o(.bss)
    m_connection_table                       0x2000063c   Data          12  device_manager_peripheral.o(.bss)
    m_application_table                      0x20000648   Data          12  device_manager_peripheral.o(.bss)
    .bss                                     0x20000654   Section       28  ble_conn_params.o(.bss)
    m_conn_params_config                     0x20000654   Data          28  ble_conn_params.o(.bss)
    .bss                                     0x20000670   Section       12  app_mw_ble.o(.bss)
    mp_out_params                            0x20000670   Data          12  app_mw_ble.o(.bss)
    .bss                                     0x2000067c   Section       12  app_mw_ble_gatts.o(.bss)
    mp_out_params                            0x2000067c   Data          12  app_mw_ble_gatts.o(.bss)
    .bss                                     0x20000688   Section      412  ser_softdevice_handler.o(.bss)
    .bss                                     0x20000824   Section      768  ser_hal_transport.o(.bss)
    m_tx_buffer                              0x20000824   Data         384  ser_hal_transport.o(.bss)
    m_rx_buffer                              0x200009a4   Data         384  ser_hal_transport.o(.bss)
    .bss                                     0x20000b24   Section       16  pstorage.o(.bss)
    m_app_table                              0x20000b24   Data          16  pstorage.o(.bss)
    .bss                                     0x20000b34   Section       16  app_gpiote_fast_detect.o(.bss)
    m_app_gpiote_input_event_handlers        0x20000b34   Data          16  app_gpiote_fast_detect.o(.bss)
    .bss                                     0x20000b44   Section      255  ser_phy_nrf51_spi_master.o(.bss)
    m_frame_buffer                           0x20000b44   Data         255  ser_phy_nrf51_spi_master.o(.bss)
    .bss                                     0x20000c44   Section       40  spi_master.o(.bss)
    m_spi_master_instances                   0x20000c44   Data          40  spi_master.o(.bss)
    STACK                                    0x20000c70   Section     2048  arm_startup_nrf51.o(STACK)

    Global Symbols

    Symbol Name                              Value     Ov Type        Size  Object(Section)

    BuildAttributes$$THM_ISAv3M$S$PE$A:L22$X:L11$S22$IEEE1$IW$USESV6$~STKCKD$USESV7$~SHL$OSPACE$EBA8$MICROLIB$REQ8$PRES8$EABIv2 0x00000000   Number         0  anon$$obj.o ABSOLUTE
    __ARM_use_no_argv                        0x00000000   Number         0  main.o ABSOLUTE
    __Vectors                                0x00000000   Data           4  arm_startup_nrf51.o(RESET)
    __cpp_initialize__aeabi_                  - Undefined Weak Reference
    __cxa_finalize                            - Undefined Weak Reference
    _clock_init                               - Undefined Weak Reference
    _microlib_exit                            - Undefined Weak Reference
    __Vectors_End                            0x000000c0   Data           0  arm_startup_nrf51.o(RESET)
    __Vectors_Size                           0x000000c0   Number         0  arm_startup_nrf51.o ABSOLUTE
    __main                                   0x000000c1   Thumb Code     0  entry.o(.ARM.Collect$$$$00000000)
    _main_stk                                0x000000c1   Thumb Code     0  entry2.o(.ARM.Collect$$$$00000001)
    _main_scatterload                        0x000000c5   Thumb Code     0  entry5.o(.ARM.Collect$$$$00000004)
    __main_after_scatterload                 0x000000c9   Thumb Code     0  entry5.o(.ARM.Collect$$$$00000004)
    _main_clock                              0x000000c9   Thumb Code     0  entry7b.o(.ARM.Collect$$$$00000008)
    _main_cpp_init                           0x000000c9   Thumb Code     0  entry8b.o(.ARM.Collect$$$$0000000A)
    _main_init                               0x000000c9   Thumb Code     0  entry9a.o(.ARM.Collect$$$$0000000B)
    __rt_final_cpp                           0x000000d1   Thumb Code     0  entry10a.o(.ARM.Collect$$$$0000000D)
    __rt_final_exit                          0x000000d1   Thumb Code     0  entry11a.o(.ARM.Collect$$$$0000000F)
    __asm___11_app_timer_c_cd27f9c3__nrf_delay_us 0x000000d5   Thumb Code    30  app_timer.o(.emb_text)
    __asm___11_nrf_delay_c_532987f3__nrf_delay_us 0x000000f5   Thumb Code    30  nrf_delay.o(.emb_text)
    app_error_handler                        0x00000115   Thumb Code    16  main.o(.text)
    assert_nrf_callback                      0x00000125   Thumb Code    16  main.o(.text)
    ADC_IRQHandler                           0x0000013d   Thumb Code    90  main.o(.text)
    main                                     0x00000683   Thumb Code   174  main.o(.text)
    ble_bas_on_ble_evt                       0x00000bad   Thumb Code    86  ble_bas.o(.text)
    ble_bas_init                             0x00000d35   Thumb Code    58  ble_bas.o(.text)
    ble_bas_battery_level_update             0x00000d6f   Thumb Code   100  ble_bas.o(.text)
    ble_ias_on_ble_evt                       0x00000de5   Thumb Code    42  ble_ias.o(.text)
    ble_ias_init                             0x00000e0f   Thumb Code    48  ble_ias.o(.text)
    ble_ias_c_init                           0x00000ec9   Thumb Code    40  ble_ias_c.o(.text)
    ble_ias_c_on_ble_evt                     0x00000ef1   Thumb Code   132  ble_ias_c.o(.text)
    ble_ias_c_send_alert_level               0x00000f75   Thumb Code    52  ble_ias_c.o(.text)
    ble_lls_alert_level_get                  0x00001005   Thumb Code    22  ble_lls.o(.text)
    ble_lls_on_ble_evt                       0x0000101b   Thumb Code    78  ble_lls.o(.text)
    ble_lls_init                             0x00001069   Thumb Code    58  ble_lls.o(.text)
    ble_tps_init                             0x00001135   Thumb Code    40  ble_tps.o(.text)
    ble_advdata_set                          0x00001423   Thumb Code   104  ble_advdata.o(.text)
    RTC1_IRQHandler                          0x00001887   Thumb Code    22  app_timer.o(.text)
    SWI0_IRQHandler                          0x0000189d   Thumb Code    76  app_timer.o(.text)
    app_timer_init                           0x000018e9   Thumb Code   166  app_timer.o(.text)
    app_timer_create                         0x0000198f   Thumb Code    72  app_timer.o(.text)
    app_timer_start                          0x00001a21   Thumb Code   212  app_timer.o(.text)
    app_timer_stop                           0x00001af5   Thumb Code    82  app_timer.o(.text)
    app_button_init                          0x00001e5d   Thumb Code    94  app_button.o(.text)
    app_button_enable                        0x00001ebb   Thumb Code    22  app_button.o(.text)
    app_button_disable                       0x00001ed1   Thumb Code    32  app_button.o(.text)
    softdevice_assertion_handler             0x00001f31   Thumb Code    12  softdevice_handler.o(.text)
    intern_softdevice_events_execute         0x00001f3d   Thumb Code   128  softdevice_handler.o(.text)
    softdevice_handler_init                  0x00001fbd   Thumb Code    44  softdevice_handler.o(.text)
    softdevice_ble_evt_handler_set           0x00001fe9   Thumb Code    16  softdevice_handler.o(.text)
    softdevice_sys_evt_handler_set           0x00001ff9   Thumb Code    16  softdevice_handler.o(.text)
    SWI2_IRQHandler                          0x00002009   Thumb Code    34  softdevice_handler.o(.text)
    dm_handle_initialize                     0x0000222b   Thumb Code    24  device_manager_peripheral.o(.text)
    dm_init                                  0x00002389   Thumb Code   172  device_manager_peripheral.o(.text)
    dm_register                              0x00002435   Thumb Code   118  device_manager_peripheral.o(.text)
    dm_whitelist_create                      0x000024ab   Thumb Code   138  device_manager_peripheral.o(.text)
    bond_data_load                           0x000025cf   Thumb Code    62  device_manager_peripheral.o(.text)
    dm_ble_evt_handler                       0x0000260d   Thumb Code   840  device_manager_peripheral.o(.text)
    ble_conn_params_init                     0x00002a4f   Thumb Code    76  ble_conn_params.o(.text)
    ble_conn_params_on_ble_evt               0x00002af5   Thumb Code   134  ble_conn_params.o(.text)
    ble_srv_report_ref_encode                0x00002ba5   Thumb Code    12  ble_srv_common.o(.text)
    CRITICAL_REGION_ENTER                    0x00002bb1   Thumb Code    12  app_util_platform.o(.text)
    CRITICAL_REGION_EXIT                     0x00002bbd   Thumb Code    14  app_util_platform.o(.text)
    ble_enable_req_enc                       0x00002bd1   Thumb Code    60  ble_enable.o(.text)
    ble_enable_rsp_dec                       0x00002c0d   Thumb Code    12  ble_enable.o(.text)
    ble_event_dec                            0x00002c1d   Thumb Code   526  ble_event.o(.text)
    ble_evt_tx_complete_dec                  0x00002e2b   Thumb Code   102  ble_evt_tx_complete.o(.text)
    ble_gap_adv_data_set_req_enc             0x00002e91   Thumb Code    94  ble_gap_adv_data_set.o(.text)
    ble_gap_adv_data_set_rsp_dec             0x00002eef   Thumb Code    12  ble_gap_adv_data_set.o(.text)
    ble_gap_adv_start_req_enc                0x00002efb   Thumb Code   214  ble_gap_adv_start.o(.text)
    ble_gap_adv_start_rsp_dec                0x00002fd1   Thumb Code    12  ble_gap_adv_start.o(.text)
    ble_gap_appearance_get_req_enc           0x00003037   Thumb Code    42  ble_gap_appearance_get.o(.text)
    ble_gap_appearance_get_rsp_dec           0x00003061   Thumb Code    86  ble_gap_appearance_get.o(.text)
    ble_gap_appearance_set_req_enc           0x000030b7   Thumb Code    40  ble_gap_appearance_set.o(.text)
    ble_gap_appearance_set_rsp_dec           0x000030df   Thumb Code    12  ble_gap_appearance_set.o(.text)
    ble_gap_conn_param_update_req_enc        0x000030eb   Thumb Code   114  ble_gap_conn_param_update.o(.text)
    ble_gap_conn_param_update_rsp_dec        0x0000315d   Thumb Code    12  ble_gap_conn_param_update.o(.text)
    ble_gap_device_name_get_req_enc          0x00003173   Thumb Code    86  ble_gap_device_name_get.o(.text)
    ble_gap_device_name_get_rsp_dec          0x000031c9   Thumb Code    94  ble_gap_device_name_get.o(.text)
    ble_gap_device_name_set_req_enc          0x00003227   Thumb Code   126  ble_gap_device_name_set.o(.text)
    ble_gap_device_name_set_rsp_dec          0x000032a5   Thumb Code    12  ble_gap_device_name_set.o(.text)
    ble_gap_disconnect_req_enc               0x000032b1   Thumb Code    44  ble_gap_disconnect.o(.text)
    ble_gap_disconnect_rsp_dec               0x000032dd   Thumb Code    12  ble_gap_disconnect.o(.text)
    ble_gap_evt_auth_key_request_dec         0x000032e9   Thumb Code   100  ble_gap_evt_auth_key_request.o(.text)
    ble_gap_evt_auth_status_dec              0x0000334d   Thumb Code   480  ble_gap_evt_auth_status.o(.text)
    ble_gap_evt_conn_param_update_dec        0x0000352d   Thumb Code   142  ble_gap_evt_conn_param_update.o(.text)
    ble_gap_evt_conn_sec_update_dec          0x000035bb   Thumb Code   140  ble_gap_evt_conn_sec_update.o(.text)
    ble_gap_evt_connected_dec                0x00003647   Thumb Code   204  ble_gap_evt_connected.o(.text)
    ble_gap_evt_disconnected_dec             0x00003713   Thumb Code   100  ble_gap_evt_disconnected.o(.text)
    ble_gap_evt_passkey_display_dec          0x00003777   Thumb Code   108  ble_gap_evt_passkey_display.o(.text)
    ble_gap_evt_rssi_changed_dec             0x000037e3   Thumb Code   100  ble_gap_evt_rssi_changed.o(.text)
    ble_gap_evt_sec_info_request_dec         0x00003847   Thumb Code   206  ble_gap_evt_sec_info_request.o(.text)
    ble_gap_evt_sec_params_request_dec       0x00003915   Thumb Code   186  ble_gap_evt_sec_params_request.o(.text)
    ble_gap_evt_timeout_dec                  0x000039cf   Thumb Code    98  ble_gap_evt_timeout.o(.text)
    ble_gap_ppcp_get_req_enc                 0x00003a31   Thumb Code    42  ble_gap_ppcp_get.o(.text)
    ble_gap_ppcp_get_rsp_dec                 0x00003a5b   Thumb Code   122  ble_gap_ppcp_get.o(.text)
    ble_gap_ppcp_set_req_enc                 0x00003ad5   Thumb Code   102  ble_gap_ppcp_set.o(.text)
    ble_gap_ppcp_set_rsp_dec                 0x00003b3b   Thumb Code    12  ble_gap_ppcp_set.o(.text)
    ble_gap_sec_info_reply_req_enc           0x00003b51   Thumb Code   142  ble_gap_sec_info_reply.o(.text)
    ble_gap_sec_info_reply_rsp_dec           0x00003bdf   Thumb Code    12  ble_gap_sec_info_reply.o(.text)
    ble_gap_sec_params_reply_req_enc         0x00003beb   Thumb Code   118  ble_gap_sec_params_reply.o(.text)
    ble_gap_sec_params_reply_rsp_dec         0x00003c61   Thumb Code    12  ble_gap_sec_params_reply.o(.text)
    ble_gap_tx_power_set_req_enc             0x00003c6d   Thumb Code    70  ble_gap_tx_power_set.o(.text)
    ble_gap_tx_power_set_rsp_dec             0x00003cb3   Thumb Code    12  ble_gap_tx_power_set.o(.text)
    ble_gattc_characteristics_discover_req_enc 0x00003cbf   Thumb Code    88  ble_gattc_characteristics_discover.o(.text)
    ble_gattc_characteristics_discover_rsp_dec 0x00003d17   Thumb Code    12  ble_gattc_characteristics_discover.o(.text)
    ble_gattc_evt_char_disc_rsp_dec          0x00003d23   Thumb Code   418  ble_gattc_evt_char_disc_rsp.o(.text)
    ble_gattc_evt_char_val_by_uuid_read_rsp_dec 0x00003ec5   Thumb Code   160  ble_gattc_evt_char_val_by_uuid_read_rsp.o(.text)
    ble_gattc_evt_char_vals_read_rsp_dec     0x00003f65   Thumb Code   126  ble_gattc_evt_char_vals_read_rsp.o(.text)
    ble_gattc_evt_desc_disc_rsp_dec          0x00003fe3   Thumb Code   232  ble_gattc_evt_desc_disc_rsp.o(.text)
    ble_gattc_evt_hvx_dec                    0x000040cb   Thumb Code   204  ble_gattc_evt_hvx.o(.text)
    ble_gattc_evt_prim_srvc_disc_rsp_dec     0x00004197   Thumb Code   246  ble_gattc_evt_prim_srvc_disc_rsp.o(.text)
    ble_gattc_evt_read_rsp_dec               0x0000428d   Thumb Code   204  ble_gattc_evt_read_rsp.o(.text)
    ble_gattc_evt_rel_disc_rsp_dec           0x00004359   Thumb Code   144  ble_gattc_evt_rel_disc_rsp.o(.text)
    ble_gattc_evt_timeout_dec                0x000043e9   Thumb Code   102  ble_gattc_evt_timeout.o(.text)
    ble_gattc_evt_write_rsp_dec              0x0000444f   Thumb Code   218  ble_gattc_evt_write_rsp.o(.text)
    ble_gattc_primary_services_discover_req_enc 0x00004529   Thumb Code    92  ble_gattc_primary_services_discover.o(.text)
    ble_gattc_primary_services_discover_rsp_dec 0x00004585   Thumb Code    12  ble_gattc_primary_services_discover.o(.text)
    ble_gattc_write_req_enc                  0x00004591   Thumb Code   164  ble_gattc_write.o(.text)
    ble_gattc_write_rsp_dec                  0x00004635   Thumb Code    12  ble_gattc_write.o(.text)
    ble_gatts_characteristic_add_req_enc     0x0000464d   Thumb Code   130  ble_gatts_characteristic_add.o(.text)
    ble_gatts_characteristic_add_rsp_dec     0x000046cf   Thumb Code    88  ble_gatts_characteristic_add.o(.text)
    ble_gatts_descriptor_add_req_enc         0x00004735   Thumb Code   114  ble_gatts_descriptor_add.o(.text)
    ble_gatts_descriptor_add_rsp_dec         0x000047a7   Thumb Code    90  ble_gatts_descriptor_add.o(.text)
    ble_gatts_evt_hvc_dec                    0x00004805   Thumb Code   100  ble_gatts_evt_hvc.o(.text)
    ble_gatts_evt_rw_authorize_request_dec   0x00004869   Thumb Code   114  ble_gatts_evt_rw_authorize_request.o(.text)
    ble_gatts_evt_sc_confirm_dec             0x000048db   Thumb Code    80  ble_gatts_evt_sc_confirm.o(.text)
    ble_gatts_evt_sys_attr_missing_dec       0x0000492b   Thumb Code   100  ble_gatts_evt_sys_attr_missing.o(.text)
    ble_gatts_evt_timeout_dec                0x0000498f   Thumb Code   100  ble_gatts_evt_timeout.o(.text)
    ble_gatts_evt_write_dec                  0x000049f3   Thumb Code   110  ble_gatts_evt_write.o(.text)
    ble_gatts_hvx_req_enc                    0x00004a61   Thumb Code   218  ble_gatts_hvx.o(.text)
    ble_gatts_hvx_rsp_dec                    0x00004b3b   Thumb Code    84  ble_gatts_hvx.o(.text)
    ble_gatts_service_add_req_enc            0x00004b9d   Thumb Code    98  ble_gatts_service_add.o(.text)
    ble_gatts_service_add_rsp_dec            0x00004bff   Thumb Code    92  ble_gatts_service_add.o(.text)
    ble_gatts_sys_attr_get_req_enc           0x00004c5b   Thumb Code    94  ble_gatts_sys_attr_get.o(.text)
    ble_gatts_sys_attr_get_rsp_dec           0x00004cb9   Thumb Code   168  ble_gatts_sys_attr_get.o(.text)
    ble_gatts_sys_attr_set_req_enc           0x00004d61   Thumb Code    96  ble_gatts_sys_attr_set.o(.text)
    ble_gatts_sys_attr_set_rsp_dec           0x00004dc1   Thumb Code    12  ble_gatts_sys_attr_set.o(.text)
    ble_gatts_value_get_req_enc              0x00004dcd   Thumb Code    98  ble_gatts_value_get.o(.text)
    ble_gatts_value_get_rsp_dec              0x00004e2f   Thumb Code   132  ble_gatts_value_get.o(.text)
    ble_gatts_value_set_req_enc              0x00004eb9   Thumb Code   138  ble_gatts_value_set.o(.text)
    ble_gatts_value_set_rsp_dec              0x00004f43   Thumb Code    86  ble_gatts_value_set.o(.text)
    ble_l2cap_evt_rx_dec                     0x00004f99   Thumb Code   114  ble_l2cap_evt_rx.o(.text)
    ble_uuid_encode_req_enc                  0x0000500b   Thumb Code   110  ble_uuid_encode.o(.text)
    ble_uuid_encode_rsp_dec                  0x00005079   Thumb Code   118  ble_uuid_encode.o(.text)
    power_system_off_req_enc                 0x000050ef   Thumb Code    34  power_system_off.o(.text)
    ble_gap_irk_enc                          0x00005111   Thumb Code    38  ble_gap_struct_serialization.o(.text)
    ble_gap_irk_dec                          0x00005137   Thumb Code    38  ble_gap_struct_serialization.o(.text)
    ble_gap_conn_sec_mode_enc                0x0000515d   Thumb Code    16  ble_gap_struct_serialization.o(.text)
    ble_gap_conn_sec_mode_dec                0x0000516d   Thumb Code    60  ble_gap_struct_serialization.o(.text)
    ble_gap_conn_sec_t_dec                   0x000051a9   Thumb Code    48  ble_gap_struct_serialization.o(.text)
    ble_gap_opt_local_conn_latency_t_dec     0x000051d9   Thumb Code    62  ble_gap_struct_serialization.o(.text)
    ble_gap_opt_passkey_t_dec                0x00005217   Thumb Code    26  ble_gap_struct_serialization.o(.text)
    ble_gap_opt_privacy_t_dec                0x00005231   Thumb Code    48  ble_gap_struct_serialization.o(.text)
    ble_gattc_evt_char_val_by_uuid_read_rsp_t_dec 0x00005269   Thumb Code   196  ble_gattc_struct_serialization.o(.text)
    ble_gattc_evt_char_vals_read_rsp_t_dec   0x0000532d   Thumb Code    62  ble_gattc_struct_serialization.o(.text)
    ble_gattc_handle_range_t_enc             0x0000536b   Thumb Code    32  ble_gattc_struct_serialization.o(.text)
    ble_gattc_handle_range_t_dec             0x0000538b   Thumb Code    48  ble_gattc_struct_serialization.o(.text)
    ble_gattc_service_t_dec                  0x000053bb   Thumb Code    32  ble_gattc_struct_serialization.o(.text)
    ble_gattc_include_t_dec                  0x000053db   Thumb Code    32  ble_gattc_struct_serialization.o(.text)
    ble_gattc_evt_rel_disc_rsp_t_dec         0x000053fb   Thumb Code    64  ble_gattc_struct_serialization.o(.text)
    ser_ble_gatts_char_pf_dec                0x0000543d   Thumb Code    80  ble_gatts_struct_serialization.o(.text)
    ser_ble_gatts_char_pf_enc                0x0000548d   Thumb Code    80  ble_gatts_struct_serialization.o(.text)
    ble_gatts_attr_md_enc                    0x000054dd   Thumb Code    90  ble_gatts_struct_serialization.o(.text)
    ble_gatts_attr_md_dec                    0x00005537   Thumb Code   118  ble_gatts_struct_serialization.o(.text)
    ble_gatts_char_md_enc                    0x000055ad   Thumb Code   240  ble_gatts_struct_serialization.o(.text)
    ble_gatts_attr_enc                       0x0000569d   Thumb Code   108  ble_gatts_struct_serialization.o(.text)
    ble_gatts_char_handles_dec               0x00005709   Thumb Code    68  ble_gatts_struct_serialization.o(.text)
    ble_gatts_attr_context_t_dec             0x0000574d   Thumb Code   112  ble_gatts_struct_serialization.o(.text)
    ble_gatts_evt_write_t_dec                0x000057bd   Thumb Code   212  ble_gatts_struct_serialization.o(.text)
    ble_gatts_evt_read_t_dec                 0x00005891   Thumb Code   118  ble_gatts_struct_serialization.o(.text)
    ble_gatts_evt_rw_authorize_request_t_dec 0x00005907   Thumb Code   142  ble_gatts_struct_serialization.o(.text)
    ble_gatts_read_authorize_params_t_enc    0x00005995   Thumb Code    76  ble_gatts_struct_serialization.o(.text)
    ble_gatts_write_authorize_params_t_enc   0x000059e1   Thumb Code     8  ble_gatts_struct_serialization.o(.text)
    ble_gatts_rw_authorize_reply_params_t_enc 0x000059e9   Thumb Code    60  ble_gatts_struct_serialization.o(.text)
    ble_uuid_t_enc                           0x00005a31   Thumb Code    32  ble_struct_serialization.o(.text)
    ble_uuid_t_dec                           0x00005a51   Thumb Code    44  ble_struct_serialization.o(.text)
    ble_uuid128_t_enc                        0x00005a7d   Thumb Code    40  ble_struct_serialization.o(.text)
    ble_l2cap_header_t_dec                   0x00005aa5   Thumb Code    46  ble_struct_serialization.o(.text)
    ble_l2cap_evt_rx_t_dec                   0x00005ad3   Thumb Code   132  ble_struct_serialization.o(.text)
    ble_enable_params_t_enc                  0x00005b57   Thumb Code    30  ble_struct_serialization.o(.text)
    ser_ble_cmd_rsp_result_code_dec          0x00005b75   Thumb Code    62  ble_serialization.o(.text)
    ser_ble_cmd_rsp_dec                      0x00005bb3   Thumb Code    38  ble_serialization.o(.text)
    uint32_t_dec                             0x00005bd9   Thumb Code    52  ble_serialization.o(.text)
    uint16_t_enc                             0x00005c0d   Thumb Code    34  ble_serialization.o(.text)
    uint16_t_dec                             0x00005c2f   Thumb Code    36  ble_serialization.o(.text)
    uint16_dec                               0x00005c53   Thumb Code    30  ble_serialization.o(.text)
    uint8_t_enc                              0x00005c71   Thumb Code    26  ble_serialization.o(.text)
    uint8_t_dec                              0x00005c8b   Thumb Code    26  ble_serialization.o(.text)
    uint8_dec                                0x00005ca5   Thumb Code    22  ble_serialization.o(.text)
    int8_dec                                 0x00005cbb   Thumb Code    22  ble_serialization.o(.text)
    buf_enc                                  0x00005cd1   Thumb Code    82  ble_serialization.o(.text)
    len8data_enc                             0x00005d23   Thumb Code    46  ble_serialization.o(.text)
    buf_dec                                  0x00005d51   Thumb Code   102  ble_serialization.o(.text)
    len16data_enc                            0x00005db7   Thumb Code    46  ble_serialization.o(.text)
    len16data_dec                            0x00005de5   Thumb Code    48  ble_serialization.o(.text)
    cond_field_enc                           0x00005e29   Thumb Code    50  cond_field_serialization.o(.text)
    cond_field_dec                           0x00005e5b   Thumb Code    94  cond_field_serialization.o(.text)
    sd_ble_uuid_encode                       0x00005ed7   Thumb Code    70  app_mw_ble.o(.text)
    sd_ble_enable                            0x00005f37   Thumb Code    60  app_mw_ble.o(.text)
    sd_ble_gap_adv_start                     0x00005fc1   Thumb Code    58  app_mw_ble_gap.o(.text)
    sd_ble_gap_device_name_get               0x00006019   Thumb Code    68  app_mw_ble_gap.o(.text)
    sd_ble_gap_appearance_get                0x00006079   Thumb Code    62  app_mw_ble_gap.o(.text)
    sd_ble_gap_device_name_set               0x000060cf   Thumb Code    68  app_mw_ble_gap.o(.text)
    sd_ble_gap_appearance_set                0x0000612d   Thumb Code    60  app_mw_ble_gap.o(.text)
    sd_ble_gap_ppcp_set                      0x00006183   Thumb Code    60  app_mw_ble_gap.o(.text)
    sd_ble_gap_adv_data_set                  0x000061d9   Thumb Code    80  app_mw_ble_gap.o(.text)
    sd_ble_gap_conn_param_update             0x00006243   Thumb Code    64  app_mw_ble_gap.o(.text)
    sd_ble_gap_disconnect                    0x0000629d   Thumb Code    64  app_mw_ble_gap.o(.text)
    sd_ble_gap_sec_info_reply                0x000062f7   Thumb Code    70  app_mw_ble_gap.o(.text)
    sd_ble_gap_sec_params_reply              0x0000635b   Thumb Code   122  app_mw_ble_gap.o(.text)
    sd_ble_gap_ppcp_get                      0x000063f5   Thumb Code    64  app_mw_ble_gap.o(.text)
    sd_ble_gap_tx_power_set                  0x00006451   Thumb Code    60  app_mw_ble_gap.o(.text)
    sd_ble_gattc_primary_services_discover   0x000064dd   Thumb Code    68  app_mw_ble_gattc.o(.text)
    sd_ble_gattc_characteristics_discover    0x00006539   Thumb Code    62  app_mw_ble_gattc.o(.text)
    sd_ble_gattc_write                       0x00006591   Thumb Code    64  app_mw_ble_gattc.o(.text)
    sd_ble_gatts_sys_attr_set                0x00006619   Thumb Code    68  app_mw_ble_gatts.o(.text)
    sd_ble_gatts_hvx                         0x00006677   Thumb Code    76  app_mw_ble_gatts.o(.text)
    sd_ble_gatts_service_add                 0x000066df   Thumb Code    72  app_mw_ble_gatts.o(.text)
    sd_ble_gatts_characteristic_add          0x00006743   Thumb Code    84  app_mw_ble_gatts.o(.text)
    sd_ble_gatts_descriptor_add              0x000067b9   Thumb Code    74  app_mw_ble_gatts.o(.text)
    sd_ble_gatts_value_get                   0x00006823   Thumb Code    84  app_mw_ble_gatts.o(.text)
    sd_ble_gatts_value_set                   0x00006895   Thumb Code    80  app_mw_ble_gatts.o(.text)
    sd_ble_gatts_sys_attr_get                0x00006905   Thumb Code    76  app_mw_ble_gatts.o(.text)
    sd_power_system_off                      0x0000699d   Thumb Code    58  app_mw_nrf_soc.o(.text)
    sd_evt_get                               0x00006a59   Thumb Code     4  ser_softdevice_handler.o(.text)
    sd_ble_evt_get                           0x00006a5d   Thumb Code    40  ser_softdevice_handler.o(.text)
    sd_softdevice_enable                     0x00006a85   Thumb Code    64  ser_softdevice_handler.o(.text)
    sd_nvic_EnableIRQ                        0x00006ac5   Thumb Code    22  ser_softdevice_handler.o(.text)
    sd_app_evt_wait                          0x00006adb   Thumb Code    10  ser_softdevice_handler.o(.text)
    ser_sd_transport_rx_free                 0x00006af9   Thumb Code    10  ser_sd_transport.o(.text)
    ser_sd_transport_open                    0x00006b3b   Thumb Code    32  ser_sd_transport.o(.text)
    ser_sd_transport_is_busy                 0x00006b5b   Thumb Code     6  ser_sd_transport.o(.text)
    ser_sd_transport_tx_alloc                0x00006b61   Thumb Code    20  ser_sd_transport.o(.text)
    ser_sd_transport_cmd_write               0x00006b75   Thumb Code    62  ser_sd_transport.o(.text)
    ser_hal_transport_tx_pkt_free            0x00006c25   Thumb Code    44  ser_hal_transport.o(.text)
    ser_hal_transport_open                   0x00006dc3   Thumb Code    58  ser_hal_transport.o(.text)
    ser_hal_transport_rx_pkt_free            0x00006dfd   Thumb Code    82  ser_hal_transport.o(.text)
    ser_hal_transport_tx_pkt_alloc           0x00006e4f   Thumb Code    54  ser_hal_transport.o(.text)
    ser_hal_transport_tx_pkt_send            0x00006e85   Thumb Code    90  ser_hal_transport.o(.text)
    app_mailbox_create                       0x00006ef5   Thumb Code    50  app_mailbox.o(.text)
    app_mailbox_put                          0x00006f27   Thumb Code    84  app_mailbox.o(.text)
    app_mailbox_get                          0x00006f7b   Thumb Code    84  app_mailbox.o(.text)
    nrf_delay_ms                             0x00006fd1   Thumb Code    24  nrf_delay.o(.text)
    ble_flash_block_write                    0x00007045   Thumb Code    36  ble_flash.o(.text)
    ble_flash_page_erase                     0x00007069   Thumb Code    22  ble_flash.o(.text)
    ser_app_hal_hw_init                      0x000070c9   Thumb Code    34  ser_app_hal_nrf51.o(.text)
    ser_app_hal_wait_for_event               0x000070eb   Thumb Code     4  ser_app_hal_nrf51.o(.text)
    ser_app_hal_delay                        0x000070ef   Thumb Code     8  ser_app_hal_nrf51.o(.text)
    ser_app_hal_nrf_reset_pin_clear          0x000070f7   Thumb Code    10  ser_app_hal_nrf51.o(.text)
    ser_app_hal_nrf_reset_pin_set            0x00007101   Thumb Code    10  ser_app_hal_nrf51.o(.text)
    ser_app_hal_nrf_evt_irq_enable           0x0000710b   Thumb Code    20  ser_app_hal_nrf51.o(.text)
    ser_app_hal_nrf_evt_pending              0x0000711f   Thumb Code    10  ser_app_hal_nrf51.o(.text)
    ser_app_hal_nrf_irq_enable               0x00007129   Thumb Code    14  ser_app_hal_nrf51.o(.text)
    sd_nvic_ClearPendingIRQ                  0x00007137   Thumb Code    18  ser_app_hal_nrf51.o(.text)
    sd_nvic_DisableIRQ                       0x00007149   Thumb Code    18  ser_app_hal_nrf51.o(.text)
    sd_nvic_SetPriority                      0x0000715b   Thumb Code    10  ser_app_hal_nrf51.o(.text)
    sd_nvic_critical_region_enter            0x00007165   Thumb Code    22  ser_app_hal_nrf51.o(.text)
    sd_nvic_critical_region_exit             0x0000717b   Thumb Code    20  ser_app_hal_nrf51.o(.text)
    pstorage_init                            0x000071b5   Thumb Code    50  pstorage.o(.text)
    pstorage_register                        0x000071e7   Thumb Code   190  pstorage.o(.text)
    pstorage_block_identifier_get            0x000072a5   Thumb Code    74  pstorage.o(.text)
    pstorage_store                           0x000072ef   Thumb Code   140  pstorage.o(.text)
    pstorage_update                          0x0000737b   Thumb Code   382  pstorage.o(.text)
    pstorage_load                            0x000074f9   Thumb Code   144  pstorage.o(.text)
    pstorage_clear                           0x00007589   Thumb Code   132  pstorage.o(.text)
    pstorage_sys_event_handler               0x0000760d   Thumb Code     2  pstorage.o(.text)
    pstorage_access_status_get               0x0000760f   Thumb Code    12  pstorage.o(.text)
    GPIOTE_IRQHandler                        0x000076c1   Thumb Code   176  app_gpiote_fast_detect.o(.text)
    SWI1_IRQHandler                          0x00007771   Thumb Code   122  app_gpiote_fast_detect.o(.text)
    app_gpiote_enable_interrupts             0x0000781f   Thumb Code    40  app_gpiote_fast_detect.o(.text)
    app_gpiote_init                          0x00007847   Thumb Code    48  app_gpiote_fast_detect.o(.text)
    app_gpiote_user_register                 0x00007877   Thumb Code    70  app_gpiote_fast_detect.o(.text)
    app_gpiote_input_event_handler_register  0x000078bd   Thumb Code    84  app_gpiote_fast_detect.o(.text)
    app_gpiote_end_irq_event_handler_register 0x00007911   Thumb Code     8  app_gpiote_fast_detect.o(.text)
    app_gpiote_user_enable                   0x00007919   Thumb Code   130  app_gpiote_fast_detect.o(.text)
    app_gpiote_user_disable                  0x0000799b   Thumb Code    56  app_gpiote_fast_detect.o(.text)
    app_gpiote_pins_state_get                0x000079d3   Thumb Code    42  app_gpiote_fast_detect.o(.text)
    ser_app_power_system_off_set             0x00007a29   Thumb Code     8  ser_app_power_system_off.o(.text)
    ser_app_power_system_off_get             0x00007a31   Thumb Code     6  ser_app_power_system_off.o(.text)
    ser_app_power_system_off_enter           0x00007a37   Thumb Code     8  ser_app_power_system_off.o(.text)
    PendSV_Handler                           0x00007c6f   Thumb Code    78  ser_phy_nrf51_spi_master.o(.text)
    ser_phy_spi_master_ready                 0x00007cbd   Thumb Code    28  ser_phy_nrf51_spi_master.o(.text)
    ser_phy_spi_master_request               0x00007cd9   Thumb Code    28  ser_phy_nrf51_spi_master.o(.text)
    ser_phy_spi_master_irq_end               0x00007cf5   Thumb Code    28  ser_phy_nrf51_spi_master.o(.text)
    ser_phy_tx_pkt_send                      0x00007d2d   Thumb Code    64  ser_phy_nrf51_spi_master.o(.text)
    ser_phy_rx_buf_set                       0x00007d6d   Thumb Code    46  ser_phy_nrf51_spi_master.o(.text)
    ser_phy_open                             0x00007d9b   Thumb Code   236  ser_phy_nrf51_spi_master.o(.text)
    ser_phy_interrupts_enable                0x00007e87   Thumb Code    10  ser_phy_nrf51_spi_master.o(.text)
    ser_phy_interrupts_disable               0x00007e91   Thumb Code    12  ser_phy_nrf51_spi_master.o(.text)
    SPI0_TWI0_IRQHandler                     0x00007f53   Thumb Code    34  spi_master.o(.text)
    spi_master_open                          0x00007ffb   Thumb Code   280  spi_master.o(.text)
    spi_master_send_recv                     0x00008113   Thumb Code   228  spi_master.o(.text)
    Reset_Handler                            0x00008399   Thumb Code    26  arm_startup_nrf51.o(.text)
    NMI_Handler                              0x000083b3   Thumb Code     2  arm_startup_nrf51.o(.text)
    HardFault_Handler                        0x000083b5   Thumb Code     2  arm_startup_nrf51.o(.text)
    SVC_Handler                              0x000083b7   Thumb Code     2  arm_startup_nrf51.o(.text)
    SysTick_Handler                          0x000083bb   Thumb Code     2  arm_startup_nrf51.o(.text)
    CCM_AAR_IRQHandler                       0x000083bd   Thumb Code     0  arm_startup_nrf51.o(.text)
    ECB_IRQHandler                           0x000083bd   Thumb Code     0  arm_startup_nrf51.o(.text)
    LPCOMP_IRQHandler                        0x000083bd   Thumb Code     0  arm_startup_nrf51.o(.text)
    POWER_CLOCK_IRQHandler                   0x000083bd   Thumb Code     0  arm_startup_nrf51.o(.text)
    QDEC_IRQHandler                          0x000083bd   Thumb Code     0  arm_startup_nrf51.o(.text)
    RADIO_IRQHandler                         0x000083bd   Thumb Code     0  arm_startup_nrf51.o(.text)
    RNG_IRQHandler                           0x000083bd   Thumb Code     0  arm_startup_nrf51.o(.text)
    RTC0_IRQHandler                          0x000083bd   Thumb Code     0  arm_startup_nrf51.o(.text)
    SPI1_TWI1_IRQHandler                     0x000083bd   Thumb Code     0  arm_startup_nrf51.o(.text)
    SWI3_IRQHandler                          0x000083bd   Thumb Code     0  arm_startup_nrf51.o(.text)
    SWI4_IRQHandler                          0x000083bd   Thumb Code     0  arm_startup_nrf51.o(.text)
    SWI5_IRQHandler                          0x000083bd   Thumb Code     0  arm_startup_nrf51.o(.text)
    TEMP_IRQHandler                          0x000083bd   Thumb Code     0  arm_startup_nrf51.o(.text)
    TIMER0_IRQHandler                        0x000083bd   Thumb Code     0  arm_startup_nrf51.o(.text)
    TIMER1_IRQHandler                        0x000083bd   Thumb Code     0  arm_startup_nrf51.o(.text)
    TIMER2_IRQHandler                        0x000083bd   Thumb Code     0  arm_startup_nrf51.o(.text)
    UART0_IRQHandler                         0x000083bd   Thumb Code     0  arm_startup_nrf51.o(.text)
    WDT_IRQHandler                           0x000083bd   Thumb Code     0  arm_startup_nrf51.o(.text)
    SystemInit                               0x000083d1   Thumb Code    64  system_nrf51.o(.text)
    __aeabi_uidiv                            0x00008469   Thumb Code     0  uidiv.o(.text)
    __aeabi_uidivmod                         0x00008469   Thumb Code    44  uidiv.o(.text)
    __aeabi_idiv                             0x00008495   Thumb Code     0  idiv.o(.text)
    __aeabi_idivmod                          0x00008495   Thumb Code    40  idiv.o(.text)
    __aeabi_memcpy                           0x000084bd   Thumb Code    36  memcpya.o(.text)
    __aeabi_memcpy4                          0x000084bd   Thumb Code     0  memcpya.o(.text)
    __aeabi_memcpy8                          0x000084bd   Thumb Code     0  memcpya.o(.text)
    __aeabi_memset                           0x000084e1   Thumb Code    14  memseta.o(.text)
    __aeabi_memset4                          0x000084e1   Thumb Code     0  memseta.o(.text)
    __aeabi_memset8                          0x000084e1   Thumb Code     0  memseta.o(.text)
    __aeabi_memclr                           0x000084ef   Thumb Code     4  memseta.o(.text)
    __aeabi_memclr4                          0x000084ef   Thumb Code     0  memseta.o(.text)
    __aeabi_memclr8                          0x000084ef   Thumb Code     0  memseta.o(.text)
    _memset$wrapper                          0x000084f3   Thumb Code    18  memseta.o(.text)
    memcmp                                   0x00008505   Thumb Code    26  memcmp.o(.text)
    __aeabi_uread4                           0x0000851f   Thumb Code    20  uread4.o(.text)
    __rt_uread4                              0x0000851f   Thumb Code     0  uread4.o(.text)
    _uread4                                  0x0000851f   Thumb Code     0  uread4.o(.text)
    __scatterload                            0x00008535   Thumb Code    28  init.o(.text)
    __scatterload_rt2                        0x00008535   Thumb Code     0  init.o(.text)
    __decompress                             0x00008559   Thumb Code     0  __dczerorl2.o(.text)
    __decompress1                            0x00008559   Thumb Code    86  __dczerorl2.o(.text)
    __ARM_common_switch8                     0x000085af   Thumb Code    26  ble_event.o(i.__ARM_common_switch8)
    __scatterload_copy                       0x000085c9   Thumb Code    14  handlers.o(i.__scatterload_copy)
    __scatterload_null                       0x000085d7   Thumb Code     2  handlers.o(i.__scatterload_null)
    __scatterload_zeroinit                   0x000085d9   Thumb Code    14  handlers.o(i.__scatterload_zeroinit)
    spi_master_evt_handler_reg               0x000085e9   Thumb Code    26  spi_master.o(i.spi_master_evt_handler_reg)
    m_service_context_store                  0x00008614   Data          16  device_manager_peripheral.o(.constdata)
    m_service_context_load                   0x00008624   Data          16  device_manager_peripheral.o(.constdata)
    m_service_context_apply                  0x00008634   Data          16  device_manager_peripheral.o(.constdata)
    os_mailQ_def_sd_ble_evt_mailbox          0x00008644   Data          12  ser_softdevice_handler.o(.constdata)
    Region$$Table$$Base                      0x000089e4   Number         0  anon$$obj.o(Region$$Table)
    Region$$Table$$Limit                     0x00008a04   Number         0  anon$$obj.o(Region$$Table)
    SystemCoreClock                          0x20000148   Data           4  system_nrf51.o(.data)
    os_mailQ_q_sd_ble_evt_mailbox            0x20000688   Data         412  ser_softdevice_handler.o(.bss)
    __initial_sp                             0x20001470   Data           0  arm_startup_nrf51.o(STACK)



==============================================================================

Memory Map of the image

  Image Entry point : 0x000000c1

  Load Region LR_IROM1 (Base: 0x00000000, Size: 0x00008b50, Max: 0x0001f000, ABSOLUTE, COMPRESSED[0x00008a1c])

    Execution Region ER_IROM1 (Base: 0x00000000, Size: 0x00008a04, Max: 0x0001f000, ABSOLUTE)

    Base Addr    Size         Type   Attr      Idx    E Section Name        Object

    0x00000000   0x000000c0   Data   RO         3610    RESET               arm_startup_nrf51.o
    0x000000c0   0x00000000   Code   RO         3647  * .ARM.Collect$$$$00000000  mc_p.l(entry.o)
    0x000000c0   0x00000004   Code   RO         3668    .ARM.Collect$$$$00000001  mc_p.l(entry2.o)
    0x000000c4   0x00000004   Code   RO         3671    .ARM.Collect$$$$00000004  mc_p.l(entry5.o)
    0x000000c8   0x00000000   Code   RO         3673    .ARM.Collect$$$$00000008  mc_p.l(entry7b.o)
    0x000000c8   0x00000000   Code   RO         3675    .ARM.Collect$$$$0000000A  mc_p.l(entry8b.o)
    0x000000c8   0x00000008   Code   RO         3676    .ARM.Collect$$$$0000000B  mc_p.l(entry9a.o)
    0x000000d0   0x00000000   Code   RO         3678    .ARM.Collect$$$$0000000D  mc_p.l(entry10a.o)
    0x000000d0   0x00000000   Code   RO         3680    .ARM.Collect$$$$0000000F  mc_p.l(entry11a.o)
    0x000000d0   0x00000004   Code   RO         3669    .ARM.Collect$$$$00002712  mc_p.l(entry2.o)
    0x000000d4   0x0000001e   Code   RO          396    .emb_text           app_timer.o
    0x000000f2   0x00000002   PAD
    0x000000f4   0x0000001e   Code   RO         3277    .emb_text           nrf_delay.o
    0x00000112   0x00000002   PAD
    0x00000114   0x00000a98   Code   RO            3    .text               main.o
    0x00000bac   0x00000238   Code   RO          214    .text               ble_bas.o
    0x00000de4   0x000000e4   Code   RO          259    .text               ble_ias.o
    0x00000ec8   0x0000013c   Code   RO          283    .text               ble_ias_c.o
    0x00001004   0x00000130   Code   RO          333    .text               ble_lls.o
    0x00001134   0x000000b8   Code   RO          352    .text               ble_tps.o
    0x000011ec   0x0000047c   Code   RO          373    .text               ble_advdata.o
    0x00001668   0x00000730   Code   RO          397    .text               app_timer.o
    0x00001d98   0x00000198   Code   RO          474    .text               app_button.o
    0x00001f30   0x0000013c   Code   RO          523    .text               softdevice_handler.o
    0x0000206c   0x00000988   Code   RO          692    .text               device_manager_peripheral.o
    0x000029f4   0x000001b0   Code   RO          873    .text               ble_conn_params.o
    0x00002ba4   0x0000000c   Code   RO          960    .text               ble_srv_common.o
    0x00002bb0   0x00000020   Code   RO          980    .text               app_util_platform.o
    0x00002bd0   0x0000004c   Code   RO         1000    .text               ble_enable.o
    0x00002c1c   0x0000020e   Code   RO         1033    .text               ble_event.o
    0x00002e2a   0x00000066   Code   RO         1065    .text               ble_evt_tx_complete.o
    0x00002e90   0x0000006a   Code   RO         1116    .text               ble_gap_adv_data_set.o
    0x00002efa   0x0000013c   Code   RO         1131    .text               ble_gap_adv_start.o
    0x00003036   0x00000080   Code   RO         1164    .text               ble_gap_appearance_get.o
    0x000030b6   0x00000034   Code   RO         1176    .text               ble_gap_appearance_set.o
    0x000030ea   0x00000088   Code   RO         1224    .text               ble_gap_conn_param_update.o
    0x00003172   0x000000b4   Code   RO         1257    .text               ble_gap_device_name_get.o
    0x00003226   0x0000008a   Code   RO         1269    .text               ble_gap_device_name_set.o
    0x000032b0   0x00000038   Code   RO         1281    .text               ble_gap_disconnect.o
    0x000032e8   0x00000064   Code   RO         1293    .text               ble_gap_evt_auth_key_request.o
    0x0000334c   0x000001e0   Code   RO         1305    .text               ble_gap_evt_auth_status.o
    0x0000352c   0x0000008e   Code   RO         1317    .text               ble_gap_evt_conn_param_update.o
    0x000035ba   0x0000008c   Code   RO         1329    .text               ble_gap_evt_conn_sec_update.o
    0x00003646   0x000000cc   Code   RO         1341    .text               ble_gap_evt_connected.o
    0x00003712   0x00000064   Code   RO         1353    .text               ble_gap_evt_disconnected.o
    0x00003776   0x0000006c   Code   RO         1365    .text               ble_gap_evt_passkey_display.o
    0x000037e2   0x00000064   Code   RO         1377    .text               ble_gap_evt_rssi_changed.o
    0x00003846   0x000000ce   Code   RO         1389    .text               ble_gap_evt_sec_info_request.o
    0x00003914   0x000000ba   Code   RO         1401    .text               ble_gap_evt_sec_params_request.o
    0x000039ce   0x00000062   Code   RO         1413    .text               ble_gap_evt_timeout.o
    0x00003a30   0x000000a4   Code   RO         1425    .text               ble_gap_ppcp_get.o
    0x00003ad4   0x0000007c   Code   RO         1437    .text               ble_gap_ppcp_set.o
    0x00003b50   0x0000009a   Code   RO         1485    .text               ble_gap_sec_info_reply.o
    0x00003bea   0x00000082   Code   RO         1497    .text               ble_gap_sec_params_reply.o
    0x00003c6c   0x00000052   Code   RO         1509    .text               ble_gap_tx_power_set.o
    0x00003cbe   0x00000064   Code   RO         1566    .text               ble_gattc_characteristics_discover.o
    0x00003d22   0x000001a2   Code   RO         1596    .text               ble_gattc_evt_char_disc_rsp.o
    0x00003ec4   0x000000a0   Code   RO         1608    .text               ble_gattc_evt_char_val_by_uuid_read_rsp.o
    0x00003f64   0x0000007e   Code   RO         1623    .text               ble_gattc_evt_char_vals_read_rsp.o
    0x00003fe2   0x000000e8   Code   RO         1635    .text               ble_gattc_evt_desc_disc_rsp.o
    0x000040ca   0x000000cc   Code   RO         1647    .text               ble_gattc_evt_hvx.o
    0x00004196   0x000000f6   Code   RO         1659    .text               ble_gattc_evt_prim_srvc_disc_rsp.o
    0x0000428c   0x000000cc   Code   RO         1671    .text               ble_gattc_evt_read_rsp.o
    0x00004358   0x00000090   Code   RO         1683    .text               ble_gattc_evt_rel_disc_rsp.o
    0x000043e8   0x00000066   Code   RO         1695    .text               ble_gattc_evt_timeout.o
    0x0000444e   0x000000da   Code   RO         1707    .text               ble_gattc_evt_write_rsp.o
    0x00004528   0x00000068   Code   RO         1737    .text               ble_gattc_primary_services_discover.o
    0x00004590   0x000000ba   Code   RO         1785    .text               ble_gattc_write.o
    0x0000464a   0x00000002   PAD
    0x0000464c   0x000000e8   Code   RO         1797    .text               ble_gatts_characteristic_add.o
    0x00004734   0x000000d0   Code   RO         1815    .text               ble_gatts_descriptor_add.o
    0x00004804   0x00000064   Code   RO         1827    .text               ble_gatts_evt_hvc.o
    0x00004868   0x00000072   Code   RO         1839    .text               ble_gatts_evt_rw_authorize_request.o
    0x000048da   0x00000050   Code   RO         1851    .text               ble_gatts_evt_sc_confirm.o
    0x0000492a   0x00000064   Code   RO         1863    .text               ble_gatts_evt_sys_attr_missing.o
    0x0000498e   0x00000064   Code   RO         1875    .text               ble_gatts_evt_timeout.o
    0x000049f2   0x0000006e   Code   RO         1887    .text               ble_gatts_evt_write.o
    0x00004a60   0x0000013c   Code   RO         1899    .text               ble_gatts_hvx.o
    0x00004b9c   0x000000be   Code   RO         1947    .text               ble_gatts_service_add.o
    0x00004c5a   0x00000106   Code   RO         1977    .text               ble_gatts_sys_attr_get.o
    0x00004d60   0x0000006c   Code   RO         1989    .text               ble_gatts_sys_attr_set.o
    0x00004dcc   0x000000ec   Code   RO         2001    .text               ble_gatts_value_get.o
    0x00004eb8   0x000000e0   Code   RO         2013    .text               ble_gatts_value_set.o
    0x00004f98   0x00000072   Code   RO         2061    .text               ble_l2cap_evt_rx.o
    0x0000500a   0x000000e4   Code   RO         2166    .text               ble_uuid_encode.o
    0x000050ee   0x00000022   Code   RO         2216    .text               power_system_off.o
    0x00005110   0x00000158   Code   RO         2269    .text               ble_gap_struct_serialization.o
    0x00005268   0x000001d2   Code   RO         2445    .text               ble_gattc_struct_serialization.o
    0x0000543a   0x00000002   PAD
    0x0000543c   0x000005f4   Code   RO         2498    .text               ble_gatts_struct_serialization.o
    0x00005a30   0x00000144   Code   RO         2582    .text               ble_struct_serialization.o
    0x00005b74   0x000002b4   Code   RO         2619    .text               ble_serialization.o
    0x00005e28   0x00000090   Code   RO         2687    .text               cond_field_serialization.o
    0x00005eb8   0x000000f0   Code   RO         2702    .text               app_mw_ble.o
    0x00005fa8   0x0000051c   Code   RO         2787    .text               app_mw_ble_gap.o
    0x000064c4   0x0000013c   Code   RO         2896    .text               app_mw_ble_gattc.o
    0x00006600   0x0000039c   Code   RO         2975    .text               app_mw_ble_gatts.o
    0x0000699c   0x0000005c   Code   RO         3076    .text               app_mw_nrf_soc.o
    0x000069f8   0x00000100   Code   RO         3113    .text               ser_softdevice_handler.o
    0x00006af8   0x0000012c   Code   RO         3167    .text               ser_sd_transport.o
    0x00006c24   0x000002d0   Code   RO         3212    .text               ser_hal_transport.o
    0x00006ef4   0x000000da   Code   RO         3248    .text               app_mailbox.o
    0x00006fce   0x00000002   PAD
    0x00006fd0   0x0000001c   Code   RO         3278    .text               nrf_delay.o
    0x00006fec   0x000000a0   Code   RO         3302    .text               ble_flash.o
    0x0000708c   0x00000128   Code   RO         3360    .text               ser_app_hal_nrf51.o
    0x000071b4   0x00000490   Code   RO         3418    .text               pstorage.o
    0x00007644   0x000003e4   Code   RO         3447    .text               app_gpiote_fast_detect.o
    0x00007a28   0x00000020   Code   RO         3494    .text               ser_app_power_system_off.o
    0x00007a48   0x000004b8   Code   RO         3516    .text               ser_phy_nrf51_spi_master.o
    0x00007f00   0x00000498   Code   RO         3565    .text               spi_master.o
    0x00008398   0x00000038   Code   RO         3611    .text               arm_startup_nrf51.o
    0x000083d0   0x00000098   Code   RO         3618    .text               system_nrf51.o
    0x00008468   0x0000002c   Code   RO         3650    .text               mc_p.l(uidiv.o)
    0x00008494   0x00000028   Code   RO         3652    .text               mc_p.l(idiv.o)
    0x000084bc   0x00000024   Code   RO         3654    .text               mc_p.l(memcpya.o)
    0x000084e0   0x00000024   Code   RO         3656    .text               mc_p.l(memseta.o)
    0x00008504   0x0000001a   Code   RO         3662    .text               mc_p.l(memcmp.o)
    0x0000851e   0x00000014   Code   RO         3666    .text               mc_p.l(uread4.o)
    0x00008532   0x00000002   PAD
    0x00008534   0x00000024   Code   RO         3682    .text               mc_p.l(init.o)
    0x00008558   0x00000056   Code   RO         3692    .text               mc_p.l(__dczerorl2.o)
    0x000085ae   0x0000001a   Code   RO         1042    i.__ARM_common_switch8  ble_event.o
    0x000085c8   0x0000000e   Code   RO         3686    i.__scatterload_copy  mc_p.l(handlers.o)
    0x000085d6   0x00000002   Code   RO         3687    i.__scatterload_null  mc_p.l(handlers.o)
    0x000085d8   0x0000000e   Code   RO         3688    i.__scatterload_zeroinit  mc_p.l(handlers.o)
    0x000085e6   0x00000002   PAD
    0x000085e8   0x00000020   Code   RO         3596    i.spi_master_evt_handler_reg  spi_master.o
    0x00008608   0x0000000c   Data   RO            5    .constdata          main.o
    0x00008614   0x00000030   Data   RO          709    .constdata          device_manager_peripheral.o
    0x00008644   0x0000000c   Data   RO         3116    .constdata          ser_softdevice_handler.o
    0x00008650   0x0000001c   Data   RO         3519    .constdata          ser_phy_nrf51_spi_master.o
    0x0000866c   0x00000004   Data   RO         3568    .constdata          spi_master.o
    0x00008670   0x00000045   Data   RO          711    .conststring        device_manager_peripheral.o
    0x000086b5   0x00000003   PAD
    0x000086b8   0x00000054   Data   RO         2716    .conststring        app_mw_ble.o
    0x0000870c   0x00000058   Data   RO         2804    .conststring        app_mw_ble_gap.o
    0x00008764   0x0000005a   Data   RO         2909    .conststring        app_mw_ble_gattc.o
    0x000087be   0x00000002   PAD
    0x000087c0   0x0000005a   Data   RO         2983    .conststring        app_mw_ble_gatts.o
    0x0000881a   0x00000002   PAD
    0x0000881c   0x00000058   Data   RO         3079    .conststring        app_mw_nrf_soc.o
    0x00008874   0x00000053   Data   RO         3117    .conststring        ser_softdevice_handler.o
    0x000088c7   0x00000001   PAD
    0x000088c8   0x0000004d   Data   RO         3171    .conststring        ser_sd_transport.o
    0x00008915   0x00000003   PAD
    0x00008918   0x00000049   Data   RO         3215    .conststring        ser_hal_transport.o
    0x00008961   0x00000003   PAD
    0x00008964   0x0000004f   Data   RO         3520    .conststring        ser_phy_nrf51_spi_master.o
    0x000089b3   0x00000001   PAD
    0x000089b4   0x0000002e   Data   RO         3569    .conststring        spi_master.o
    0x000089e2   0x00000002   PAD
    0x000089e4   0x00000020   Data   RO         3684    Region$$Table       anon$$obj.o


    Execution Region RW_IRAM1 (Base: 0x20000000, Size: 0x00001470, Max: 0x00004000, ABSOLUTE, COMPRESSED[0x00000018])

    Base Addr    Size         Type   Attr      Idx    E Section Name        Object

    0x20000000   0x00000028   Data   RW            6    .data               main.o
    0x20000028   0x00000004   Data   RW          284    .data               ble_ias_c.o
    0x2000002c   0x00000024   Data   RW          401    .data               app_timer.o
    0x20000050   0x0000001c   Data   RW          476    .data               app_button.o
    0x2000006c   0x00000014   Data   RW          525    .data               softdevice_handler.o
    0x20000080   0x00000018   Data   RW          712    .data               device_manager_peripheral.o
    0x20000098   0x00000018   Data   RW          877    .data               ble_conn_params.o
    0x200000b0   0x00000004   Data   RW          981    .data               app_util_platform.o
    0x200000b4   0x0000000c   Data   RW         2717    .data               app_mw_ble.o
    0x200000c0   0x0000000c   Data   RW         2805    .data               app_mw_ble_gap.o
    0x200000cc   0x00000004   Data   RW         3118    .data               ser_softdevice_handler.o
    0x200000d0   0x00000020   Data   RW         3172    .data               ser_sd_transport.o
    0x200000f0   0x00000008   Data   RW         3216    .data               ser_hal_transport.o
    0x200000f8   0x00000001   Data   RW         3308    .data               ble_flash.o
    0x200000f9   0x00000003   PAD
    0x200000fc   0x00000004   Data   RW         3364    .data               ser_app_hal_nrf51.o
    0x20000100   0x0000000c   Data   RW         3420    .data               pstorage.o
    0x2000010c   0x00000010   Data   RW         3452    .data               app_gpiote_fast_detect.o
    0x2000011c   0x00000001   Data   RW         3495    .data               ser_app_power_system_off.o
    0x2000011d   0x00000003   PAD
    0x20000120   0x00000028   Data   RW         3521    .data               ser_phy_nrf51_spi_master.o
    0x20000148   0x00000004   Data   RW         3619    .data               system_nrf51.o
    0x2000014c   0x00000400   Zero   RW            4    .bss                main.o
    0x2000054c   0x00000108   Zero   RW          708    .bss                device_manager_peripheral.o
    0x20000654   0x0000001c   Zero   RW          876    .bss                ble_conn_params.o
    0x20000670   0x0000000c   Zero   RW         2715    .bss                app_mw_ble.o
    0x2000067c   0x0000000c   Zero   RW         2982    .bss                app_mw_ble_gatts.o
    0x20000688   0x0000019c   Zero   RW         3115    .bss                ser_softdevice_handler.o
    0x20000824   0x00000300   Zero   RW         3214    .bss                ser_hal_transport.o
    0x20000b24   0x00000010   Zero   RW         3419    .bss                pstorage.o
    0x20000b34   0x00000010   Zero   RW         3451    .bss                app_gpiote_fast_detect.o
    0x20000b44   0x000000ff   Zero   RW         3518    .bss                ser_phy_nrf51_spi_master.o
    0x20000c43   0x00000001   PAD
    0x20000c44   0x00000028   Zero   RW         3567    .bss                spi_master.o
    0x20000c6c   0x00000004   PAD
    0x20000c70   0x00000800   Zero   RW         3608    STACK               arm_startup_nrf51.o

