<html>
<body>
<pre>
<h1>µVision Build Log</h1>
<h2>Tool Versions:</h2>
IDE-Version: µVision V5.14.0.0
Copyright (C) 2015 ARM Ltd and ARM Germany GmbH. All rights reserved.
License Information: Taylor Nesheim, Student, LIC=----
 
Tool Versions:
Toolchain:       MDK-Lite  Version: 5.14.0.0
Toolchain Path:  C:\Keil_v5\ARM\ARMCC\Bin
C Compiler:      Armcc.exe V5.05 update 1 (build 106)
Assembler:       Armasm.exe V5.05 update 1 (build 106)
Linker/Locator:  ArmLink.exe V5.05 update 1 (build 106)
Library Manager: ArmAr.exe V5.05 update 1 (build 106)
Hex Converter:   FromElf.exe V5.05 update 1 (build 106)
CPU DLL:         SARMCM3.DLL V5.14.0.0
Dialog DLL:      DARMCM1.DLL V1.12.0.0
Target DLL:      Segger\JL2CM3.dll V2.99.13.0
Dialog DLL:      TARMCM1.DLL V1.9.0.0
 
<h2>Project:</h2>
C:\Keil_v5\ARM\Device\Nordic\nrf51822\Board\pca10001\s110\ble_app_proximity\arm\ble_app_proximity_serialization.uvprojx
Project File Date:  08/29/2014

<h2>Output:</h2>
Build target 'nrf51822_xxab_s110_spi (128K)'
Clean started - Project: 'ble_app_proximity_serialization'
   deleting intermediate output files for target 'nrf51822_xxab_s110_spi (128K)'
compiling main.c...
compiling ble_bas.c...
compiling ble_ias.c...
compiling ble_ias_c.c...
compiling ble_lls.c...
compiling ble_tps.c...
compiling ble_advdata.c...
compiling app_timer.c...
compiling app_button.c...
compiling softdevice_handler.c...
compiling ble_sensorsim.c...
compiling ble_debug_assert_handler.c...
compiling app_trace.c...
compiling device_manager_peripheral.c...
compiling simple_uart.c...
compiling ble_conn_params.c...
compiling crc16.c...
compiling ble_error_log.c...
compiling ble_srv_common.c...
compiling app_util_platform.c...
compiling ble_enable.c...
compiling ble_event.c...
compiling ble_evt_tx_complete.c...
compiling ble_gap_address_get.c...
compiling ble_gap_address_set.c...
compiling ble_gap_adv_data_set.c...
compiling ble_gap_adv_start.c...
compiling ble_gap_adv_stop.c...
compiling ble_gap_appearance_get.c...
compiling ble_gap_appearance_set.c...
compiling ble_gap_auth_key_reply.c...
compiling ble_gap_authenticate.c...
compiling ble_gap_conn_param_update.c...
compiling ble_gap_conn_sec_get.c...
compiling ble_gap_device_name_get.c...
compiling ble_gap_device_name_set.c...
compiling ble_gap_disconnect.c...
compiling ble_gap_evt_auth_key_request.c...
compiling ble_gap_evt_auth_status.c...
compiling ble_gap_evt_conn_param_update.c...
compiling ble_gap_evt_conn_sec_update.c...
compiling ble_gap_evt_connected.c...
compiling ble_gap_evt_disconnected.c...
compiling ble_gap_evt_passkey_display.c...
compiling ble_gap_evt_rssi_changed.c...
compiling ble_gap_evt_sec_info_request.c...
compiling ble_gap_evt_sec_params_request.c...
compiling ble_gap_evt_timeout.c...
compiling ble_gap_ppcp_get.c...
compiling ble_gap_ppcp_set.c...
compiling ble_gap_rssi_start.c...
compiling ble_gap_rssi_stop.c...
compiling ble_gap_sec_info_reply.c...
compiling ble_gap_sec_params_reply.c...
compiling ble_gap_tx_power_set.c...
compiling ble_gattc_char_value_by_uuid_read.c...
compiling ble_gattc_char_values_read.c...
compiling ble_gattc_characteristics_discover.c...
compiling ble_gattc_descriptors_discover.c...
compiling ble_gattc_evt_char_disc_rsp.c...
compiling ble_gattc_evt_char_val_by_uuid_read_rsp.c...
compiling ble_gattc_evt_char_vals_read_rsp.c...
compiling ble_gattc_evt_desc_disc_rsp.c...
compiling ble_gattc_evt_hvx.c...
compiling ble_gattc_evt_prim_srvc_disc_rsp.c...
compiling ble_gattc_evt_read_rsp.c...
compiling ble_gattc_evt_rel_disc_rsp.c...
compiling ble_gattc_evt_timeout.c...
compiling ble_gattc_evt_write_rsp.c...
compiling ble_gattc_hv_confirm.c...
compiling ble_gattc_primary_services_discover.c...
compiling ble_gattc_read.c...
compiling ble_gattc_relationships_discover.c...
compiling ble_gattc_write.c...
compiling ble_gatts_characteristic_add.c...
compiling ble_gatts_descriptor_add.c...
compiling ble_gatts_evt_hvc.c...
compiling ble_gatts_evt_rw_authorize_request.c...
compiling ble_gatts_evt_sc_confirm.c...
compiling ble_gatts_evt_sys_attr_missing.c...
compiling ble_gatts_evt_timeout.c...
compiling ble_gatts_evt_write.c...
compiling ble_gatts_hvx.c...
compiling ble_gatts_include_add.c...
compiling ble_gatts_rw_authorize_reply.c...
compiling ble_gatts_service_add.c...
compiling ble_gatts_service_changed.c...
compiling ble_gatts_sys_attr_get.c...
compiling ble_gatts_sys_attr_set.c...
compiling ble_gatts_value_get.c...
compiling ble_gatts_value_set.c...
compiling ble_l2cap_cid_register.c...
compiling ble_l2cap_cid_unregister.c...
compiling ble_l2cap_evt_rx.c...
compiling ble_l2cap_tx.c...
compiling ble_opt_get.c...
compiling ble_opt_set.c...
compiling ble_tx_buffer_count_get.c...
compiling ble_uuid_decode.c...
compiling ble_uuid_encode.c...
compiling ble_uuid_vs_add.c...
compiling ble_version_get.c...
compiling power_system_off.c...
compiling temp_get.c...
compiling ble_gap_struct_serialization.c...
compiling ble_gattc_struct_serialization.c...
compiling ble_gatts_struct_serialization.c...
compiling ble_struct_serialization.c...
compiling ble_serialization.c...
compiling cond_field_serialization.c...
compiling app_mw_ble.c...
compiling app_mw_ble_gap.c...
compiling app_mw_ble_gattc.c...
compiling app_mw_ble_gatts.c...
compiling app_mw_ble_l2cap.c...
compiling app_mw_nrf_soc.c...
compiling ser_softdevice_handler.c...
compiling ser_sd_transport.c...
compiling ser_hal_transport.c...
compiling app_mailbox.c...
compiling nrf_delay.c...
compiling ble_flash.c...
compiling ser_app_hal_nrf51.c...
compiling pstorage.c...
compiling app_gpiote_fast_detect.c...
compiling ser_app_power_system_off.c...
compiling ser_phy_nrf51_spi_master.c...
compiling spi_master.c...
assembling arm_startup_nrf51.s...
compiling system_nrf51.c...
linking...
Program Size: Code=45820 RO-data=1212 RW-data=336 ZI-data=4896  
".\_build_serialization\ble_app_proximity_serialization.axf" - 0 Error(s), 0 Warning(s).

*** Performing Cross-Module-Optimization:
compiling main.c...
compiling ble_ias.c...
compiling ble_tps.c...
compiling app_timer.c...
compiling app_button.c...
compiling softdevice_handler.c...
compiling ble_sensorsim.c...
compiling ble_debug_assert_handler.c...
compiling app_trace.c...
compiling device_manager_peripheral.c...
compiling simple_uart.c...
compiling ble_conn_params.c...
compiling crc16.c...
compiling ble_error_log.c...
compiling ble_srv_common.c...
compiling app_util_platform.c...
compiling ble_gap_address_get.c...
compiling ble_gap_address_set.c...
compiling ble_gap_adv_stop.c...
compiling ble_gap_auth_key_reply.c...
compiling ble_gap_authenticate.c...
compiling ble_gap_conn_sec_get.c...
compiling ble_gap_rssi_start.c...
compiling ble_gap_rssi_stop.c...
compiling ble_gattc_char_value_by_uuid_read.c...
compiling ble_gattc_char_values_read.c...
compiling ble_gattc_descriptors_discover.c...
compiling ble_gattc_hv_confirm.c...
compiling ble_gattc_read.c...
compiling ble_gattc_relationships_discover.c...
compiling ble_gatts_include_add.c...
compiling ble_gatts_rw_authorize_reply.c...
compiling ble_gatts_service_changed.c...
compiling ble_l2cap_cid_register.c...
compiling ble_l2cap_cid_unregister.c...
compiling ble_l2cap_tx.c...
compiling ble_opt_get.c...
compiling ble_opt_set.c...
compiling ble_tx_buffer_count_get.c...
compiling ble_uuid_decode.c...
compiling ble_uuid_vs_add.c...
compiling ble_version_get.c...
compiling power_system_off.c...
compiling temp_get.c...
compiling ble_gap_struct_serialization.c...
compiling ble_gattc_struct_serialization.c...
compiling ble_gatts_struct_serialization.c...
compiling ble_struct_serialization.c...
compiling ble_serialization.c...
compiling app_mw_ble.c...
compiling app_mw_ble_gap.c...
compiling app_mw_ble_gattc.c...
compiling app_mw_ble_gatts.c...
compiling app_mw_ble_l2cap.c...
compiling app_mw_nrf_soc.c...
compiling ser_softdevice_handler.c...
compiling ser_sd_transport.c...
compiling ser_hal_transport.c...
compiling app_mailbox.c...
compiling nrf_delay.c...
compiling ble_flash.c...
compiling ser_app_hal_nrf51.c...
compiling pstorage.c...
compiling app_gpiote_fast_detect.c...
compiling ser_app_power_system_off.c...
compiling ser_phy_nrf51_spi_master.c...
compiling spi_master.c...
compiling system_nrf51.c...
linking...
.\_build_serialization\ble_app_proximity_serialization.axf: error: L6050U: The code size of this image (34120 bytes) exceeds the maximum allowed for this version of the linker.
Finished: 0 information, 0 warning, 0 error and 1 fatal error messages.
".\_build_serialization\ble_app_proximity_serialization.axf" - 1 Error(s), 0 Warning(s).
*** Completed Cross-Module-Optimization after 2 iteration(s).

<h2>Software Packages used:</h2>

Package Vendor: ARM
                http://www.keil.com/pack/ARM.CMSIS.4.2.0.pack
                ARM::CMSIS:CORE:3.40.0
                CMSIS (Cortex Microcontroller Software Interface Standard)
   * Component: CORE Version: 3.40.0

Package Vendor: NordicSemiconductor
                http://www.keil.com/pack/NordicSemiconductor.nRF_DeviceFamilyPack.1.1.1.pack
                NordicSemiconductor::Device:Startup:1.0.0
                Nordic Semiconductor nRF ARM devices Device Family Pack.
   * Component: Startup Version: 1.0.0

<h2>Collection of Component include folders:</h2>
  C:\Keil_v5\ARM\Device\Nordic\nrf51822\Board\pca10001\s110\ble_app_proximity\arm\RTE
  C:\Keil_v5\ARM\PACK\ARM\CMSIS\4.2.0\CMSIS\Include
  C:\Keil_v5\ARM\PACK\NordicSemiconductor\nRF_DeviceFamilyPack\1.1.1\Device\Include

<h2>Collection of Component Files used:</h2>

   * Component: ARM::CMSIS:CORE:3.40.0
      Source file:   CMSIS\UserCodeTemplates\ARM\ITM_Retarget.c

   * Component: NordicSemiconductor::Device:Startup:1.0.0
      Source file:   Device\Source\arm\arm_startup_nrf51.s
      Source file:   Device\Source\system_nrf51.c
      Include file:  Device\Include\system_nrf51.h
Target not created.
</pre>
</body>
</html>
